Archive member included to satisfy reference by file (symbol)

C:/ST/STM32CubeIDE_1.13.1/STM32CubeIDE/plugins/com.st.stm32cube.ide.mcu.externaltools.gnu-tools-for-stm32.11.3.rel1.win32_1.1.0.202305231506/tools/bin/../lib/gcc/arm-none-eabi/11.3.1/../../../../arm-none-eabi/lib/thumb/v7-m/nofp\libc_nano.a(libc_a-exit.o)
                              C:/ST/STM32CubeIDE_1.13.1/STM32CubeIDE/plugins/com.st.stm32cube.ide.mcu.externaltools.gnu-tools-for-stm32.11.3.rel1.win32_1.1.0.202305231506/tools/bin/../lib/gcc/arm-none-eabi/11.3.1/../../../../arm-none-eabi/lib/thumb/v7-m/nofp/crt0.o (exit)
C:/ST/STM32CubeIDE_1.13.1/STM32CubeIDE/plugins/com.st.stm32cube.ide.mcu.externaltools.gnu-tools-for-stm32.11.3.rel1.win32_1.1.0.202305231506/tools/bin/../lib/gcc/arm-none-eabi/11.3.1/../../../../arm-none-eabi/lib/thumb/v7-m/nofp\libc_nano.a(libc_a-findfp.o)
                              C:/ST/STM32CubeIDE_1.13.1/STM32CubeIDE/plugins/com.st.stm32cube.ide.mcu.externaltools.gnu-tools-for-stm32.11.3.rel1.win32_1.1.0.202305231506/tools/bin/../lib/gcc/arm-none-eabi/11.3.1/../../../../arm-none-eabi/lib/thumb/v7-m/nofp\libc_nano.a(libc_a-exit.o) (__stdio_exit_handler)
C:/ST/STM32CubeIDE_1.13.1/STM32CubeIDE/plugins/com.st.stm32cube.ide.mcu.externaltools.gnu-tools-for-stm32.11.3.rel1.win32_1.1.0.202305231506/tools/bin/../lib/gcc/arm-none-eabi/11.3.1/../../../../arm-none-eabi/lib/thumb/v7-m/nofp\libc_nano.a(libc_a-fwalk.o)
                              C:/ST/STM32CubeIDE_1.13.1/STM32CubeIDE/plugins/com.st.stm32cube.ide.mcu.externaltools.gnu-tools-for-stm32.11.3.rel1.win32_1.1.0.202305231506/tools/bin/../lib/gcc/arm-none-eabi/11.3.1/../../../../arm-none-eabi/lib/thumb/v7-m/nofp\libc_nano.a(libc_a-findfp.o) (_fwalk_sglue)
C:/ST/STM32CubeIDE_1.13.1/STM32CubeIDE/plugins/com.st.stm32cube.ide.mcu.externaltools.gnu-tools-for-stm32.11.3.rel1.win32_1.1.0.202305231506/tools/bin/../lib/gcc/arm-none-eabi/11.3.1/../../../../arm-none-eabi/lib/thumb/v7-m/nofp\libc_nano.a(libc_a-sprintf.o)
                              ./Core/Src/UserInterface.o (sprintf)
C:/ST/STM32CubeIDE_1.13.1/STM32CubeIDE/plugins/com.st.stm32cube.ide.mcu.externaltools.gnu-tools-for-stm32.11.3.rel1.win32_1.1.0.202305231506/tools/bin/../lib/gcc/arm-none-eabi/11.3.1/../../../../arm-none-eabi/lib/thumb/v7-m/nofp\libc_nano.a(libc_a-stdio.o)
                              C:/ST/STM32CubeIDE_1.13.1/STM32CubeIDE/plugins/com.st.stm32cube.ide.mcu.externaltools.gnu-tools-for-stm32.11.3.rel1.win32_1.1.0.202305231506/tools/bin/../lib/gcc/arm-none-eabi/11.3.1/../../../../arm-none-eabi/lib/thumb/v7-m/nofp\libc_nano.a(libc_a-findfp.o) (__sread)
C:/ST/STM32CubeIDE_1.13.1/STM32CubeIDE/plugins/com.st.stm32cube.ide.mcu.externaltools.gnu-tools-for-stm32.11.3.rel1.win32_1.1.0.202305231506/tools/bin/../lib/gcc/arm-none-eabi/11.3.1/../../../../arm-none-eabi/lib/thumb/v7-m/nofp\libc_nano.a(libc_a-memset.o)
                              C:/ST/STM32CubeIDE_1.13.1/STM32CubeIDE/plugins/com.st.stm32cube.ide.mcu.externaltools.gnu-tools-for-stm32.11.3.rel1.win32_1.1.0.202305231506/tools/bin/../lib/gcc/arm-none-eabi/11.3.1/../../../../arm-none-eabi/lib/thumb/v7-m/nofp/crt0.o (memset)
C:/ST/STM32CubeIDE_1.13.1/STM32CubeIDE/plugins/com.st.stm32cube.ide.mcu.externaltools.gnu-tools-for-stm32.11.3.rel1.win32_1.1.0.202305231506/tools/bin/../lib/gcc/arm-none-eabi/11.3.1/../../../../arm-none-eabi/lib/thumb/v7-m/nofp\libc_nano.a(libc_a-closer.o)
                              C:/ST/STM32CubeIDE_1.13.1/STM32CubeIDE/plugins/com.st.stm32cube.ide.mcu.externaltools.gnu-tools-for-stm32.11.3.rel1.win32_1.1.0.202305231506/tools/bin/../lib/gcc/arm-none-eabi/11.3.1/../../../../arm-none-eabi/lib/thumb/v7-m/nofp\libc_nano.a(libc_a-stdio.o) (_close_r)
C:/ST/STM32CubeIDE_1.13.1/STM32CubeIDE/plugins/com.st.stm32cube.ide.mcu.externaltools.gnu-tools-for-stm32.11.3.rel1.win32_1.1.0.202305231506/tools/bin/../lib/gcc/arm-none-eabi/11.3.1/../../../../arm-none-eabi/lib/thumb/v7-m/nofp\libc_nano.a(libc_a-reent.o)
                              C:/ST/STM32CubeIDE_1.13.1/STM32CubeIDE/plugins/com.st.stm32cube.ide.mcu.externaltools.gnu-tools-for-stm32.11.3.rel1.win32_1.1.0.202305231506/tools/bin/../lib/gcc/arm-none-eabi/11.3.1/../../../../arm-none-eabi/lib/thumb/v7-m/nofp\libc_nano.a(libc_a-closer.o) (errno)
C:/ST/STM32CubeIDE_1.13.1/STM32CubeIDE/plugins/com.st.stm32cube.ide.mcu.externaltools.gnu-tools-for-stm32.11.3.rel1.win32_1.1.0.202305231506/tools/bin/../lib/gcc/arm-none-eabi/11.3.1/../../../../arm-none-eabi/lib/thumb/v7-m/nofp\libc_nano.a(libc_a-impure.o)
                              C:/ST/STM32CubeIDE_1.13.1/STM32CubeIDE/plugins/com.st.stm32cube.ide.mcu.externaltools.gnu-tools-for-stm32.11.3.rel1.win32_1.1.0.202305231506/tools/bin/../lib/gcc/arm-none-eabi/11.3.1/../../../../arm-none-eabi/lib/thumb/v7-m/nofp\libc_nano.a(libc_a-sprintf.o) (_impure_ptr)
[...]
Memory Configuration

Name             Origin             Length             Attributes
RAM              0x0000000020000000 0x0000000000005000 xrw
FLASH            0x0000000008000000 0x000000000000a000 xr
*default*        0x0000000000000000 0xffffffffffffffff

Linker script and memory map

LOAD C:/ST/STM32CubeIDE_1.13.1/STM32CubeIDE/plugins/com.st.stm32cube.ide.mcu.externaltools.gnu-tools-for-stm32.11.3.rel1.win32_1.1.0.202305231506/tools/bin/../lib/gcc/arm-none-eabi/11.3.1/thumb/v7-m/nofp/crti.o
LOAD C:/ST/STM32CubeIDE_1.13.1/STM32CubeIDE/plugins/com.st.stm32cube.ide.mcu.externaltools.gnu-tools-for-stm32.11.3.rel1.win32_1.1.0.202305231506/tools/bin/../lib/gcc/arm-none-eabi/11.3.1/thumb/v7-m/nofp/crtbegin.o
LOAD C:/ST/STM32CubeIDE_1.13.1/STM32CubeIDE/plugins/com.st.stm32cube.ide.mcu.externaltools.gnu-tools-for-stm32.11.3.rel1.win32_1.1.0.202305231506/tools/bin/../lib/gcc/arm-none-eabi/11.3.1/../../../../arm-none-eabi/lib/thumb/v7-m/nofp/crt0.o
LOAD ./Core/Src/Can_Interface.o
LOAD ./Core/Src/Encrypt.o
LOAD ./Core/Src/FlashReprogram_Interface.o
LOAD ./Core/Src/FontsSSD1306.o
LOAD ./Core/Src/ReceiveUpdate.o
LOAD ./Core/Src/Rte.o
LOAD ./Core/Src/SSD1306.o
LOAD ./Core/Src/Transmit.o
LOAD ./Core/Src/UserInterface.o
LOAD ./Core/Src/aes.o
LOAD ./Core/Src/main.o
LOAD ./Core/Src/stm32f1xx_hal_msp.o
LOAD ./Core/Src/stm32f1xx_it.o
LOAD ./Core/Src/syscalls.o
LOAD ./Core/Src/sysmem.o
LOAD ./Core/Src/system_stm32f1xx.o
LOAD ./Core/Startup/startup_stm32f103c8tx.o
LOAD ./Drivers/STM32F1xx_HAL_Driver/Src/stm32f1xx_hal.o
LOAD ./Drivers/STM32F1xx_HAL_Driver/Src/stm32f1xx_hal_can.o
LOAD ./Drivers/STM32F1xx_HAL_Driver/Src/stm32f1xx_hal_cortex.o
LOAD ./Drivers/STM32F1xx_HAL_Driver/Src/stm32f1xx_hal_crc.o
LOAD ./Drivers/STM32F1xx_HAL_Driver/Src/stm32f1xx_hal_dma.o
LOAD ./Drivers/STM32F1xx_HAL_Driver/Src/stm32f1xx_hal_exti.o
LOAD ./Drivers/STM32F1xx_HAL_Driver/Src/stm32f1xx_hal_flash.o
LOAD ./Drivers/STM32F1xx_HAL_Driver/Src/stm32f1xx_hal_flash_ex.o
LOAD ./Drivers/STM32F1xx_HAL_Driver/Src/stm32f1xx_hal_gpio.o
LOAD ./Drivers/STM32F1xx_HAL_Driver/Src/stm32f1xx_hal_gpio_ex.o
LOAD ./Drivers/STM32F1xx_HAL_Driver/Src/stm32f1xx_hal_i2c.o
LOAD ./Drivers/STM32F1xx_HAL_Driver/Src/stm32f1xx_hal_iwdg.o
LOAD ./Drivers/STM32F1xx_HAL_Driver/Src/stm32f1xx_hal_pwr.o
LOAD ./Drivers/STM32F1xx_HAL_Driver/Src/stm32f1xx_hal_rcc.o
LOAD ./Drivers/STM32F1xx_HAL_Driver/Src/stm32f1xx_hal_rcc_ex.o
LOAD ./Drivers/STM32F1xx_HAL_Driver/Src/stm32f1xx_hal_tim.o
LOAD ./Drivers/STM32F1xx_HAL_Driver/Src/stm32f1xx_hal_tim_ex.o
LOAD ./Drivers/STM32F1xx_HAL_Driver/Src/stm32f1xx_hal_uart.o
START GROUP
LOAD C:/ST/STM32CubeIDE_1.13.1/STM32CubeIDE/plugins/com.st.stm32cube.ide.mcu.externaltools.gnu-tools-for-stm32.11.3.rel1.win32_1.1.0.202305231506/tools/bin/../lib/gcc/arm-none-eabi/11.3.1/../../../../arm-none-eabi/lib/thumb/v7-m/nofp\libc_nano.a
LOAD C:/ST/STM32CubeIDE_1.13.1/STM32CubeIDE/plugins/com.st.stm32cube.ide.mcu.externaltools.gnu-tools-for-stm32.11.3.rel1.win32_1.1.0.202305231506/tools/bin/../lib/gcc/arm-none-eabi/11.3.1/../../../../arm-none-eabi/lib/thumb/v7-m/nofp\libm.a
END GROUP
START GROUP
LOAD C:/ST/STM32CubeIDE_1.13.1/STM32CubeIDE/plugins/com.st.stm32cube.ide.mcu.externaltools.gnu-tools-for-stm32.11.3.rel1.win32_1.1.0.202305231506/tools/bin/../lib/gcc/arm-none-eabi/11.3.1/thumb/v7-m/nofp\libgcc.a
LOAD C:/ST/STM32CubeIDE_1.13.1/STM32CubeIDE/plugins/com.st.stm32cube.ide.mcu.externaltools.gnu-tools-for-stm32.11.3.rel1.win32_1.1.0.202305231506/tools/bin/../lib/gcc/arm-none-eabi/11.3.1/../../../../arm-none-eabi/lib/thumb/v7-m/nofp\libc_nano.a
END GROUP
START GROUP
LOAD C:/ST/STM32CubeIDE_1.13.1/STM32CubeIDE/plugins/com.st.stm32cube.ide.mcu.externaltools.gnu-tools-for-stm32.11.3.rel1.win32_1.1.0.202305231506/tools/bin/../lib/gcc/arm-none-eabi/11.3.1/thumb/v7-m/nofp\libgcc.a
LOAD C:/ST/STM32CubeIDE_1.13.1/STM32CubeIDE/plugins/com.st.stm32cube.ide.mcu.externaltools.gnu-tools-for-stm32.11.3.rel1.win32_1.1.0.202305231506/tools/bin/../lib/gcc/arm-none-eabi/11.3.1/../../../../arm-none-eabi/lib/thumb/v7-m/nofp\libc_nano.a
LOAD C:/ST/STM32CubeIDE_1.13.1/STM32CubeIDE/plugins/com.st.stm32cube.ide.mcu.externaltools.gnu-tools-for-stm32.11.3.rel1.win32_1.1.0.202305231506/tools/bin/../lib/gcc/arm-none-eabi/11.3.1/../../../../arm-none-eabi/lib/thumb/v7-m/nofp\libnosys.a
END GROUP
START GROUP
LOAD C:/ST/STM32CubeIDE_1.13.1/STM32CubeIDE/plugins/com.st.stm32cube.ide.mcu.externaltools.gnu-tools-for-stm32.11.3.rel1.win32_1.1.0.202305231506/tools/bin/../lib/gcc/arm-none-eabi/11.3.1/thumb/v7-m/nofp\libgcc.a
LOAD C:/ST/STM32CubeIDE_1.13.1/STM32CubeIDE/plugins/com.st.stm32cube.ide.mcu.externaltools.gnu-tools-for-stm32.11.3.rel1.win32_1.1.0.202305231506/tools/bin/../lib/gcc/arm-none-eabi/11.3.1/../../../../arm-none-eabi/lib/thumb/v7-m/nofp\libc_nano.a
LOAD C:/ST/STM32CubeIDE_1.13.1/STM32CubeIDE/plugins/com.st.stm32cube.ide.mcu.externaltools.gnu-tools-for-stm32.11.3.rel1.win32_1.1.0.202305231506/tools/bin/../lib/gcc/arm-none-eabi/11.3.1/../../../../arm-none-eabi/lib/thumb/v7-m/nofp\libnosys.a
END GROUP
LOAD C:/ST/STM32CubeIDE_1.13.1/STM32CubeIDE/plugins/com.st.stm32cube.ide.mcu.externaltools.gnu-tools-for-stm32.11.3.rel1.win32_1.1.0.202305231506/tools/bin/../lib/gcc/arm-none-eabi/11.3.1/thumb/v7-m/nofp/crtend.o
LOAD C:/ST/STM32CubeIDE_1.13.1/STM32CubeIDE/plugins/com.st.stm32cube.ide.mcu.externaltools.gnu-tools-for-stm32.11.3.rel1.win32_1.1.0.202305231506/tools/bin/../lib/gcc/arm-none-eabi/11.3.1/thumb/v7-m/nofp/crtn.o
                0x0000000020005000                _estack = (ORIGIN (RAM) + LENGTH (RAM))
                0x0000000000000200                _Min_Heap_Size = 0x200
                0x0000000000000400                _Min_Stack_Size = 0x400

.isr_vector     0x0000000008000000      0x10c
                0x0000000008000000                . = ALIGN (0x4)
 *(.isr_vector)
 .isr_vector    0x0000000008000000      0x10c ./Core/Startup/startup_stm32f103c8tx.o
                0x0000000008000000                g_pfnVectors
                0x000000000800010c                . = ALIGN (0x4)

.text           0x000000000800010c     0x6eec
                0x000000000800010c                . = ALIGN (0x4)
 *(.text)
 .text          0x000000000800010c       0x40 C:/ST/STM32CubeIDE_1.13.1/STM32CubeIDE/plugins/com.st.stm32cube.ide.mcu.externaltools.gnu-tools-for-stm32.11.3.rel1.win32_1.1.0.202305231506/tools/bin/../lib/gcc/arm-none-eabi/11.3.1/thumb/v7-m/nofp/crtbegin.o
 .text          0x000000000800014c      0x21c C:/ST/STM32CubeIDE_1.13.1/STM32CubeIDE/plugins/com.st.stm32cube.ide.mcu.externaltools.gnu-tools-for-stm32.11.3.rel1.win32_1.1.0.202305231506/tools/bin/../lib/gcc/arm-none-eabi/11.3.1/thumb/v7-m/nofp\libgcc.a(_arm_addsubsf3.o)
                0x000000000800014c                __aeabi_frsub
                0x0000000008000154                __subsf3
                0x0000000008000154                __aeabi_fsub
                0x0000000008000158                __aeabi_fadd
                0x0000000008000158                __addsf3
                0x00000000080002b8                __aeabi_ui2f
                0x00000000080002b8                __floatunsisf
                0x00000000080002c0                __aeabi_i2f
                0x00000000080002c0                __floatsisf
                0x00000000080002dc                __aeabi_ul2f
                0x00000000080002dc                __floatundisf
                0x00000000080002ec                __aeabi_l2f
                0x00000000080002ec                __floatdisf
 .text          0x0000000008000368      0x2a0 C:/ST/STM32CubeIDE_1.13.1/STM32CubeIDE/plugins/com.st.stm32cube.ide.mcu.externaltools.gnu-tools-for-stm32.11.3.rel1.win32_1.1.0.202305231506/tools/bin/../lib/gcc/arm-none-eabi/11.3.1/thumb/v7-m/nofp\libgcc.a(_arm_muldivsf3.o)
                0x0000000008000368                __mulsf3
                0x0000000008000368                __aeabi_fmul
                0x00000000080004d0                __aeabi_fdiv
                0x00000000080004d0                __divsf3
 .text          0x0000000008000608       0x40 C:/ST/STM32CubeIDE_1.13.1/STM32CubeIDE/plugins/com.st.stm32cube.ide.mcu.externaltools.gnu-tools-for-stm32.11.3.rel1.win32_1.1.0.202305231506/tools/bin/../lib/gcc/arm-none-eabi/11.3.1/thumb/v7-m/nofp\libgcc.a(_arm_fixunssfsi.o)
                0x0000000008000608                __fixunssfsi
                0x0000000008000608                __aeabi_f2uiz
 *(.text*)
 .text.CAN_IF_Transmit_UDS_Request
                0x0000000008000648       0x64 ./Core/Src/Can_Interface.o
                0x0000000008000648                CAN_IF_Transmit_UDS_Request
 .text.CAN_IF_Trasmit_Data_Frame
                0x00000000080006ac       0x8c ./Core/Src/Can_Interface.o
                0x00000000080006ac                CAN_IF_Trasmit_Data_Frame
 .text.CAN_IF_Receive_UDS_Respond
                0x0000000008000738       0x44 ./Core/Src/Can_Interface.o
                0x0000000008000738                CAN_IF_Receive_UDS_Respond
 .text.CAN_IF_Trasmit_Data_Buffer
                0x000000000800077c       0xb4 ./Core/Src/Can_Interface.o
                0x000000000800077c                CAN_IF_Trasmit_Data_Buffer
 .text.Encrypt_Address_Read_Init
                0x0000000008000830       0x2c ./Core/Src/Encrypt.o
                0x0000000008000830                Encrypt_Address_Read_Init
 .text.Encrypt_MainFunction
                0x000000000800085c       0xa4 ./Core/Src/Encrypt.o
                0x000000000800085c                Encrypt_MainFunction
 .text.FR_voidInitVariables
                0x0000000008000900       0x1c ./Core/Src/FlashReprogram_Interface.o
                0x0000000008000900                FR_voidInitVariables
 .text.FR_FlashBlockToAddress
                0x000000000800091c       0x7c ./Core/Src/FlashReprogram_Interface.o
                0x000000000800091c                FR_FlashBlockToAddress
 .text.FR_Erase_Image
                0x0000000008000998       0x3e ./Core/Src/FlashReprogram_Interface.o
                0x0000000008000998                FR_Erase_Image
 .text.FR_FlashHalfWordToAddress
                0x00000000080009d6       0x36 ./Core/Src/FlashReprogram_Interface.o
                0x00000000080009d6                FR_FlashHalfWordToAddress
 .text.ReceiveUpdate_InitializeModule
                0x0000000008000a0c       0x90 ./Core/Src/ReceiveUpdate.o
                0x0000000008000a0c                ReceiveUpdate_InitializeModule
 .text.ReceiveUpdate_MainFunction
                0x0000000008000a9c      0x360 ./Core/Src/ReceiveUpdate.o
                0x0000000008000a9c                ReceiveUpdate_MainFunction
 .text.HAL_UART_RxCpltCallback
                0x0000000008000dfc       0xa8 ./Core/Src/ReceiveUpdate.o
                0x0000000008000dfc                HAL_UART_RxCpltCallback
 .text.Rte_WriteNodeId
                0x0000000008000ea4       0x44 ./Core/Src/Rte.o
                0x0000000008000ea4                Rte_WriteNodeId
 .text.Rte_ReadNodeId
                0x0000000008000ee8       0x48 ./Core/Src/Rte.o
                0x0000000008000ee8                Rte_ReadNodeId
 .text.Rte_WriteCodeSize
                0x0000000008000f30       0x40 ./Core/Src/Rte.o
                0x0000000008000f30                Rte_WriteCodeSize
 .text.Rte_ReadCodeSize
                0x0000000008000f70       0x48 ./Core/Src/Rte.o
                0x0000000008000f70                Rte_ReadCodeSize
 .text.Rte_WriteHeaderAckFlag
                0x0000000008000fb8       0x44 ./Core/Src/Rte.o
                0x0000000008000fb8                Rte_WriteHeaderAckFlag
 .text.Rte_ReadHeaderAckFlag
                0x0000000008000ffc       0x48 ./Core/Src/Rte.o
                0x0000000008000ffc                Rte_ReadHeaderAckFlag
 .text.Rte_WriteEncryptedDataBuffer
                0x0000000008001044       0x48 ./Core/Src/Rte.o
                0x0000000008001044                Rte_WriteEncryptedDataBuffer
 .text.Rte_ReadEncryptedDataBuffer
                0x000000000800108c       0x48 ./Core/Src/Rte.o
                0x000000000800108c                Rte_ReadEncryptedDataBuffer
 .text.Rte_WriteEncryptedDataBufferFlag
                0x00000000080010d4       0x44 ./Core/Src/Rte.o
                0x00000000080010d4                Rte_WriteEncryptedDataBufferFlag
 .text.Rte_ReadEncryptedDataBufferFlag
                0x0000000008001118       0x48 ./Core/Src/Rte.o
                0x0000000008001118                Rte_ReadEncryptedDataBufferFlag
 .text.Rte_WriteSystemState
                0x0000000008001160       0x44 ./Core/Src/Rte.o
                0x0000000008001160                Rte_WriteSystemState
 .text.Rte_ReadSystemState
                0x00000000080011a4       0x48 ./Core/Src/Rte.o
                0x00000000080011a4                Rte_ReadSystemState
 .text.Rte_WriteUserResponse
                0x00000000080011ec       0x44 ./Core/Src/Rte.o
                0x00000000080011ec                Rte_WriteUserResponse
 .text.Rte_ReadUserResponse
                0x0000000008001230       0x48 ./Core/Src/Rte.o
                0x0000000008001230                Rte_ReadUserResponse
 .text.Rte_WriteUpdateProgress
                0x0000000008001278       0x44 ./Core/Src/Rte.o
                0x0000000008001278                Rte_WriteUpdateProgress
 .text.Rte_ReadUpdateProgress
                0x00000000080012bc       0x48 ./Core/Src/Rte.o
                0x00000000080012bc                Rte_ReadUpdateProgress
 .text.SSD1306_Init
                0x0000000008001304      0x188 ./Core/Src/SSD1306.o
                0x0000000008001304                SSD1306_Init
 .text.SSD1306_UpdateScreen
                0x000000000800148c       0x5c ./Core/Src/SSD1306.o
                0x000000000800148c                SSD1306_UpdateScreen
 .text.SSD1306_Fill
                0x00000000080014e8       0x30 ./Core/Src/SSD1306.o
                0x00000000080014e8                SSD1306_Fill
 .text.SSD1306_DrawPixel
                0x0000000008001518       0xbc ./Core/Src/SSD1306.o
                0x0000000008001518                SSD1306_DrawPixel
 .text.SSD1306_GotoXY
                0x00000000080015d4       0x2c ./Core/Src/SSD1306.o
                0x00000000080015d4                SSD1306_GotoXY
 .text.SSD1306_Putc
                0x0000000008001600      0x100 ./Core/Src/SSD1306.o
                0x0000000008001600                SSD1306_Putc
 .text.SSD1306_Puts
                0x0000000008001700       0x4a ./Core/Src/SSD1306.o
                0x0000000008001700                SSD1306_Puts
 .text.SSD1306_Clear
                0x000000000800174a       0x12 ./Core/Src/SSD1306.o
                0x000000000800174a                SSD1306_Clear
 .text.ssd1306_I2C_Init
                0x000000000800175c       0x28 ./Core/Src/SSD1306.o
                0x000000000800175c                ssd1306_I2C_Init
 .text.ssd1306_I2C_WriteMulti
                0x0000000008001784       0xcc ./Core/Src/SSD1306.o
                0x0000000008001784                ssd1306_I2C_WriteMulti
 .text.ssd1306_I2C_Write
                0x0000000008001850       0x3c ./Core/Src/SSD1306.o
                0x0000000008001850                ssd1306_I2C_Write
 .text.Transmit_InitializeModule
                0x000000000800188c       0x8c ./Core/Src/Transmit.o
                0x000000000800188c                Transmit_InitializeModule
 .text.Transmit_MainFunction
                0x0000000008001918       0x34 ./Core/Src/Transmit.o
                0x0000000008001918                Transmit_MainFunction
 .text.Transmit_IdleState
                0x000000000800194c       0x4c ./Core/Src/Transmit.o
 .text.Transmit_GetTransmitHeader
                0x0000000008001998       0xc0 ./Core/Src/Transmit.o
 .text.Transmit_ConsumeTransmitData
                0x0000000008001a58      0x180 ./Core/Src/Transmit.o
 .text.Transmit_FinishingState
                0x0000000008001bd8       0x80 ./Core/Src/Transmit.o
 .text.Transmit_ConsumeHeader
                0x0000000008001c58       0x50 ./Core/Src/Transmit.o
 .text.Transmit_HandleHeader
                0x0000000008001ca8       0x72 ./Core/Src/Transmit.o
 *fill*         0x0000000008001d1a        0x2 
 .text.Transmit_SaveHeader
                0x0000000008001d1c       0x30 ./Core/Src/Transmit.o
 .text.UserInterface_InitializeModule
                0x0000000008001d4c       0x30 ./Core/Src/UserInterface.o
                0x0000000008001d4c                UserInterface_InitializeModule
 .text.UserInterface_MainFunction
                0x0000000008001d7c      0x188 ./Core/Src/UserInterface.o
                0x0000000008001d7c                UserInterface_MainFunction
 .text.Interface_IdleScreen
                0x0000000008001f04       0x40 ./Core/Src/UserInterface.o
 .text.Interface_GetResponseScreen
                0x0000000008001f44      0x158 ./Core/Src/UserInterface.o
 .text.Interface_DownloadingScreen
                0x000000000800209c       0x68 ./Core/Src/UserInterface.o
 .text.Interface_UpdateDownloadingScreen
                0x0000000008002104       0x58 ./Core/Src/UserInterface.o
 .text.Interface_DoneScreen
                0x000000000800215c       0x54 ./Core/Src/UserInterface.o
 .text.Interface_InstallScreen
                0x00000000080021b0       0x54 ./Core/Src/UserInterface.o
 .text.Interface_CleanScrean
                0x0000000008002204       0x10 ./Core/Src/UserInterface.o
 .text.Interface_ProcessButton
                0x0000000008002214       0xec ./Core/Src/UserInterface.o
 .text.KeyExpansion
                0x0000000008002300      0x1a0 ./Core/Src/aes.o
 .text.AES_init_ctx_iv
                0x00000000080024a0       0x2c ./Core/Src/aes.o
                0x00000000080024a0                AES_init_ctx_iv
 .text.AddRoundKey
                0x00000000080024cc       0x76 ./Core/Src/aes.o
 *fill*         0x0000000008002542        0x2 
 .text.SubBytes
                0x0000000008002544       0x60 ./Core/Src/aes.o
 .text.ShiftRows
                0x00000000080025a4       0x82 ./Core/Src/aes.o
 .text.xtime    0x0000000008002626       0x3a ./Core/Src/aes.o
 .text.MixColumns
                0x0000000008002660      0x16a ./Core/Src/aes.o
 .text.Cipher   0x00000000080027ca       0x5c ./Core/Src/aes.o
 .text.XorWithIv
                0x0000000008002826       0x44 ./Core/Src/aes.o
 .text.AES_CBC_encrypt_buffer
                0x000000000800286a       0x58 ./Core/Src/aes.o
                0x000000000800286a                AES_CBC_encrypt_buffer
 *fill*         0x00000000080028c2        0x2 
 .text.main     0x00000000080028c4       0x70 ./Core/Src/main.o
                0x00000000080028c4                main
 .text.SystemClock_Config
                0x0000000008002934       0x8e ./Core/Src/main.o
                0x0000000008002934                SystemClock_Config
 *fill*         0x00000000080029c2        0x2 
 .text.MX_CAN_Init
                0x00000000080029c4       0xb8 ./Core/Src/main.o
 .text.MX_CRC_Init
                0x0000000008002a7c       0x28 ./Core/Src/main.o
 .text.MX_I2C1_Init
                0x0000000008002aa4       0x5c ./Core/Src/main.o
 .text.MX_USART1_UART_Init
                0x0000000008002b00       0x54 ./Core/Src/main.o
 .text.MX_GPIO_Init
                0x0000000008002b54       0xcc ./Core/Src/main.o
 .text.Error_Handler
                0x0000000008002c20        0xa ./Core/Src/main.o
                0x0000000008002c20                Error_Handler
 *fill*         0x0000000008002c2a        0x2 
 .text.HAL_MspInit
                0x0000000008002c2c       0x64 ./Core/Src/stm32f1xx_hal_msp.o
                0x0000000008002c2c                HAL_MspInit
 .text.HAL_CAN_MspInit
                0x0000000008002c90       0x98 ./Core/Src/stm32f1xx_hal_msp.o
                0x0000000008002c90                HAL_CAN_MspInit
 .text.HAL_CRC_MspInit
                0x0000000008002d28       0x3c ./Core/Src/stm32f1xx_hal_msp.o
                0x0000000008002d28                HAL_CRC_MspInit
 .text.HAL_I2C_MspInit
                0x0000000008002d64       0x7c ./Core/Src/stm32f1xx_hal_msp.o
                0x0000000008002d64                HAL_I2C_MspInit
 .text.HAL_UART_MspInit
                0x0000000008002de0       0xa8 ./Core/Src/stm32f1xx_hal_msp.o
                0x0000000008002de0                HAL_UART_MspInit
 .text.NMI_Handler
                0x0000000008002e88        0x6 ./Core/Src/stm32f1xx_it.o
                0x0000000008002e88                NMI_Handler
 .text.HardFault_Handler
                0x0000000008002e8e        0x6 ./Core/Src/stm32f1xx_it.o
                0x0000000008002e8e                HardFault_Handler
 .text.MemManage_Handler
                0x0000000008002e94        0x6 ./Core/Src/stm32f1xx_it.o
                0x0000000008002e94                MemManage_Handler
 .text.BusFault_Handler
                0x0000000008002e9a        0x6 ./Core/Src/stm32f1xx_it.o
                0x0000000008002e9a                BusFault_Handler
 .text.UsageFault_Handler
                0x0000000008002ea0        0x6 ./Core/Src/stm32f1xx_it.o
                0x0000000008002ea0                UsageFault_Handler
 .text.SVC_Handler
                0x0000000008002ea6        0xc ./Core/Src/stm32f1xx_it.o
                0x0000000008002ea6                SVC_Handler
 .text.DebugMon_Handler
                0x0000000008002eb2        0xc ./Core/Src/stm32f1xx_it.o
                0x0000000008002eb2                DebugMon_Handler
 .text.PendSV_Handler
                0x0000000008002ebe        0xc ./Core/Src/stm32f1xx_it.o
                0x0000000008002ebe                PendSV_Handler
 .text.SysTick_Handler
                0x0000000008002eca        0xc ./Core/Src/stm32f1xx_it.o
                0x0000000008002eca                SysTick_Handler
 *fill*         0x0000000008002ed6        0x2 
 .text.USART1_IRQHandler
                0x0000000008002ed8       0x14 ./Core/Src/stm32f1xx_it.o
                0x0000000008002ed8                USART1_IRQHandler
 .text._sbrk    0x0000000008002eec       0x6c ./Core/Src/sysmem.o
                0x0000000008002eec                _sbrk
 .text.SystemInit
                0x0000000008002f58        0xc ./Core/Src/system_stm32f1xx.o
                0x0000000008002f58                SystemInit
 .text.Reset_Handler
                0x0000000008002f64       0x48 ./Core/Startup/startup_stm32f103c8tx.o
                0x0000000008002f64                Reset_Handler
 .text.Default_Handler
                0x0000000008002fac        0x2 ./Core/Startup/startup_stm32f103c8tx.o
                0x0000000008002fac                RTC_Alarm_IRQHandler
                0x0000000008002fac                EXTI2_IRQHandler
                0x0000000008002fac                TIM1_CC_IRQHandler
                0x0000000008002fac                PVD_IRQHandler
                0x0000000008002fac                EXTI3_IRQHandler
                0x0000000008002fac                EXTI0_IRQHandler
                0x0000000008002fac                I2C2_EV_IRQHandler
                0x0000000008002fac                ADC1_2_IRQHandler
                0x0000000008002fac                SPI1_IRQHandler
                0x0000000008002fac                TAMPER_IRQHandler
                0x0000000008002fac                DMA1_Channel4_IRQHandler
                0x0000000008002fac                USART3_IRQHandler
                0x0000000008002fac                RTC_IRQHandler
                0x0000000008002fac                DMA1_Channel7_IRQHandler
                0x0000000008002fac                CAN1_RX1_IRQHandler
                0x0000000008002fac                TIM4_IRQHandler
                0x0000000008002fac                I2C1_EV_IRQHandler
                0x0000000008002fac                DMA1_Channel6_IRQHandler
                0x0000000008002fac                TIM3_IRQHandler
                0x0000000008002fac                RCC_IRQHandler
                0x0000000008002fac                TIM1_TRG_COM_IRQHandler
                0x0000000008002fac                DMA1_Channel1_IRQHandler
                0x0000000008002fac                Default_Handler
                0x0000000008002fac                EXTI15_10_IRQHandler
                0x0000000008002fac                EXTI9_5_IRQHandler
                0x0000000008002fac                SPI2_IRQHandler
                0x0000000008002fac                DMA1_Channel5_IRQHandler
                0x0000000008002fac                EXTI4_IRQHandler
                0x0000000008002fac                USB_LP_CAN1_RX0_IRQHandler
                0x0000000008002fac                USB_HP_CAN1_TX_IRQHandler
                0x0000000008002fac                DMA1_Channel3_IRQHandler
                0x0000000008002fac                TIM1_UP_IRQHandler
                0x0000000008002fac                WWDG_IRQHandler
                0x0000000008002fac                TIM2_IRQHandler
                0x0000000008002fac                TIM1_BRK_IRQHandler
                0x0000000008002fac                EXTI1_IRQHandler
                0x0000000008002fac                USART2_IRQHandler
                0x0000000008002fac                I2C2_ER_IRQHandler
                0x0000000008002fac                DMA1_Channel2_IRQHandler
                0x0000000008002fac                CAN1_SCE_IRQHandler
                0x0000000008002fac                FLASH_IRQHandler
                0x0000000008002fac                I2C1_ER_IRQHandler
                0x0000000008002fac                USBWakeUp_IRQHandler
 *fill*         0x0000000008002fae        0x2 
 .text.HAL_Init
                0x0000000008002fb0       0x2c ./Drivers/STM32F1xx_HAL_Driver/Src/stm32f1xx_hal.o
                0x0000000008002fb0                HAL_Init
 .text.HAL_InitTick
                0x0000000008002fdc       0x60 ./Drivers/STM32F1xx_HAL_Driver/Src/stm32f1xx_hal.o
                0x0000000008002fdc                HAL_InitTick
 .text.HAL_IncTick
                0x000000000800303c       0x24 ./Drivers/STM32F1xx_HAL_Driver/Src/stm32f1xx_hal.o
                0x000000000800303c                HAL_IncTick
 .text.HAL_GetTick
                0x0000000008003060       0x14 ./Drivers/STM32F1xx_HAL_Driver/Src/stm32f1xx_hal.o
                0x0000000008003060                HAL_GetTick
 .text.HAL_Delay
                0x0000000008003074       0x48 ./Drivers/STM32F1xx_HAL_Driver/Src/stm32f1xx_hal.o
                0x0000000008003074                HAL_Delay
 .text.HAL_CAN_Init
                0x00000000080030bc      0x1f6 ./Drivers/STM32F1xx_HAL_Driver/Src/stm32f1xx_hal_can.o
                0x00000000080030bc                HAL_CAN_Init
 .text.HAL_CAN_ConfigFilter
                0x00000000080032b2      0x192 ./Drivers/STM32F1xx_HAL_Driver/Src/stm32f1xx_hal_can.o
                0x00000000080032b2                HAL_CAN_ConfigFilter
 .text.HAL_CAN_Start
                0x0000000008003444       0x88 ./Drivers/STM32F1xx_HAL_Driver/Src/stm32f1xx_hal_can.o
                0x0000000008003444                HAL_CAN_Start
 .text.HAL_CAN_AddTxMessage
                0x00000000080034cc      0x19e ./Drivers/STM32F1xx_HAL_Driver/Src/stm32f1xx_hal_can.o
                0x00000000080034cc                HAL_CAN_AddTxMessage
 .text.HAL_CAN_GetRxMessage
                0x000000000800366a      0x242 ./Drivers/STM32F1xx_HAL_Driver/Src/stm32f1xx_hal_can.o
                0x000000000800366a                HAL_CAN_GetRxMessage
 .text.__NVIC_SetPriorityGrouping
                0x00000000080038ac       0x48 ./Drivers/STM32F1xx_HAL_Driver/Src/stm32f1xx_hal_cortex.o
 .text.__NVIC_GetPriorityGrouping
                0x00000000080038f4       0x1c ./Drivers/STM32F1xx_HAL_Driver/Src/stm32f1xx_hal_cortex.o
 .text.__NVIC_EnableIRQ
                0x0000000008003910       0x38 ./Drivers/STM32F1xx_HAL_Driver/Src/stm32f1xx_hal_cortex.o
 .text.__NVIC_SetPriority
                0x0000000008003948       0x54 ./Drivers/STM32F1xx_HAL_Driver/Src/stm32f1xx_hal_cortex.o
 .text.NVIC_EncodePriority
                0x000000000800399c       0x64 ./Drivers/STM32F1xx_HAL_Driver/Src/stm32f1xx_hal_cortex.o
 .text.SysTick_Config
                0x0000000008003a00       0x44 ./Drivers/STM32F1xx_HAL_Driver/Src/stm32f1xx_hal_cortex.o
 .text.HAL_NVIC_SetPriorityGrouping
                0x0000000008003a44       0x16 ./Drivers/STM32F1xx_HAL_Driver/Src/stm32f1xx_hal_cortex.o
                0x0000000008003a44                HAL_NVIC_SetPriorityGrouping
 .text.HAL_NVIC_SetPriority
                0x0000000008003a5a       0x38 ./Drivers/STM32F1xx_HAL_Driver/Src/stm32f1xx_hal_cortex.o
                0x0000000008003a5a                HAL_NVIC_SetPriority
 .text.HAL_NVIC_EnableIRQ
                0x0000000008003a92       0x1c ./Drivers/STM32F1xx_HAL_Driver/Src/stm32f1xx_hal_cortex.o
                0x0000000008003a92                HAL_NVIC_EnableIRQ
 .text.HAL_SYSTICK_Config
                0x0000000008003aae       0x18 ./Drivers/STM32F1xx_HAL_Driver/Src/stm32f1xx_hal_cortex.o
                0x0000000008003aae                HAL_SYSTICK_Config
 .text.HAL_CRC_Init
                0x0000000008003ac6       0x38 ./Drivers/STM32F1xx_HAL_Driver/Src/stm32f1xx_hal_crc.o
                0x0000000008003ac6                HAL_CRC_Init
 .text.HAL_CRC_Calculate
                0x0000000008003afe       0x64 ./Drivers/STM32F1xx_HAL_Driver/Src/stm32f1xx_hal_crc.o
                0x0000000008003afe                HAL_CRC_Calculate
 .text.HAL_DMA_Abort
                0x0000000008003b62       0x76 ./Drivers/STM32F1xx_HAL_Driver/Src/stm32f1xx_hal_dma.o
                0x0000000008003b62                HAL_DMA_Abort
 .text.HAL_DMA_Abort_IT
                0x0000000008003bd8       0xf0 ./Drivers/STM32F1xx_HAL_Driver/Src/stm32f1xx_hal_dma.o
                0x0000000008003bd8                HAL_DMA_Abort_IT
 .text.HAL_FLASH_Program
                0x0000000008003cc8       0xe0 ./Drivers/STM32F1xx_HAL_Driver/Src/stm32f1xx_hal_flash.o
                0x0000000008003cc8                HAL_FLASH_Program
 .text.HAL_FLASH_Unlock
                0x0000000008003da8       0x4c ./Drivers/STM32F1xx_HAL_Driver/Src/stm32f1xx_hal_flash.o
                0x0000000008003da8                HAL_FLASH_Unlock
 .text.HAL_FLASH_Lock
                0x0000000008003df4       0x20 ./Drivers/STM32F1xx_HAL_Driver/Src/stm32f1xx_hal_flash.o
                0x0000000008003df4                HAL_FLASH_Lock
 .text.FLASH_Program_HalfWord
                0x0000000008003e14       0x38 ./Drivers/STM32F1xx_HAL_Driver/Src/stm32f1xx_hal_flash.o
 .text.FLASH_WaitForLastOperation
                0x0000000008003e4c       0x8c ./Drivers/STM32F1xx_HAL_Driver/Src/stm32f1xx_hal_flash.o
                0x0000000008003e4c                FLASH_WaitForLastOperation
 .text.FLASH_SetErrorCode
                0x0000000008003ed8       0xa0 ./Drivers/STM32F1xx_HAL_Driver/Src/stm32f1xx_hal_flash.o
 .text.HAL_FLASHEx_Erase
                0x0000000008003f78       0xd8 ./Drivers/STM32F1xx_HAL_Driver/Src/stm32f1xx_hal_flash_ex.o
                0x0000000008003f78                HAL_FLASHEx_Erase
 .text.FLASH_MassErase
                0x0000000008004050       0x38 ./Drivers/STM32F1xx_HAL_Driver/Src/stm32f1xx_hal_flash_ex.o
 .text.FLASH_PageErase
                0x0000000008004088       0x40 ./Drivers/STM32F1xx_HAL_Driver/Src/stm32f1xx_hal_flash_ex.o
                0x0000000008004088                FLASH_PageErase
 .text.HAL_GPIO_Init
                0x00000000080040c8      0x308 ./Drivers/STM32F1xx_HAL_Driver/Src/stm32f1xx_hal_gpio.o
                0x00000000080040c8                HAL_GPIO_Init
 .text.HAL_GPIO_ReadPin
                0x00000000080043d0       0x2e ./Drivers/STM32F1xx_HAL_Driver/Src/stm32f1xx_hal_gpio.o
                0x00000000080043d0                HAL_GPIO_ReadPin
 .text.HAL_GPIO_WritePin
                0x00000000080043fe       0x30 ./Drivers/STM32F1xx_HAL_Driver/Src/stm32f1xx_hal_gpio.o
                0x00000000080043fe                HAL_GPIO_WritePin
 *fill*         0x000000000800442e        0x2 
 .text.HAL_I2C_Init
                0x0000000008004430      0x288 ./Drivers/STM32F1xx_HAL_Driver/Src/stm32f1xx_hal_i2c.o
                0x0000000008004430                HAL_I2C_Init
 .text.HAL_I2C_Master_Transmit
                0x00000000080046b8      0x1fc ./Drivers/STM32F1xx_HAL_Driver/Src/stm32f1xx_hal_i2c.o
                0x00000000080046b8                HAL_I2C_Master_Transmit
 .text.HAL_I2C_IsDeviceReady
                0x00000000080048b4      0x25c ./Drivers/STM32F1xx_HAL_Driver/Src/stm32f1xx_hal_i2c.o
                0x00000000080048b4                HAL_I2C_IsDeviceReady
 .text.I2C_MasterRequestWrite
                0x0000000008004b10      0x104 ./Drivers/STM32F1xx_HAL_Driver/Src/stm32f1xx_hal_i2c.o
 .text.I2C_WaitOnFlagUntilTimeout
                0x0000000008004c14       0xf4 ./Drivers/STM32F1xx_HAL_Driver/Src/stm32f1xx_hal_i2c.o
 .text.I2C_WaitOnMasterAddressFlagUntilTimeout
                0x0000000008004d08      0x140 ./Drivers/STM32F1xx_HAL_Driver/Src/stm32f1xx_hal_i2c.o
 .text.I2C_WaitOnTXEFlagUntilTimeout
                0x0000000008004e48       0x90 ./Drivers/STM32F1xx_HAL_Driver/Src/stm32f1xx_hal_i2c.o
 .text.I2C_WaitOnBTFFlagUntilTimeout
                0x0000000008004ed8       0x90 ./Drivers/STM32F1xx_HAL_Driver/Src/stm32f1xx_hal_i2c.o
 .text.I2C_IsAcknowledgeFailed
                0x0000000008004f68       0x5c ./Drivers/STM32F1xx_HAL_Driver/Src/stm32f1xx_hal_i2c.o
 .text.HAL_IWDG_Init
                0x0000000008004fc4       0x84 ./Drivers/STM32F1xx_HAL_Driver/Src/stm32f1xx_hal_iwdg.o
                0x0000000008004fc4                HAL_IWDG_Init
 .text.HAL_RCC_OscConfig
                0x0000000008005048      0x504 ./Drivers/STM32F1xx_HAL_Driver/Src/stm32f1xx_hal_rcc.o
                0x0000000008005048                HAL_RCC_OscConfig
 .text.HAL_RCC_ClockConfig
                0x000000000800554c      0x1d4 ./Drivers/STM32F1xx_HAL_Driver/Src/stm32f1xx_hal_rcc.o
                0x000000000800554c                HAL_RCC_ClockConfig
 .text.HAL_RCC_GetSysClockFreq
                0x0000000008005720       0xa8 ./Drivers/STM32F1xx_HAL_Driver/Src/stm32f1xx_hal_rcc.o
                0x0000000008005720                HAL_RCC_GetSysClockFreq
 .text.HAL_RCC_GetHCLKFreq
                0x00000000080057c8       0x14 ./Drivers/STM32F1xx_HAL_Driver/Src/stm32f1xx_hal_rcc.o
                0x00000000080057c8                HAL_RCC_GetHCLKFreq
 .text.HAL_RCC_GetPCLK1Freq
                0x00000000080057dc       0x28 ./Drivers/STM32F1xx_HAL_Driver/Src/stm32f1xx_hal_rcc.o
                0x00000000080057dc                HAL_RCC_GetPCLK1Freq
 .text.HAL_RCC_GetPCLK2Freq
                0x0000000008005804       0x28 ./Drivers/STM32F1xx_HAL_Driver/Src/stm32f1xx_hal_rcc.o
                0x0000000008005804                HAL_RCC_GetPCLK2Freq
 .text.RCC_Delay
                0x000000000800582c       0x3c ./Drivers/STM32F1xx_HAL_Driver/Src/stm32f1xx_hal_rcc.o
 .text.HAL_UART_Init
                0x0000000008005868       0xa0 ./Drivers/STM32F1xx_HAL_Driver/Src/stm32f1xx_hal_uart.o
                0x0000000008005868                HAL_UART_Init
 .text.HAL_UART_Transmit
                0x0000000008005908      0x106 ./Drivers/STM32F1xx_HAL_Driver/Src/stm32f1xx_hal_uart.o
                0x0000000008005908                HAL_UART_Transmit
 .text.HAL_UART_Receive
                0x0000000008005a0e      0x124 ./Drivers/STM32F1xx_HAL_Driver/Src/stm32f1xx_hal_uart.o
                0x0000000008005a0e                HAL_UART_Receive
 .text.HAL_UART_Receive_IT
                0x0000000008005b32       0x4a ./Drivers/STM32F1xx_HAL_Driver/Src/stm32f1xx_hal_uart.o
                0x0000000008005b32                HAL_UART_Receive_IT
 .text.HAL_UART_IRQHandler
                0x0000000008005b7c      0x524 ./Drivers/STM32F1xx_HAL_Driver/Src/stm32f1xx_hal_uart.o
                0x0000000008005b7c                HAL_UART_IRQHandler
 .text.HAL_UART_TxCpltCallback
                0x00000000080060a0       0x12 ./Drivers/STM32F1xx_HAL_Driver/Src/stm32f1xx_hal_uart.o
                0x00000000080060a0                HAL_UART_TxCpltCallback
 .text.HAL_UART_ErrorCallback
                0x00000000080060b2       0x12 ./Drivers/STM32F1xx_HAL_Driver/Src/stm32f1xx_hal_uart.o
                0x00000000080060b2                HAL_UART_ErrorCallback
 .text.HAL_UARTEx_RxEventCallback
                0x00000000080060c4       0x16 ./Drivers/STM32F1xx_HAL_Driver/Src/stm32f1xx_hal_uart.o
                0x00000000080060c4                HAL_UARTEx_RxEventCallback
 .text.UART_WaitOnFlagUntilTimeout
                0x00000000080060da       0xdc ./Drivers/STM32F1xx_HAL_Driver/Src/stm32f1xx_hal_uart.o
 .text.UART_Start_Receive_IT
                0x00000000080061b6       0x72 ./Drivers/STM32F1xx_HAL_Driver/Src/stm32f1xx_hal_uart.o
                0x00000000080061b6                UART_Start_Receive_IT
 .text.UART_EndRxTransfer
                0x0000000008006228       0xc4 ./Drivers/STM32F1xx_HAL_Driver/Src/stm32f1xx_hal_uart.o
 .text.UART_DMAAbortOnError
                0x00000000080062ec       0x28 ./Drivers/STM32F1xx_HAL_Driver/Src/stm32f1xx_hal_uart.o
 .text.UART_Transmit_IT
                0x0000000008006314       0x9e ./Drivers/STM32F1xx_HAL_Driver/Src/stm32f1xx_hal_uart.o
 .text.UART_EndTransmit_IT
                0x00000000080063b2       0x30 ./Drivers/STM32F1xx_HAL_Driver/Src/stm32f1xx_hal_uart.o
 .text.UART_Receive_IT
                0x00000000080063e2      0x17c ./Drivers/STM32F1xx_HAL_Driver/Src/stm32f1xx_hal_uart.o
 *fill*         0x000000000800655e        0x2 
 .text.UART_SetConfig
                0x0000000008006560      0x11c ./Drivers/STM32F1xx_HAL_Driver/Src/stm32f1xx_hal_uart.o
 .text.sprintf  0x000000000800667c       0x40 C:/ST/STM32CubeIDE_1.13.1/STM32CubeIDE/plugins/com.st.stm32cube.ide.mcu.externaltools.gnu-tools-for-stm32.11.3.rel1.win32_1.1.0.202305231506/tools/bin/../lib/gcc/arm-none-eabi/11.3.1/../../../../arm-none-eabi/lib/thumb/v7-m/nofp\libc_nano.a(libc_a-sprintf.o)
                0x000000000800667c                siprintf
                0x000000000800667c                sprintf
 .text.memset   0x00000000080066bc       0x10 C:/ST/STM32CubeIDE_1.13.1/STM32CubeIDE/plugins/com.st.stm32cube.ide.mcu.externaltools.gnu-tools-for-stm32.11.3.rel1.win32_1.1.0.202305231506/tools/bin/../lib/gcc/arm-none-eabi/11.3.1/../../../../arm-none-eabi/lib/thumb/v7-m/nofp\libc_nano.a(libc_a-memset.o)
                0x00000000080066bc                memset
 .text.__errno  0x00000000080066cc        0xc C:/ST/STM32CubeIDE_1.13.1/STM32CubeIDE/plugins/com.st.stm32cube.ide.mcu.externaltools.gnu-tools-for-stm32.11.3.rel1.win32_1.1.0.202305231506/tools/bin/../lib/gcc/arm-none-eabi/11.3.1/../../../../arm-none-eabi/lib/thumb/v7-m/nofp\libc_nano.a(libc_a-errno.o)
                0x00000000080066cc                __errno
 .text.__libc_init_array
                0x00000000080066d8       0x48 C:/ST/STM32CubeIDE_1.13.1/STM32CubeIDE/plugins/com.st.stm32cube.ide.mcu.externaltools.gnu-tools-for-stm32.11.3.rel1.win32_1.1.0.202305231506/tools/bin/../lib/gcc/arm-none-eabi/11.3.1/../../../../arm-none-eabi/lib/thumb/v7-m/nofp\libc_nano.a(libc_a-init.o)
                0x00000000080066d8                __libc_init_array
 .text.__retarget_lock_acquire_recursive
                0x0000000008006720        0x2 C:/ST/STM32CubeIDE_1.13.1/STM32CubeIDE/plugins/com.st.stm32cube.ide.mcu.externaltools.gnu-tools-for-stm32.11.3.rel1.win32_1.1.0.202305231506/tools/bin/../lib/gcc/arm-none-eabi/11.3.1/../../../../arm-none-eabi/lib/thumb/v7-m/nofp\libc_nano.a(libc_a-lock.o)
                0x0000000008006720                __retarget_lock_acquire_recursive
 .text.__retarget_lock_release_recursive
                0x0000000008006722        0x2 C:/ST/STM32CubeIDE_1.13.1/STM32CubeIDE/plugins/com.st.stm32cube.ide.mcu.externaltools.gnu-tools-for-stm32.11.3.rel1.win32_1.1.0.202305231506/tools/bin/../lib/gcc/arm-none-eabi/11.3.1/../../../../arm-none-eabi/lib/thumb/v7-m/nofp\libc_nano.a(libc_a-lock.o)
                0x0000000008006722                __retarget_lock_release_recursive
 .text.memcpy   0x0000000008006724       0x1c C:/ST/STM32CubeIDE_1.13.1/STM32CubeIDE/plugins/com.st.stm32cube.ide.mcu.externaltools.gnu-tools-for-stm32.11.3.rel1.win32_1.1.0.202305231506/tools/bin/../lib/gcc/arm-none-eabi/11.3.1/../../../../arm-none-eabi/lib/thumb/v7-m/nofp\libc_nano.a(libc_a-memcpy-stub.o)
                0x0000000008006724                memcpy
 .text._free_r  0x0000000008006740       0x90 C:/ST/STM32CubeIDE_1.13.1/STM32CubeIDE/plugins/com.st.stm32cube.ide.mcu.externaltools.gnu-tools-for-stm32.11.3.rel1.win32_1.1.0.202305231506/tools/bin/../lib/gcc/arm-none-eabi/11.3.1/../../../../arm-none-eabi/lib/thumb/v7-m/nofp\libc_nano.a(libc_a-freer.o)
                0x0000000008006740                _free_r
 .text.sbrk_aligned
                0x00000000080067d0       0x40 C:/ST/STM32CubeIDE_1.13.1/STM32CubeIDE/plugins/com.st.stm32cube.ide.mcu.externaltools.gnu-tools-for-stm32.11.3.rel1.win32_1.1.0.202305231506/tools/bin/../lib/gcc/arm-none-eabi/11.3.1/../../../../arm-none-eabi/lib/thumb/v7-m/nofp\libc_nano.a(libc_a-mallocr.o)
 .text._malloc_r
                0x0000000008006810      0x100 C:/ST/STM32CubeIDE_1.13.1/STM32CubeIDE/plugins/com.st.stm32cube.ide.mcu.externaltools.gnu-tools-for-stm32.11.3.rel1.win32_1.1.0.202305231506/tools/bin/../lib/gcc/arm-none-eabi/11.3.1/../../../../arm-none-eabi/lib/thumb/v7-m/nofp\libc_nano.a(libc_a-mallocr.o)
                0x0000000008006810                _malloc_r
 .text.__malloc_lock
                0x0000000008006910        0xc C:/ST/STM32CubeIDE_1.13.1/STM32CubeIDE/plugins/com.st.stm32cube.ide.mcu.externaltools.gnu-tools-for-stm32.11.3.rel1.win32_1.1.0.202305231506/tools/bin/../lib/gcc/arm-none-eabi/11.3.1/../../../../arm-none-eabi/lib/thumb/v7-m/nofp\libc_nano.a(libc_a-mlock.o)
                0x0000000008006910                __malloc_lock
 .text.__malloc_unlock
                0x000000000800691c        0xc C:/ST/STM32CubeIDE_1.13.1/STM32CubeIDE/plugins/com.st.stm32cube.ide.mcu.externaltools.gnu-tools-for-stm32.11.3.rel1.win32_1.1.0.202305231506/tools/bin/../lib/gcc/arm-none-eabi/11.3.1/../../../../arm-none-eabi/lib/thumb/v7-m/nofp\libc_nano.a(libc_a-mlock.o)
                0x000000000800691c                __malloc_unlock
 .text.__ssputs_r
                0x0000000008006928       0xb4 C:/ST/STM32CubeIDE_1.13.1/STM32CubeIDE/plugins/com.st.stm32cube.ide.mcu.externaltools.gnu-tools-for-stm32.11.3.rel1.win32_1.1.0.202305231506/tools/bin/../lib/gcc/arm-none-eabi/11.3.1/../../../../arm-none-eabi/lib/thumb/v7-m/nofp\libc_nano.a(libc_a-nano-svfprintf.o)
                0x0000000008006928                __ssputs_r
 .text._svfprintf_r
                0x00000000080069dc      0x1fc C:/ST/STM32CubeIDE_1.13.1/STM32CubeIDE/plugins/com.st.stm32cube.ide.mcu.externaltools.gnu-tools-for-stm32.11.3.rel1.win32_1.1.0.202305231506/tools/bin/../lib/gcc/arm-none-eabi/11.3.1/../../../../arm-none-eabi/lib/thumb/v7-m/nofp\libc_nano.a(libc_a-nano-svfprintf.o)
                0x00000000080069dc                _svfiprintf_r
                0x00000000080069dc                _svfprintf_r
 .text._printf_common
                0x0000000008006bd8       0xe4 C:/ST/STM32CubeIDE_1.13.1/STM32CubeIDE/plugins/com.st.stm32cube.ide.mcu.externaltools.gnu-tools-for-stm32.11.3.rel1.win32_1.1.0.202305231506/tools/bin/../lib/gcc/arm-none-eabi/11.3.1/../../../../arm-none-eabi/lib/thumb/v7-m/nofp\libc_nano.a(libc_a-nano-vfprintf_i.o)
                0x0000000008006bd8                _printf_common
 .text._printf_i
                0x0000000008006cbc      0x244 C:/ST/STM32CubeIDE_1.13.1/STM32CubeIDE/plugins/com.st.stm32cube.ide.mcu.externaltools.gnu-tools-for-stm32.11.3.rel1.win32_1.1.0.202305231506/tools/bin/../lib/gcc/arm-none-eabi/11.3.1/../../../../arm-none-eabi/lib/thumb/v7-m/nofp\libc_nano.a(libc_a-nano-vfprintf_i.o)
                0x0000000008006cbc                _printf_i
 .text.memmove  0x0000000008006f00       0x34 C:/ST/STM32CubeIDE_1.13.1/STM32CubeIDE/plugins/com.st.stm32cube.ide.mcu.externaltools.gnu-tools-for-stm32.11.3.rel1.win32_1.1.0.202305231506/tools/bin/../lib/gcc/arm-none-eabi/11.3.1/../../../../arm-none-eabi/lib/thumb/v7-m/nofp\libc_nano.a(libc_a-memmove.o)
                0x0000000008006f00                memmove
 .text._sbrk_r  0x0000000008006f34       0x20 C:/ST/STM32CubeIDE_1.13.1/STM32CubeIDE/plugins/com.st.stm32cube.ide.mcu.externaltools.gnu-tools-for-stm32.11.3.rel1.win32_1.1.0.202305231506/tools/bin/../lib/gcc/arm-none-eabi/11.3.1/../../../../arm-none-eabi/lib/thumb/v7-m/nofp\libc_nano.a(libc_a-sbrkr.o)
                0x0000000008006f34                _sbrk_r
 .text.memchr   0x0000000008006f54       0x1c C:/ST/STM32CubeIDE_1.13.1/STM32CubeIDE/plugins/com.st.stm32cube.ide.mcu.externaltools.gnu-tools-for-stm32.11.3.rel1.win32_1.1.0.202305231506/tools/bin/../lib/gcc/arm-none-eabi/11.3.1/../../../../arm-none-eabi/lib/thumb/v7-m/nofp\libc_nano.a(libc_a-memchr-stub.o)
                0x0000000008006f54                memchr
 .text._realloc_r
                0x0000000008006f70       0x5e C:/ST/STM32CubeIDE_1.13.1/STM32CubeIDE/plugins/com.st.stm32cube.ide.mcu.externaltools.gnu-tools-for-stm32.11.3.rel1.win32_1.1.0.202305231506/tools/bin/../lib/gcc/arm-none-eabi/11.3.1/../../../../arm-none-eabi/lib/thumb/v7-m/nofp\libc_nano.a(libc_a-reallocr.o)
                0x0000000008006f70                _realloc_r
 .text._malloc_usable_size_r
                0x0000000008006fce       0x10 C:/ST/STM32CubeIDE_1.13.1/STM32CubeIDE/plugins/com.st.stm32cube.ide.mcu.externaltools.gnu-tools-for-stm32.11.3.rel1.win32_1.1.0.202305231506/tools/bin/../lib/gcc/arm-none-eabi/11.3.1/../../../../arm-none-eabi/lib/thumb/v7-m/nofp\libc_nano.a(libc_a-msizer.o)
                0x0000000008006fce                _malloc_usable_size_r
 *(.glue_7)
 .glue_7        0x0000000008006fde        0x0 linker stubs
 *(.glue_7t)
 .glue_7t       0x0000000008006fde        0x0 linker stubs
 *(.eh_frame)
 *fill*         0x0000000008006fde        0x2 
 .eh_frame      0x0000000008006fe0        0x0 C:/ST/STM32CubeIDE_1.13.1/STM32CubeIDE/plugins/com.st.stm32cube.ide.mcu.externaltools.gnu-tools-for-stm32.11.3.rel1.win32_1.1.0.202305231506/tools/bin/../lib/gcc/arm-none-eabi/11.3.1/thumb/v7-m/nofp/crtbegin.o
 *(.init)
 .init          0x0000000008006fe0        0x4 C:/ST/STM32CubeIDE_1.13.1/STM32CubeIDE/plugins/com.st.stm32cube.ide.mcu.externaltools.gnu-tools-for-stm32.11.3.rel1.win32_1.1.0.202305231506/tools/bin/../lib/gcc/arm-none-eabi/11.3.1/thumb/v7-m/nofp/crti.o
                0x0000000008006fe0                _init
 .init          0x0000000008006fe4        0x8 C:/ST/STM32CubeIDE_1.13.1/STM32CubeIDE/plugins/com.st.stm32cube.ide.mcu.externaltools.gnu-tools-for-stm32.11.3.rel1.win32_1.1.0.202305231506/tools/bin/../lib/gcc/arm-none-eabi/11.3.1/thumb/v7-m/nofp/crtn.o
 *(.fini)
 .fini          0x0000000008006fec        0x4 C:/ST/STM32CubeIDE_1.13.1/STM32CubeIDE/plugins/com.st.stm32cube.ide.mcu.externaltools.gnu-tools-for-stm32.11.3.rel1.win32_1.1.0.202305231506/tools/bin/../lib/gcc/arm-none-eabi/11.3.1/thumb/v7-m/nofp/crti.o
                0x0000000008006fec                _fini
 .fini          0x0000000008006ff0        0x8 C:/ST/STM32CubeIDE_1.13.1/STM32CubeIDE/plugins/com.st.stm32cube.ide.mcu.externaltools.gnu-tools-for-stm32.11.3.rel1.win32_1.1.0.202305231506/tools/bin/../lib/gcc/arm-none-eabi/11.3.1/thumb/v7-m/nofp/crtn.o
                0x0000000008006ff8                . = ALIGN (0x4)
                0x0000000008006ff8                _etext = .

.vfp11_veneer   0x0000000008006ff8        0x0
 .vfp11_veneer  0x0000000008006ff8        0x0 linker stubs

.v4_bx          0x0000000008006ff8        0x0
 .v4_bx         0x0000000008006ff8        0x0 linker stubs

.iplt           0x0000000008006ff8        0x0
 .iplt          0x0000000008006ff8        0x0 C:/ST/STM32CubeIDE_1.13.1/STM32CubeIDE/plugins/com.st.stm32cube.ide.mcu.externaltools.gnu-tools-for-stm32.11.3.rel1.win32_1.1.0.202305231506/tools/bin/../lib/gcc/arm-none-eabi/11.3.1/thumb/v7-m/nofp/crtbegin.o

.rodata         0x0000000008006ff8     0x1734
                0x0000000008006ff8                . = ALIGN (0x4)
 *(.rodata)
 .rodata        0x0000000008006ff8       0xfe ./Core/Src/UserInterface.o
 *(.rodata*)
 *fill*         0x00000000080070f6        0x2 
 .rodata.Font7x10
                0x00000000080070f8      0x76c ./Core/Src/FontsSSD1306.o
                0x00000000080070f8                Font7x10
 .rodata.Font11x18
                0x0000000008007864      0xd5c ./Core/Src/FontsSSD1306.o
                0x0000000008007864                Font11x18
 .rodata.sbox   0x00000000080085c0      0x100 ./Core/Src/aes.o
 .rodata.Rcon   0x00000000080086c0        0xb ./Core/Src/aes.o
 *fill*         0x00000000080086cb        0x1 
 .rodata.AHBPrescTable
                0x00000000080086cc       0x10 ./Core/Src/system_stm32f1xx.o
                0x00000000080086cc                AHBPrescTable
 .rodata.APBPrescTable
                0x00000000080086dc        0x8 ./Core/Src/system_stm32f1xx.o
                0x00000000080086dc                APBPrescTable
 .rodata.aPLLMULFactorTable.1
                0x00000000080086e4       0x10 ./Drivers/STM32F1xx_HAL_Driver/Src/stm32f1xx_hal_rcc.o
 .rodata.aPredivFactorTable.0
                0x00000000080086f4        0x2 ./Drivers/STM32F1xx_HAL_Driver/Src/stm32f1xx_hal_rcc.o
 .rodata._svfprintf_r.str1.1
                0x00000000080086f6       0x11 C:/ST/STM32CubeIDE_1.13.1/STM32CubeIDE/plugins/com.st.stm32cube.ide.mcu.externaltools.gnu-tools-for-stm32.11.3.rel1.win32_1.1.0.202305231506/tools/bin/../lib/gcc/arm-none-eabi/11.3.1/../../../../arm-none-eabi/lib/thumb/v7-m/nofp\libc_nano.a(libc_a-nano-svfprintf.o)
 .rodata._printf_i.str1.1
                0x0000000008008707       0x22 C:/ST/STM32CubeIDE_1.13.1/STM32CubeIDE/plugins/com.st.stm32cube.ide.mcu.externaltools.gnu-tools-for-stm32.11.3.rel1.win32_1.1.0.202305231506/tools/bin/../lib/gcc/arm-none-eabi/11.3.1/../../../../arm-none-eabi/lib/thumb/v7-m/nofp\libc_nano.a(libc_a-nano-vfprintf_i.o)
                0x000000000800872c                . = ALIGN (0x4)
 *fill*         0x0000000008008729        0x3 

.rel.dyn        0x000000000800872c        0x0
 .rel.iplt      0x000000000800872c        0x0 C:/ST/STM32CubeIDE_1.13.1/STM32CubeIDE/plugins/com.st.stm32cube.ide.mcu.externaltools.gnu-tools-for-stm32.11.3.rel1.win32_1.1.0.202305231506/tools/bin/../lib/gcc/arm-none-eabi/11.3.1/thumb/v7-m/nofp/crtbegin.o

.ARM.extab      0x000000000800872c        0x0
                0x000000000800872c                . = ALIGN (0x4)
 *(.ARM.extab* .gnu.linkonce.armextab.*)
                0x000000000800872c                . = ALIGN (0x4)

.ARM            0x000000000800872c        0x0
                0x000000000800872c                . = ALIGN (0x4)
                0x000000000800872c                __exidx_start = .
 *(.ARM.exidx*)
                0x000000000800872c                __exidx_end = .
                0x000000000800872c                . = ALIGN (0x4)

.preinit_array  0x000000000800872c        0x0
                0x000000000800872c                . = ALIGN (0x4)
                0x000000000800872c                PROVIDE (__preinit_array_start = .)
 *(.preinit_array*)
                0x000000000800872c                PROVIDE (__preinit_array_end = .)
                0x000000000800872c                . = ALIGN (0x4)

.init_array     0x000000000800872c        0x4
                0x000000000800872c                . = ALIGN (0x4)
                0x000000000800872c                PROVIDE (__init_array_start = .)
 *(SORT_BY_NAME(.init_array.*))
 *(.init_array*)
 .init_array    0x000000000800872c        0x4 C:/ST/STM32CubeIDE_1.13.1/STM32CubeIDE/plugins/com.st.stm32cube.ide.mcu.externaltools.gnu-tools-for-stm32.11.3.rel1.win32_1.1.0.202305231506/tools/bin/../lib/gcc/arm-none-eabi/11.3.1/thumb/v7-m/nofp/crtbegin.o
                0x0000000008008730                PROVIDE (__init_array_end = .)
                0x0000000008008730                . = ALIGN (0x4)

.fini_array     0x0000000008008730        0x4
                0x0000000008008730                . = ALIGN (0x4)
                [!provide]                        PROVIDE (__fini_array_start = .)
 *(SORT_BY_NAME(.fini_array.*))
 *(.fini_array*)
 .fini_array    0x0000000008008730        0x4 C:/ST/STM32CubeIDE_1.13.1/STM32CubeIDE/plugins/com.st.stm32cube.ide.mcu.externaltools.gnu-tools-for-stm32.11.3.rel1.win32_1.1.0.202305231506/tools/bin/../lib/gcc/arm-none-eabi/11.3.1/thumb/v7-m/nofp/crtbegin.o
                [!provide]                        PROVIDE (__fini_array_end = .)
                0x0000000008008734                . = ALIGN (0x4)
                0x0000000008008734                _sidata = LOADADDR (.data)

.data           0x0000000020000000       0x8c load address 0x0000000008008734
                0x0000000020000000                . = ALIGN (0x4)
                0x0000000020000000                _sdata = .
 *(.data)
 *(.data*)
 .data.AES_CBC_128_Key
                0x0000000020000000       0x10 ./Core/Src/Encrypt.o
                0x0000000020000000                AES_CBC_128_Key
 .data.AES_CBC_128_IV
                0x0000000020000010       0x10 ./Core/Src/Encrypt.o
                0x0000000020000010                AES_CBC_128_IV
 .data.Font_7x10
                0x0000000020000020        0x8 ./Core/Src/FontsSSD1306.o
                0x0000000020000020                Font_7x10
 .data.Font_11x18
                0x0000000020000028        0x8 ./Core/Src/FontsSSD1306.o
                0x0000000020000028                Font_11x18
 .data.SystemCoreClock
                0x0000000020000030        0x4 ./Core/Src/system_stm32f1xx.o
                0x0000000020000030                SystemCoreClock
 .data.uwTickPrio
                0x0000000020000034        0x4 ./Drivers/STM32F1xx_HAL_Driver/Src/stm32f1xx_hal.o
                0x0000000020000034                uwTickPrio
 .data.uwTickFreq
                0x0000000020000038        0x1 ./Drivers/STM32F1xx_HAL_Driver/Src/stm32f1xx_hal.o
                0x0000000020000038                uwTickFreq
 *fill*         0x0000000020000039        0x3 
 .data._impure_data
                0x000000002000003c       0x4c C:/ST/STM32CubeIDE_1.13.1/STM32CubeIDE/plugins/com.st.stm32cube.ide.mcu.externaltools.gnu-tools-for-stm32.11.3.rel1.win32_1.1.0.202305231506/tools/bin/../lib/gcc/arm-none-eabi/11.3.1/../../../../arm-none-eabi/lib/thumb/v7-m/nofp\libc_nano.a(libc_a-impure.o)
                0x000000002000003c                _impure_data
 .data._impure_ptr
                0x0000000020000088        0x4 C:/ST/STM32CubeIDE_1.13.1/STM32CubeIDE/plugins/com.st.stm32cube.ide.mcu.externaltools.gnu-tools-for-stm32.11.3.rel1.win32_1.1.0.202305231506/tools/bin/../lib/gcc/arm-none-eabi/11.3.1/../../../../arm-none-eabi/lib/thumb/v7-m/nofp\libc_nano.a(libc_a-impure.o)
                0x0000000020000088                _impure_ptr
 *(.RamFunc)
 *(.RamFunc*)
                0x000000002000008c                . = ALIGN (0x4)
                0x000000002000008c                _edata = .

.igot.plt       0x000000002000008c        0x0 load address 0x00000000080087c0
 .igot.plt      0x000000002000008c        0x0 C:/ST/STM32CubeIDE_1.13.1/STM32CubeIDE/plugins/com.st.stm32cube.ide.mcu.externaltools.gnu-tools-for-stm32.11.3.rel1.win32_1.1.0.202305231506/tools/bin/../lib/gcc/arm-none-eabi/11.3.1/thumb/v7-m/nofp/crtbegin.o
                0x000000002000008c                . = ALIGN (0x4)

.bss            0x0000000020000090      0xc20 load address 0x00000000080087c0
                0x0000000020000090                _sbss = .
                0x0000000020000090                __bss_start__ = _sbss
 *(.bss)
 .bss           0x0000000020000090       0x1c C:/ST/STM32CubeIDE_1.13.1/STM32CubeIDE/plugins/com.st.stm32cube.ide.mcu.externaltools.gnu-tools-for-stm32.11.3.rel1.win32_1.1.0.202305231506/tools/bin/../lib/gcc/arm-none-eabi/11.3.1/thumb/v7-m/nofp/crtbegin.o
 *(.bss*)
 .bss.Global_CipherTextPtr
                0x00000000200000ac       0x10 ./Core/Src/Encrypt.o
 .bss.Global_SystemState
                0x00000000200000bc        0x1 ./Core/Src/Encrypt.o
 .bss.Global_BufferFlag
                0x00000000200000bd        0x1 ./Core/Src/Encrypt.o
 *fill*         0x00000000200000be        0x2 
 .bss.Global_ReadAddress
                0x00000000200000c0        0x4 ./Core/Src/Encrypt.o
                0x00000000200000c0                Global_ReadAddress
 .bss.ctx       0x00000000200000c4       0xc0 ./Core/Src/Encrypt.o
                0x00000000200000c4                ctx
 .bss.Global_WriteAddress
                0x0000000020000184        0x4 ./Core/Src/FlashReprogram_Interface.o
 .bss.Global_CrcValue
                0x0000000020000188        0x4 ./Core/Src/ReceiveUpdate.o
 .bss.Global_SizeValue
                0x000000002000018c        0x4 ./Core/Src/ReceiveUpdate.o
 .bss.Global_NodeId
                0x0000000020000190        0x1 ./Core/Src/ReceiveUpdate.o
 .bss.Global_SystemState
                0x0000000020000191        0x1 ./Core/Src/ReceiveUpdate.o
 .bss.Global_RxInternalState
                0x0000000020000192        0x1 ./Core/Src/ReceiveUpdate.o
 *fill*         0x0000000020000193        0x1 
 .bss.Global_HeaderBuffer
                0x0000000020000194        0x5 ./Core/Src/ReceiveUpdate.o
 .bss.Global_HeaderReqByte
                0x0000000020000199        0x1 ./Core/Src/ReceiveUpdate.o
 .bss.Global_NumberOfPackets
                0x000000002000019a        0x1 ./Core/Src/ReceiveUpdate.o
 *fill*         0x000000002000019b        0x1 
 .bss.Global_RemainingBytes
                0x000000002000019c        0x2 ./Core/Src/ReceiveUpdate.o
 .bss.Global_RxUserResponse
                0x000000002000019e        0x1 ./Core/Src/ReceiveUpdate.o
 *fill*         0x000000002000019f        0x1 
 .bss.Global_RxBuffer
                0x00000000200001a0      0x400 ./Core/Src/ReceiveUpdate.o
 .bss.Global_DownloadPercentage
                0x00000000200005a0        0x4 ./Core/Src/ReceiveUpdate.o
 .bss.Global_DownloadUpdateProgeress
                0x00000000200005a4        0x1 ./Core/Src/ReceiveUpdate.o
 *fill*         0x00000000200005a5        0x3 
 .bss.Global_ReceivedBytes
                0x00000000200005a8        0x4 ./Core/Src/ReceiveUpdate.o
 .bss.Global_CodeSizeValue
                0x00000000200005ac        0x4 ./Core/Src/Rte.o
 .bss.Global_NodeId
                0x00000000200005b0        0x1 ./Core/Src/Rte.o
 .bss.Global_HeaderAckFlag
                0x00000000200005b1        0x1 ./Core/Src/Rte.o
 *fill*         0x00000000200005b2        0x2 
 .bss.Global_EncryptedDataBufferPtr
                0x00000000200005b4        0x4 ./Core/Src/Rte.o
 .bss.Global_EncryptedDataBufferFlag
                0x00000000200005b8        0x1 ./Core/Src/Rte.o
 .bss.Global_SystemStateMachine
                0x00000000200005b9        0x1 ./Core/Src/Rte.o
 .bss.Global_UserResponse
                0x00000000200005ba        0x1 ./Core/Src/Rte.o
 .bss.Global_UpdateProgress
                0x00000000200005bb        0x1 ./Core/Src/Rte.o
 .bss.Global_CodeSizePortState
                0x00000000200005bc        0x1 ./Core/Src/Rte.o
 .bss.Global_NodeIdPortState
                0x00000000200005bd        0x1 ./Core/Src/Rte.o
 .bss.Global_HeaderAckFlagState
                0x00000000200005be        0x1 ./Core/Src/Rte.o
 .bss.Global_EncryptedDataBufferState
                0x00000000200005bf        0x1 ./Core/Src/Rte.o
 .bss.Global_EncryptedDataBufferFlagState
                0x00000000200005c0        0x1 ./Core/Src/Rte.o
 .bss.Global_SystemStateMachineState
                0x00000000200005c1        0x1 ./Core/Src/Rte.o
 .bss.Global_UserResponsePortState
                0x00000000200005c2        0x1 ./Core/Src/Rte.o
 .bss.Global_UpdateProgressPortState
                0x00000000200005c3        0x1 ./Core/Src/Rte.o
 .bss.SSD1306_Buffer
                0x00000000200005c4      0x400 ./Core/Src/SSD1306.o
 .bss.SSD1306   0x00000000200009c4        0x6 ./Core/Src/SSD1306.o
 *fill*         0x00000000200009ca        0x2 
 .bss.Static_uint32CodeSize
                0x00000000200009cc        0x4 ./Core/Src/Transmit.o
 .bss.Static_uint8NodeId
                0x00000000200009d0        0x1 ./Core/Src/Transmit.o
 *fill*         0x00000000200009d1        0x1 
 .bss.Static_uint16PacketsCounter
                0x00000000200009d2        0x2 ./Core/Src/Transmit.o
 .bss.Static_uint16NumberOfPackets
                0x00000000200009d4        0x2 ./Core/Src/Transmit.o
 .bss.Static_uint8NumOfBytesInLastPacket
                0x00000000200009d6        0x1 ./Core/Src/Transmit.o
 *fill*         0x00000000200009d7        0x1 
 .bss.Static_InstallPercentage
                0x00000000200009d8        0x4 ./Core/Src/Transmit.o
 .bss.Static_InstallUpdateProgeress
                0x00000000200009dc        0x1 ./Core/Src/Transmit.o
 .bss.Static_StateVariable
                0x00000000200009dd        0x1 ./Core/Src/Transmit.o
 *fill*         0x00000000200009de        0x2 
 .bss.Static_ArrayOfStates
                0x00000000200009e0       0x10 ./Core/Src/Transmit.o
 .bss.Global_UiInternalState
                0x00000000200009f0        0x1 ./Core/Src/UserInterface.o
 .bss.Global_SystemState
                0x00000000200009f1        0x1 ./Core/Src/UserInterface.o
 .bss.Global_CursorState
                0x00000000200009f2        0x1 ./Core/Src/UserInterface.o
 .bss.Global_DownloadProgress
                0x00000000200009f3        0x1 ./Core/Src/UserInterface.o
 .bss.hcan      0x00000000200009f4       0x28 ./Core/Src/main.o
                0x00000000200009f4                hcan
 .bss.hcrc      0x0000000020000a1c        0x8 ./Core/Src/main.o
                0x0000000020000a1c                hcrc
 .bss.hi2c1     0x0000000020000a24       0x54 ./Core/Src/main.o
                0x0000000020000a24                hi2c1
 .bss.hiwdg     0x0000000020000a78        0xc ./Core/Src/main.o
                0x0000000020000a78                hiwdg
 .bss.huart1    0x0000000020000a84       0x48 ./Core/Src/main.o
                0x0000000020000a84                huart1
 .bss.hcanfilter1
                0x0000000020000acc       0x28 ./Core/Src/main.o
                0x0000000020000acc                hcanfilter1
 .bss.TxHeader  0x0000000020000af4       0x18 ./Core/Src/main.o
                0x0000000020000af4                TxHeader
 .bss.RxHeader  0x0000000020000b0c       0x1c ./Core/Src/main.o
                0x0000000020000b0c                RxHeader
 .bss.TxData    0x0000000020000b28        0x8 ./Core/Src/main.o
                0x0000000020000b28                TxData
 .bss.RxData    0x0000000020000b30        0x8 ./Core/Src/main.o
                0x0000000020000b30                RxData
 .bss.TxMailbox
                0x0000000020000b38        0x4 ./Core/Src/main.o
                0x0000000020000b38                TxMailbox
 .bss.__sbrk_heap_end
                0x0000000020000b3c        0x4 ./Core/Src/sysmem.o
 .bss.uwTick    0x0000000020000b40        0x4 ./Drivers/STM32F1xx_HAL_Driver/Src/stm32f1xx_hal.o
                0x0000000020000b40                uwTick
 *fill*         0x0000000020000b44        0x4 
 .bss.pFlash    0x0000000020000b48       0x20 ./Drivers/STM32F1xx_HAL_Driver/Src/stm32f1xx_hal_flash.o
                0x0000000020000b48                pFlash
 .bss.__sf      0x0000000020000b68      0x138 C:/ST/STM32CubeIDE_1.13.1/STM32CubeIDE/plugins/com.st.stm32cube.ide.mcu.externaltools.gnu-tools-for-stm32.11.3.rel1.win32_1.1.0.202305231506/tools/bin/../lib/gcc/arm-none-eabi/11.3.1/../../../../arm-none-eabi/lib/thumb/v7-m/nofp\libc_nano.a(libc_a-findfp.o)
                0x0000000020000b68                __sf
 .bss.errno     0x0000000020000ca0        0x4 C:/ST/STM32CubeIDE_1.13.1/STM32CubeIDE/plugins/com.st.stm32cube.ide.mcu.externaltools.gnu-tools-for-stm32.11.3.rel1.win32_1.1.0.202305231506/tools/bin/../lib/gcc/arm-none-eabi/11.3.1/../../../../arm-none-eabi/lib/thumb/v7-m/nofp\libc_nano.a(libc_a-reent.o)
                0x0000000020000ca0                errno
 .bss.__lock___malloc_recursive_mutex
                0x0000000020000ca4        0x1 C:/ST/STM32CubeIDE_1.13.1/STM32CubeIDE/plugins/com.st.stm32cube.ide.mcu.externaltools.gnu-tools-for-stm32.11.3.rel1.win32_1.1.0.202305231506/tools/bin/../lib/gcc/arm-none-eabi/11.3.1/../../../../arm-none-eabi/lib/thumb/v7-m/nofp\libc_nano.a(libc_a-lock.o)
                0x0000000020000ca4                __lock___malloc_recursive_mutex
 *fill*         0x0000000020000ca5        0x3 
 .bss.__malloc_free_list
                0x0000000020000ca8        0x4 C:/ST/STM32CubeIDE_1.13.1/STM32CubeIDE/plugins/com.st.stm32cube.ide.mcu.externaltools.gnu-tools-for-stm32.11.3.rel1.win32_1.1.0.202305231506/tools/bin/../lib/gcc/arm-none-eabi/11.3.1/../../../../arm-none-eabi/lib/thumb/v7-m/nofp\libc_nano.a(libc_a-mallocr.o)
                0x0000000020000ca8                __malloc_free_list
 .bss.__malloc_sbrk_start
                0x0000000020000cac        0x4 C:/ST/STM32CubeIDE_1.13.1/STM32CubeIDE/plugins/com.st.stm32cube.ide.mcu.externaltools.gnu-tools-for-stm32.11.3.rel1.win32_1.1.0.202305231506/tools/bin/../lib/gcc/arm-none-eabi/11.3.1/../../../../arm-none-eabi/lib/thumb/v7-m/nofp\libc_nano.a(libc_a-mallocr.o)
                0x0000000020000cac                __malloc_sbrk_start
 *(COMMON)
                0x0000000020000cb0                . = ALIGN (0x4)
                0x0000000020000cb0                _ebss = .
                0x0000000020000cb0                __bss_end__ = _ebss

._user_heap_stack
                0x0000000020000cb0      0x600 load address 0x00000000080087c0
                0x0000000020000cb0                . = ALIGN (0x8)
                [!provide]                        PROVIDE (end = .)
                0x0000000020000cb0                PROVIDE (_end = .)
                0x0000000020000eb0                . = (. + _Min_Heap_Size)
 *fill*         0x0000000020000cb0      0x200 
                0x00000000200012b0                . = (. + _Min_Stack_Size)
 *fill*         0x0000000020000eb0      0x400 
                0x00000000200012b0                . = ALIGN (0x8)

/DISCARD/
 libc.a(*)
 libm.a(*)
 libgcc.a(*)

.ARM.attributes
                0x0000000000000000       0x29
 *(.ARM.attributes)
 .ARM.attributes
                0x0000000000000000       0x1d C:/ST/STM32CubeIDE_1.13.1/STM32CubeIDE/plugins/com.st.stm32cube.ide.mcu.externaltools.gnu-tools-for-stm32.11.3.rel1.win32_1.1.0.202305231506/tools/bin/../lib/gcc/arm-none-eabi/11.3.1/thumb/v7-m/nofp/crti.o
 .ARM.attributes
                0x000000000000001d       0x2d C:/ST/STM32CubeIDE_1.13.1/STM32CubeIDE/plugins/com.st.stm32cube.ide.mcu.externaltools.gnu-tools-for-stm32.11.3.rel1.win32_1.1.0.202305231506/tools/bin/../lib/gcc/arm-none-eabi/11.3.1/thumb/v7-m/nofp/crtbegin.o
 .ARM.attributes
                0x000000000000004a       0x2d ./Core/Src/Can_Interface.o
 .ARM.attributes
                0x0000000000000077       0x2d ./Core/Src/Encrypt.o
 .ARM.attributes
                0x00000000000000a4       0x2d ./Core/Src/FlashReprogram_Interface.o
 .ARM.attributes
                0x00000000000000d1       0x2d ./Core/Src/FontsSSD1306.o
 .ARM.attributes
                0x00000000000000fe       0x2d ./Core/Src/ReceiveUpdate.o
 .ARM.attributes
                0x000000000000012b       0x2d ./Core/Src/Rte.o
 .ARM.attributes
                0x0000000000000158       0x2d ./Core/Src/SSD1306.o
 .ARM.attributes
                0x0000000000000185       0x2d ./Core/Src/Transmit.o
 .ARM.attributes
                0x00000000000001b2       0x2d ./Core/Src/UserInterface.o
 .ARM.attributes
                0x00000000000001df       0x2d ./Core/Src/aes.o
 .ARM.attributes
                0x000000000000020c       0x2d ./Core/Src/main.o
 .ARM.attributes
                0x0000000000000239       0x2d ./Core/Src/stm32f1xx_hal_msp.o
 .ARM.attributes
                0x0000000000000266       0x2d ./Core/Src/stm32f1xx_it.o
 .ARM.attributes
                0x0000000000000293       0x2d ./Core/Src/sysmem.o
 .ARM.attributes
                0x00000000000002c0       0x2d ./Core/Src/system_stm32f1xx.o
 .ARM.attributes
                0x00000000000002ed       0x21 ./Core/Startup/startup_stm32f103c8tx.o
 .ARM.attributes
                0x000000000000030e       0x2d ./Drivers/STM32F1xx_HAL_Driver/Src/stm32f1xx_hal.o
 .ARM.attributes
                0x000000000000033b       0x2d ./Drivers/STM32F1xx_HAL_Driver/Src/stm32f1xx_hal_can.o
 .ARM.attributes
                0x0000000000000368       0x2d ./Drivers/STM32F1xx_HAL_Driver/Src/stm32f1xx_hal_cortex.o
 .ARM.attributes
                0x0000000000000395       0x2d ./Drivers/STM32F1xx_HAL_Driver/Src/stm32f1xx_hal_crc.o
 .ARM.attributes
                0x00000000000003c2       0x2d ./Drivers/STM32F1xx_HAL_Driver/Src/stm32f1xx_hal_dma.o
 .ARM.attributes
                0x00000000000003ef       0x2d ./Drivers/STM32F1xx_HAL_Driver/Src/stm32f1xx_hal_flash.o
 .ARM.attributes
                0x000000000000041c       0x2d ./Drivers/STM32F1xx_HAL_Driver/Src/stm32f1xx_hal_flash_ex.o
 .ARM.attributes
                0x0000000000000449       0x2d ./Drivers/STM32F1xx_HAL_Driver/Src/stm32f1xx_hal_gpio.o
 .ARM.attributes
                0x0000000000000476       0x2d ./Drivers/STM32F1xx_HAL_Driver/Src/stm32f1xx_hal_i2c.o
 .ARM.attributes
                0x00000000000004a3       0x2d ./Drivers/STM32F1xx_HAL_Driver/Src/stm32f1xx_hal_iwdg.o
 .ARM.attributes
                0x00000000000004d0       0x2d ./Drivers/STM32F1xx_HAL_Driver/Src/stm32f1xx_hal_rcc.o
 .ARM.attributes
                0x00000000000004fd       0x2d ./Drivers/STM32F1xx_HAL_Driver/Src/stm32f1xx_hal_uart.o
 .ARM.attributes
                0x000000000000052a       0x2d C:/ST/STM32CubeIDE_1.13.1/STM32CubeIDE/plugins/com.st.stm32cube.ide.mcu.externaltools.gnu-tools-for-stm32.11.3.rel1.win32_1.1.0.202305231506/tools/bin/../lib/gcc/arm-none-eabi/11.3.1/../../../../arm-none-eabi/lib/thumb/v7-m/nofp\libc_nano.a(libc_a-findfp.o)
 .ARM.attributes
                0x0000000000000557       0x2d C:/ST/STM32CubeIDE_1.13.1/STM32CubeIDE/plugins/com.st.stm32cube.ide.mcu.externaltools.gnu-tools-for-stm32.11.3.rel1.win32_1.1.0.202305231506/tools/bin/../lib/gcc/arm-none-eabi/11.3.1/../../../../arm-none-eabi/lib/thumb/v7-m/nofp\libc_nano.a(libc_a-sprintf.o)
 .ARM.attributes
                0x0000000000000584       0x2d C:/ST/STM32CubeIDE_1.13.1/STM32CubeIDE/plugins/com.st.stm32cube.ide.mcu.externaltools.gnu-tools-for-stm32.11.3.rel1.win32_1.1.0.202305231506/tools/bin/../lib/gcc/arm-none-eabi/11.3.1/../../../../arm-none-eabi/lib/thumb/v7-m/nofp\libc_nano.a(libc_a-memset.o)
 .ARM.attributes
                0x00000000000005b1       0x2d C:/ST/STM32CubeIDE_1.13.1/STM32CubeIDE/plugins/com.st.stm32cube.ide.mcu.externaltools.gnu-tools-for-stm32.11.3.rel1.win32_1.1.0.202305231506/tools/bin/../lib/gcc/arm-none-eabi/11.3.1/../../../../arm-none-eabi/lib/thumb/v7-m/nofp\libc_nano.a(libc_a-reent.o)
 .ARM.attributes
                0x00000000000005de       0x2d C:/ST/STM32CubeIDE_1.13.1/STM32CubeIDE/plugins/com.st.stm32cube.ide.mcu.externaltools.gnu-tools-for-stm32.11.3.rel1.win32_1.1.0.202305231506/tools/bin/../lib/gcc/arm-none-eabi/11.3.1/../../../../arm-none-eabi/lib/thumb/v7-m/nofp\libc_nano.a(libc_a-impure.o)
 .ARM.attributes
                0x000000000000060b       0x2d C:/ST/STM32CubeIDE_1.13.1/STM32CubeIDE/plugins/com.st.stm32cube.ide.mcu.externaltools.gnu-tools-for-stm32.11.3.rel1.win32_1.1.0.202305231506/tools/bin/../lib/gcc/arm-none-eabi/11.3.1/../../../../arm-none-eabi/lib/thumb/v7-m/nofp\libc_nano.a(libc_a-errno.o)
 .ARM.attributes
                0x0000000000000638       0x2d C:/ST/STM32CubeIDE_1.13.1/STM32CubeIDE/plugins/com.st.stm32cube.ide.mcu.externaltools.gnu-tools-for-stm32.11.3.rel1.win32_1.1.0.202305231506/tools/bin/../lib/gcc/arm-none-eabi/11.3.1/../../../../arm-none-eabi/lib/thumb/v7-m/nofp\libc_nano.a(libc_a-init.o)
 .ARM.attributes
                0x0000000000000665       0x2d C:/ST/STM32CubeIDE_1.13.1/STM32CubeIDE/plugins/com.st.stm32cube.ide.mcu.externaltools.gnu-tools-for-stm32.11.3.rel1.win32_1.1.0.202305231506/tools/bin/../lib/gcc/arm-none-eabi/11.3.1/../../../../arm-none-eabi/lib/thumb/v7-m/nofp\libc_nano.a(libc_a-lock.o)
 .ARM.attributes
                0x0000000000000692       0x2d C:/ST/STM32CubeIDE_1.13.1/STM32CubeIDE/plugins/com.st.stm32cube.ide.mcu.externaltools.gnu-tools-for-stm32.11.3.rel1.win32_1.1.0.202305231506/tools/bin/../lib/gcc/arm-none-eabi/11.3.1/../../../../arm-none-eabi/lib/thumb/v7-m/nofp\libc_nano.a(libc_a-memcpy-stub.o)
 .ARM.attributes
                0x00000000000006bf       0x2d C:/ST/STM32CubeIDE_1.13.1/STM32CubeIDE/plugins/com.st.stm32cube.ide.mcu.externaltools.gnu-tools-for-stm32.11.3.rel1.win32_1.1.0.202305231506/tools/bin/../lib/gcc/arm-none-eabi/11.3.1/../../../../arm-none-eabi/lib/thumb/v7-m/nofp\libc_nano.a(libc_a-freer.o)
 .ARM.attributes
                0x00000000000006ec       0x2d C:/ST/STM32CubeIDE_1.13.1/STM32CubeIDE/plugins/com.st.stm32cube.ide.mcu.externaltools.gnu-tools-for-stm32.11.3.rel1.win32_1.1.0.202305231506/tools/bin/../lib/gcc/arm-none-eabi/11.3.1/../../../../arm-none-eabi/lib/thumb/v7-m/nofp\libc_nano.a(libc_a-mallocr.o)
 .ARM.attributes
                0x0000000000000719       0x2d C:/ST/STM32CubeIDE_1.13.1/STM32CubeIDE/plugins/com.st.stm32cube.ide.mcu.externaltools.gnu-tools-for-stm32.11.3.rel1.win32_1.1.0.202305231506/tools/bin/../lib/gcc/arm-none-eabi/11.3.1/../../../../arm-none-eabi/lib/thumb/v7-m/nofp\libc_nano.a(libc_a-mlock.o)
 .ARM.attributes
                0x0000000000000746       0x2d C:/ST/STM32CubeIDE_1.13.1/STM32CubeIDE/plugins/com.st.stm32cube.ide.mcu.externaltools.gnu-tools-for-stm32.11.3.rel1.win32_1.1.0.202305231506/tools/bin/../lib/gcc/arm-none-eabi/11.3.1/../../../../arm-none-eabi/lib/thumb/v7-m/nofp\libc_nano.a(libc_a-nano-svfprintf.o)
 .ARM.attributes
                0x0000000000000773       0x2d C:/ST/STM32CubeIDE_1.13.1/STM32CubeIDE/plugins/com.st.stm32cube.ide.mcu.externaltools.gnu-tools-for-stm32.11.3.rel1.win32_1.1.0.202305231506/tools/bin/../lib/gcc/arm-none-eabi/11.3.1/../../../../arm-none-eabi/lib/thumb/v7-m/nofp\libc_nano.a(libc_a-nano-vfprintf_i.o)
 .ARM.attributes
                0x00000000000007a0       0x2d C:/ST/STM32CubeIDE_1.13.1/STM32CubeIDE/plugins/com.st.stm32cube.ide.mcu.externaltools.gnu-tools-for-stm32.11.3.rel1.win32_1.1.0.202305231506/tools/bin/../lib/gcc/arm-none-eabi/11.3.1/../../../../arm-none-eabi/lib/thumb/v7-m/nofp\libc_nano.a(libc_a-memmove.o)
 .ARM.attributes
                0x00000000000007cd       0x2d C:/ST/STM32CubeIDE_1.13.1/STM32CubeIDE/plugins/com.st.stm32cube.ide.mcu.externaltools.gnu-tools-for-stm32.11.3.rel1.win32_1.1.0.202305231506/tools/bin/../lib/gcc/arm-none-eabi/11.3.1/../../../../arm-none-eabi/lib/thumb/v7-m/nofp\libc_nano.a(libc_a-sbrkr.o)
 .ARM.attributes
                0x00000000000007fa       0x2d C:/ST/STM32CubeIDE_1.13.1/STM32CubeIDE/plugins/com.st.stm32cube.ide.mcu.externaltools.gnu-tools-for-stm32.11.3.rel1.win32_1.1.0.202305231506/tools/bin/../lib/gcc/arm-none-eabi/11.3.1/../../../../arm-none-eabi/lib/thumb/v7-m/nofp\libc_nano.a(libc_a-memchr-stub.o)
 .ARM.attributes
                0x0000000000000827       0x2d C:/ST/STM32CubeIDE_1.13.1/STM32CubeIDE/plugins/com.st.stm32cube.ide.mcu.externaltools.gnu-tools-for-stm32.11.3.rel1.win32_1.1.0.202305231506/tools/bin/../lib/gcc/arm-none-eabi/11.3.1/../../../../arm-none-eabi/lib/thumb/v7-m/nofp\libc_nano.a(libc_a-reallocr.o)
 .ARM.attributes
                0x0000000000000854       0x2d C:/ST/STM32CubeIDE_1.13.1/STM32CubeIDE/plugins/com.st.stm32cube.ide.mcu.externaltools.gnu-tools-for-stm32.11.3.rel1.win32_1.1.0.202305231506/tools/bin/../lib/gcc/arm-none-eabi/11.3.1/../../../../arm-none-eabi/lib/thumb/v7-m/nofp\libc_nano.a(libc_a-msizer.o)
 .ARM.attributes
                0x0000000000000881       0x1d C:/ST/STM32CubeIDE_1.13.1/STM32CubeIDE/plugins/com.st.stm32cube.ide.mcu.externaltools.gnu-tools-for-stm32.11.3.rel1.win32_1.1.0.202305231506/tools/bin/../lib/gcc/arm-none-eabi/11.3.1/thumb/v7-m/nofp\libgcc.a(_arm_addsubsf3.o)
 .ARM.attributes
                0x000000000000089e       0x1d C:/ST/STM32CubeIDE_1.13.1/STM32CubeIDE/plugins/com.st.stm32cube.ide.mcu.externaltools.gnu-tools-for-stm32.11.3.rel1.win32_1.1.0.202305231506/tools/bin/../lib/gcc/arm-none-eabi/11.3.1/thumb/v7-m/nofp\libgcc.a(_arm_muldivsf3.o)
 .ARM.attributes
                0x00000000000008bb       0x1d C:/ST/STM32CubeIDE_1.13.1/STM32CubeIDE/plugins/com.st.stm32cube.ide.mcu.externaltools.gnu-tools-for-stm32.11.3.rel1.win32_1.1.0.202305231506/tools/bin/../lib/gcc/arm-none-eabi/11.3.1/thumb/v7-m/nofp\libgcc.a(_arm_fixunssfsi.o)
 .ARM.attributes
                0x00000000000008d8       0x1d C:/ST/STM32CubeIDE_1.13.1/STM32CubeIDE/plugins/com.st.stm32cube.ide.mcu.externaltools.gnu-tools-for-stm32.11.3.rel1.win32_1.1.0.202305231506/tools/bin/../lib/gcc/arm-none-eabi/11.3.1/thumb/v7-m/nofp/crtn.o
OUTPUT(BlinkLed_App1.elf elf32-littlearm)
LOAD linker stubs
LOAD C:/ST/STM32CubeIDE_1.13.1/STM32CubeIDE/plugins/com.st.stm32cube.ide.mcu.externaltools.gnu-tools-for-stm32.11.3.rel1.win32_1.1.0.202305231506/tools/bin/../lib/gcc/arm-none-eabi/11.3.1/../../../../arm-none-eabi/lib/thumb/v7-m/nofp\libc.a
LOAD C:/ST/STM32CubeIDE_1.13.1/STM32CubeIDE/plugins/com.st.stm32cube.ide.mcu.externaltools.gnu-tools-for-stm32.11.3.rel1.win32_1.1.0.202305231506/tools/bin/../lib/gcc/arm-none-eabi/11.3.1/../../../../arm-none-eabi/lib/thumb/v7-m/nofp\libm.a
LOAD C:/ST/STM32CubeIDE_1.13.1/STM32CubeIDE/plugins/com.st.stm32cube.ide.mcu.externaltools.gnu-tools-for-stm32.11.3.rel1.win32_1.1.0.202305231506/tools/bin/../lib/gcc/arm-none-eabi/11.3.1/thumb/v7-m/nofp\libgcc.a

.comment        0x0000000000000000       0x43
 .comment       0x0000000000000000       0x43 C:/ST/STM32CubeIDE_1.13.1/STM32CubeIDE/plugins/com.st.stm32cube.ide.mcu.externaltools.gnu-tools-for-stm32.11.3.rel1.win32_1.1.0.202305231506/tools/bin/../lib/gcc/arm-none-eabi/11.3.1/thumb/v7-m/nofp/crtbegin.o
                                         0x44 (size before relaxing)
 .comment       0x0000000000000043       0x44 ./Core/Src/Can_Interface.o
 .comment       0x0000000000000043       0x44 ./Core/Src/Encrypt.o
 .comment       0x0000000000000043       0x44 ./Core/Src/FlashReprogram_Interface.o
 .comment       0x0000000000000043       0x44 ./Core/Src/FontsSSD1306.o
 .comment       0x0000000000000043       0x44 ./Core/Src/ReceiveUpdate.o
 .comment       0x0000000000000043       0x44 ./Core/Src/Rte.o
 .comment       0x0000000000000043       0x44 ./Core/Src/SSD1306.o
 .comment       0x0000000000000043       0x44 ./Core/Src/Transmit.o
 .comment       0x0000000000000043       0x44 ./Core/Src/UserInterface.o
 .comment       0x0000000000000043       0x44 ./Core/Src/aes.o
 .comment       0x0000000000000043       0x44 ./Core/Src/main.o
 .comment       0x0000000000000043       0x44 ./Core/Src/stm32f1xx_hal_msp.o
 .comment       0x0000000000000043       0x44 ./Core/Src/stm32f1xx_it.o
 .comment       0x0000000000000043       0x44 ./Core/Src/sysmem.o
 .comment       0x0000000000000043       0x44 ./Core/Src/system_stm32f1xx.o
 .comment       0x0000000000000043       0x44 ./Drivers/STM32F1xx_HAL_Driver/Src/stm32f1xx_hal.o
 .comment       0x0000000000000043       0x44 ./Drivers/STM32F1xx_HAL_Driver/Src/stm32f1xx_hal_can.o
 .comment       0x0000000000000043       0x44 ./Drivers/STM32F1xx_HAL_Driver/Src/stm32f1xx_hal_cortex.o
 .comment       0x0000000000000043       0x44 ./Drivers/STM32F1xx_HAL_Driver/Src/stm32f1xx_hal_crc.o
 .comment       0x0000000000000043       0x44 ./Drivers/STM32F1xx_HAL_Driver/Src/stm32f1xx_hal_dma.o
 .comment       0x0000000000000043       0x44 ./Drivers/STM32F1xx_HAL_Driver/Src/stm32f1xx_hal_flash.o
 .comment       0x0000000000000043       0x44 ./Drivers/STM32F1xx_HAL_Driver/Src/stm32f1xx_hal_flash_ex.o
 .comment       0x0000000000000043       0x44 ./Drivers/STM32F1xx_HAL_Driver/Src/stm32f1xx_hal_gpio.o
 .comment       0x0000000000000043       0x44 ./Drivers/STM32F1xx_HAL_Driver/Src/stm32f1xx_hal_i2c.o
 .comment       0x0000000000000043       0x44 ./Drivers/STM32F1xx_HAL_Driver/Src/stm32f1xx_hal_iwdg.o
 .comment       0x0000000000000043       0x44 ./Drivers/STM32F1xx_HAL_Driver/Src/stm32f1xx_hal_rcc.o
 .comment       0x0000000000000043       0x44 ./Drivers/STM32F1xx_HAL_Driver/Src/stm32f1xx_hal_uart.o

.debug_info     0x0000000000000000    0x109bf
 .debug_info    0x0000000000000000      0x870 ./Core/Src/Can_Interface.o
 .debug_info    0x0000000000000870      0x2c9 ./Core/Src/Encrypt.o
 .debug_info    0x0000000000000b39      0x30d ./Core/Src/FlashReprogram_Interface.o
 .debug_info    0x0000000000000e46      0x255 ./Core/Src/FontsSSD1306.o
 .debug_info    0x000000000000109b      0x855 ./Core/Src/ReceiveUpdate.o
 .debug_info    0x00000000000018f0      0x5eb ./Core/Src/Rte.o
 .debug_info    0x0000000000001edb      0xb0f ./Core/Src/SSD1306.o
 .debug_info    0x00000000000029ea      0x724 ./Core/Src/Transmit.o
 .debug_info    0x000000000000310e      0x607 ./Core/Src/UserInterface.o
 .debug_info    0x0000000000003715      0x672 ./Core/Src/aes.o
 .debug_info    0x0000000000003d87     0x14f6 ./Core/Src/main.o
 .debug_info    0x000000000000527d     0x1222 ./Core/Src/stm32f1xx_hal_msp.o
 .debug_info    0x000000000000649f      0x5eb ./Core/Src/stm32f1xx_it.o
 .debug_info    0x0000000000006a8a      0x168 ./Core/Src/sysmem.o
 .debug_info    0x0000000000006bf2      0x222 ./Core/Src/system_stm32f1xx.o
 .debug_info    0x0000000000006e14       0x23 ./Core/Startup/startup_stm32f103c8tx.o
 .debug_info    0x0000000000006e37      0x704 ./Drivers/STM32F1xx_HAL_Driver/Src/stm32f1xx_hal.o
 .debug_info    0x000000000000753b      0xf27 ./Drivers/STM32F1xx_HAL_Driver/Src/stm32f1xx_hal_can.o
 .debug_info    0x0000000000008462      0xa87 ./Drivers/STM32F1xx_HAL_Driver/Src/stm32f1xx_hal_cortex.o
 .debug_info    0x0000000000008ee9      0x37f ./Drivers/STM32F1xx_HAL_Driver/Src/stm32f1xx_hal_crc.o
 .debug_info    0x0000000000009268      0x6d2 ./Drivers/STM32F1xx_HAL_Driver/Src/stm32f1xx_hal_dma.o
 .debug_info    0x000000000000993a      0x4f8 ./Drivers/STM32F1xx_HAL_Driver/Src/stm32f1xx_hal_flash.o
 .debug_info    0x0000000000009e32      0x777 ./Drivers/STM32F1xx_HAL_Driver/Src/stm32f1xx_hal_flash_ex.o
 .debug_info    0x000000000000a5a9      0x5ab ./Drivers/STM32F1xx_HAL_Driver/Src/stm32f1xx_hal_gpio.o
 .debug_info    0x000000000000ab54     0x2515 ./Drivers/STM32F1xx_HAL_Driver/Src/stm32f1xx_hal_i2c.o
 .debug_info    0x000000000000d069      0x1d9 ./Drivers/STM32F1xx_HAL_Driver/Src/stm32f1xx_hal_iwdg.o
 .debug_info    0x000000000000d242      0x7d5 ./Drivers/STM32F1xx_HAL_Driver/Src/stm32f1xx_hal_rcc.o
 .debug_info    0x000000000000da17     0x2fa8 ./Drivers/STM32F1xx_HAL_Driver/Src/stm32f1xx_hal_uart.o

.debug_abbrev   0x0000000000000000     0x34c4
 .debug_abbrev  0x0000000000000000      0x1b5 ./Core/Src/Can_Interface.o
 .debug_abbrev  0x00000000000001b5      0x145 ./Core/Src/Encrypt.o
 .debug_abbrev  0x00000000000002fa      0x11b ./Core/Src/FlashReprogram_Interface.o
 .debug_abbrev  0x0000000000000415      0x11c ./Core/Src/FontsSSD1306.o
 .debug_abbrev  0x0000000000000531      0x1d8 ./Core/Src/ReceiveUpdate.o
 .debug_abbrev  0x0000000000000709       0xe7 ./Core/Src/Rte.o
 .debug_abbrev  0x00000000000007f0      0x2a3 ./Core/Src/SSD1306.o
 .debug_abbrev  0x0000000000000a93      0x203 ./Core/Src/Transmit.o
 .debug_abbrev  0x0000000000000c96      0x262 ./Core/Src/UserInterface.o
 .debug_abbrev  0x0000000000000ef8      0x202 ./Core/Src/aes.o
 .debug_abbrev  0x00000000000010fa      0x31e ./Core/Src/main.o
 .debug_abbrev  0x0000000000001418      0x26c ./Core/Src/stm32f1xx_hal_msp.o
 .debug_abbrev  0x0000000000001684      0x176 ./Core/Src/stm32f1xx_it.o
 .debug_abbrev  0x00000000000017fa       0xbc ./Core/Src/sysmem.o
 .debug_abbrev  0x00000000000018b6      0x13f ./Core/Src/system_stm32f1xx.o
 .debug_abbrev  0x00000000000019f5       0x12 ./Core/Startup/startup_stm32f103c8tx.o
 .debug_abbrev  0x0000000000001a07      0x201 ./Drivers/STM32F1xx_HAL_Driver/Src/stm32f1xx_hal.o
 .debug_abbrev  0x0000000000001c08      0x22d ./Drivers/STM32F1xx_HAL_Driver/Src/stm32f1xx_hal_can.o
 .debug_abbrev  0x0000000000001e35      0x2f8 ./Drivers/STM32F1xx_HAL_Driver/Src/stm32f1xx_hal_cortex.o
 .debug_abbrev  0x000000000000212d      0x1b1 ./Drivers/STM32F1xx_HAL_Driver/Src/stm32f1xx_hal_crc.o
 .debug_abbrev  0x00000000000022de      0x20b ./Drivers/STM32F1xx_HAL_Driver/Src/stm32f1xx_hal_dma.o
 .debug_abbrev  0x00000000000024e9      0x250 ./Drivers/STM32F1xx_HAL_Driver/Src/stm32f1xx_hal_flash.o
 .debug_abbrev  0x0000000000002739      0x247 ./Drivers/STM32F1xx_HAL_Driver/Src/stm32f1xx_hal_flash_ex.o
 .debug_abbrev  0x0000000000002980      0x1ca ./Drivers/STM32F1xx_HAL_Driver/Src/stm32f1xx_hal_gpio.o
 .debug_abbrev  0x0000000000002b4a      0x2a3 ./Drivers/STM32F1xx_HAL_Driver/Src/stm32f1xx_hal_i2c.o
 .debug_abbrev  0x0000000000002ded      0x12c ./Drivers/STM32F1xx_HAL_Driver/Src/stm32f1xx_hal_iwdg.o
 .debug_abbrev  0x0000000000002f19      0x2b3 ./Drivers/STM32F1xx_HAL_Driver/Src/stm32f1xx_hal_rcc.o
 .debug_abbrev  0x00000000000031cc      0x2f8 ./Drivers/STM32F1xx_HAL_Driver/Src/stm32f1xx_hal_uart.o

.debug_aranges  0x0000000000000000      0xff8
 .debug_aranges
                0x0000000000000000       0x48 ./Core/Src/Can_Interface.o
 .debug_aranges
                0x0000000000000048       0x28 ./Core/Src/Encrypt.o
 .debug_aranges
                0x0000000000000070       0x40 ./Core/Src/FlashReprogram_Interface.o
 .debug_aranges
                0x00000000000000b0       0x20 ./Core/Src/FontsSSD1306.o
 .debug_aranges
                0x00000000000000d0       0x30 ./Core/Src/ReceiveUpdate.o
 .debug_aranges
                0x0000000000000100       0xa8 ./Core/Src/Rte.o
 .debug_aranges
                0x00000000000001a8       0x90 ./Core/Src/SSD1306.o
 .debug_aranges
                0x0000000000000238       0x60 ./Core/Src/Transmit.o
 .debug_aranges
                0x0000000000000298       0x68 ./Core/Src/UserInterface.o
 .debug_aranges
                0x0000000000000300       0xa0 ./Core/Src/aes.o
 .debug_aranges
                0x00000000000003a0       0x58 ./Core/Src/main.o
 .debug_aranges
                0x00000000000003f8       0x60 ./Core/Src/stm32f1xx_hal_msp.o
 .debug_aranges
                0x0000000000000458       0x68 ./Core/Src/stm32f1xx_it.o
 .debug_aranges
                0x00000000000004c0       0x20 ./Core/Src/sysmem.o
 .debug_aranges
                0x00000000000004e0       0x28 ./Core/Src/system_stm32f1xx.o
 .debug_aranges
                0x0000000000000508       0x28 ./Core/Startup/startup_stm32f103c8tx.o
 .debug_aranges
                0x0000000000000530       0xe0 ./Drivers/STM32F1xx_HAL_Driver/Src/stm32f1xx_hal.o
 .debug_aranges
                0x0000000000000610      0x138 ./Drivers/STM32F1xx_HAL_Driver/Src/stm32f1xx_hal_can.o
 .debug_aranges
                0x0000000000000748      0x100 ./Drivers/STM32F1xx_HAL_Driver/Src/stm32f1xx_hal_cortex.o
 .debug_aranges
                0x0000000000000848       0x50 ./Drivers/STM32F1xx_HAL_Driver/Src/stm32f1xx_hal_crc.o
 .debug_aranges
                0x0000000000000898       0x80 ./Drivers/STM32F1xx_HAL_Driver/Src/stm32f1xx_hal_dma.o
 .debug_aranges
                0x0000000000000918       0x88 ./Drivers/STM32F1xx_HAL_Driver/Src/stm32f1xx_hal_flash.o
 .debug_aranges
                0x00000000000009a0       0x98 ./Drivers/STM32F1xx_HAL_Driver/Src/stm32f1xx_hal_flash_ex.o
 .debug_aranges
                0x0000000000000a38       0x58 ./Drivers/STM32F1xx_HAL_Driver/Src/stm32f1xx_hal_gpio.o
 .debug_aranges
                0x0000000000000a90      0x2a8 ./Drivers/STM32F1xx_HAL_Driver/Src/stm32f1xx_hal_i2c.o
 .debug_aranges
                0x0000000000000d38       0x28 ./Drivers/STM32F1xx_HAL_Driver/Src/stm32f1xx_hal_iwdg.o
 .debug_aranges
                0x0000000000000d60       0x90 ./Drivers/STM32F1xx_HAL_Driver/Src/stm32f1xx_hal_rcc.o
 .debug_aranges
                0x0000000000000df0      0x208 ./Drivers/STM32F1xx_HAL_Driver/Src/stm32f1xx_hal_uart.o

.debug_rnglists
                0x0000000000000000      0xc5b
 .debug_rnglists
                0x0000000000000000       0x34 ./Core/Src/Can_Interface.o
 .debug_rnglists
                0x0000000000000034       0x1a ./Core/Src/Encrypt.o
 .debug_rnglists
                0x000000000000004e       0x2b ./Core/Src/FlashReprogram_Interface.o
 .debug_rnglists
                0x0000000000000079       0x13 ./Core/Src/FontsSSD1306.o
 .debug_rnglists
                0x000000000000008c       0x22 ./Core/Src/ReceiveUpdate.o
 .debug_rnglists
                0x00000000000000ae       0x79 ./Core/Src/Rte.o
 .debug_rnglists
                0x0000000000000127       0x6d ./Core/Src/SSD1306.o
 .debug_rnglists
                0x0000000000000194       0x47 ./Core/Src/Transmit.o
 .debug_rnglists
                0x00000000000001db       0x76 ./Core/Src/UserInterface.o
 .debug_rnglists
                0x0000000000000251       0x78 ./Core/Src/aes.o
 .debug_rnglists
                0x00000000000002c9       0x40 ./Core/Src/main.o
 .debug_rnglists
                0x0000000000000309       0x45 ./Core/Src/stm32f1xx_hal_msp.o
 .debug_rnglists
                0x000000000000034e       0x49 ./Core/Src/stm32f1xx_it.o
 .debug_rnglists
                0x0000000000000397       0x13 ./Core/Src/sysmem.o
 .debug_rnglists
                0x00000000000003aa       0x1a ./Core/Src/system_stm32f1xx.o
 .debug_rnglists
                0x00000000000003c4       0x19 ./Core/Startup/startup_stm32f103c8tx.o
 .debug_rnglists
                0x00000000000003dd       0xa3 ./Drivers/STM32F1xx_HAL_Driver/Src/stm32f1xx_hal.o
 .debug_rnglists
                0x0000000000000480       0xee ./Drivers/STM32F1xx_HAL_Driver/Src/stm32f1xx_hal_can.o
 .debug_rnglists
                0x000000000000056e       0xbb ./Drivers/STM32F1xx_HAL_Driver/Src/stm32f1xx_hal_cortex.o
 .debug_rnglists
                0x0000000000000629       0x37 ./Drivers/STM32F1xx_HAL_Driver/Src/stm32f1xx_hal_crc.o
 .debug_rnglists
                0x0000000000000660       0x64 ./Drivers/STM32F1xx_HAL_Driver/Src/stm32f1xx_hal_dma.o
 .debug_rnglists
                0x00000000000006c4       0x66 ./Drivers/STM32F1xx_HAL_Driver/Src/stm32f1xx_hal_flash.o
 .debug_rnglists
                0x000000000000072a       0x74 ./Drivers/STM32F1xx_HAL_Driver/Src/stm32f1xx_hal_flash_ex.o
 .debug_rnglists
                0x000000000000079e       0x3f ./Drivers/STM32F1xx_HAL_Driver/Src/stm32f1xx_hal_gpio.o
 .debug_rnglists
                0x00000000000007dd      0x23c ./Drivers/STM32F1xx_HAL_Driver/Src/stm32f1xx_hal_i2c.o
 .debug_rnglists
                0x0000000000000a19       0x1a ./Drivers/STM32F1xx_HAL_Driver/Src/stm32f1xx_hal_iwdg.o
 .debug_rnglists
                0x0000000000000a33       0x6c ./Drivers/STM32F1xx_HAL_Driver/Src/stm32f1xx_hal_rcc.o
 .debug_rnglists
                0x0000000000000a9f      0x1bc ./Drivers/STM32F1xx_HAL_Driver/Src/stm32f1xx_hal_uart.o

.debug_macro    0x0000000000000000    0x19e76
 .debug_macro   0x0000000000000000      0x220 ./Core/Src/Can_Interface.o
 .debug_macro   0x0000000000000220      0xa9c ./Core/Src/Can_Interface.o
 .debug_macro   0x0000000000000cbc      0x22d ./Core/Src/Can_Interface.o
 .debug_macro   0x0000000000000ee9       0x2e ./Core/Src/Can_Interface.o
 .debug_macro   0x0000000000000f17       0x22 ./Core/Src/Can_Interface.o
 .debug_macro   0x0000000000000f39       0x22 ./Core/Src/Can_Interface.o
 .debug_macro   0x0000000000000f5b       0x8e ./Core/Src/Can_Interface.o
 .debug_macro   0x0000000000000fe9       0x51 ./Core/Src/Can_Interface.o
 .debug_macro   0x000000000000103a      0x103 ./Core/Src/Can_Interface.o
 .debug_macro   0x000000000000113d       0x6a ./Core/Src/Can_Interface.o
 .debug_macro   0x00000000000011a7      0x1df ./Core/Src/Can_Interface.o
 .debug_macro   0x0000000000001386       0x1c ./Core/Src/Can_Interface.o
 .debug_macro   0x00000000000013a2       0x22 ./Core/Src/Can_Interface.o
 .debug_macro   0x00000000000013c4       0xbd ./Core/Src/Can_Interface.o
 .debug_macro   0x0000000000001481      0xd23 ./Core/Src/Can_Interface.o
 .debug_macro   0x00000000000021a4     0xe09e ./Core/Src/Can_Interface.o
 .debug_macro   0x0000000000010242       0x6d ./Core/Src/Can_Interface.o
 .debug_macro   0x00000000000102af     0x348d ./Core/Src/Can_Interface.o
 .debug_macro   0x000000000001373c      0x174 ./Core/Src/Can_Interface.o
 .debug_macro   0x00000000000138b0       0x5c ./Core/Src/Can_Interface.o
 .debug_macro   0x000000000001390c      0x5bc ./Core/Src/Can_Interface.o
 .debug_macro   0x0000000000013ec8      0x289 ./Core/Src/Can_Interface.o
 .debug_macro   0x0000000000014151      0x1cb ./Core/Src/Can_Interface.o
 .debug_macro   0x000000000001431c      0x114 ./Core/Src/Can_Interface.o
 .debug_macro   0x0000000000014430      0x1b2 ./Core/Src/Can_Interface.o
 .debug_macro   0x00000000000145e2       0x27 ./Core/Src/Can_Interface.o
 .debug_macro   0x0000000000014609      0x136 ./Core/Src/Can_Interface.o
 .debug_macro   0x000000000001473f      0x1bc ./Core/Src/Can_Interface.o
 .debug_macro   0x00000000000148fb       0x34 ./Core/Src/Can_Interface.o
 .debug_macro   0x000000000001492f       0x3c ./Core/Src/Can_Interface.o
 .debug_macro   0x000000000001496b      0x408 ./Core/Src/Can_Interface.o
 .debug_macro   0x0000000000014d73       0x57 ./Core/Src/Can_Interface.o
 .debug_macro   0x0000000000014dca       0x22 ./Core/Src/Can_Interface.o
 .debug_macro   0x0000000000014dec       0x87 ./Core/Src/Can_Interface.o
 .debug_macro   0x0000000000014e73      0x240 ./Core/Src/Can_Interface.o
 .debug_macro   0x00000000000150b3      0x287 ./Core/Src/Can_Interface.o
 .debug_macro   0x000000000001533a       0x78 ./Core/Src/Can_Interface.o
 .debug_macro   0x00000000000153b2      0x140 ./Core/Src/Can_Interface.o
 .debug_macro   0x00000000000154f2      0x28e ./Core/Src/Can_Interface.o
 .debug_macro   0x0000000000015780       0x83 ./Core/Src/Can_Interface.o
 .debug_macro   0x0000000000015803       0x52 ./Core/Src/Can_Interface.o
 .debug_macro   0x0000000000015855       0x16 ./Core/Src/Can_Interface.o
 .debug_macro   0x000000000001586b       0x3a ./Core/Src/Can_Interface.o
 .debug_macro   0x00000000000158a5       0x2e ./Core/Src/Can_Interface.o
 .debug_macro   0x00000000000158d3       0x3a ./Core/Src/Can_Interface.o
 .debug_macro   0x000000000001590d       0x22 ./Core/Src/Can_Interface.o
 .debug_macro   0x000000000001592f       0x28 ./Core/Src/Can_Interface.o
 .debug_macro   0x0000000000015957       0x10 ./Core/Src/Can_Interface.o
 .debug_macro   0x0000000000015967      0x237 ./Core/Src/Encrypt.o
 .debug_macro   0x0000000000015b9e       0x10 ./Core/Src/Encrypt.o
 .debug_macro   0x0000000000015bae       0x28 ./Core/Src/Encrypt.o
 .debug_macro   0x0000000000015bd6       0x2e ./Core/Src/Encrypt.o
 .debug_macro   0x0000000000015c04      0x21a ./Core/Src/FlashReprogram_Interface.o
 .debug_macro   0x0000000000015e1e       0x22 ./Core/Src/FlashReprogram_Interface.o
 .debug_macro   0x0000000000015e40      0x28e ./Core/Src/FontsSSD1306.o
 .debug_macro   0x00000000000160ce       0x61 ./Core/Src/FontsSSD1306.o
 .debug_macro   0x000000000001612f       0x24 ./Core/Src/FontsSSD1306.o