Archive member included to satisfy reference by file (symbol)

C:/ST/STM32CubeIDE_1.13.1/STM32CubeIDE/plugins/com.st.stm32cube.ide.mcu.externaltools.gnu-tools-for-stm32.11.3.rel1.win32_1.1.0.202305231506/tools/bin/../lib/gcc/arm-none-eabi/11.3.1/../../../../arm-none-eabi/lib/thumb/v7-m/nofp\libc_nano.a(libc_a-exit.o)
                              C:/ST/STM32CubeIDE_1.13.1/STM32CubeIDE/plugins/com.st.stm32cube.ide.mcu.externaltools.gnu-tools-for-stm32.11.3.rel1.win32_1.1.0.202305231506/tools/bin/../lib/gcc/arm-none-eabi/11.3.1/../../../../arm-none-eabi/lib/thumb/v7-m/nofp/crt0.o (exit)
C:/ST/STM32CubeIDE_1.13.1/STM32CubeIDE/plugins/com.st.stm32cube.ide.mcu.externaltools.gnu-tools-for-stm32.11.3.rel1.win32_1.1.0.202305231506/tools/bin/../lib/gcc/arm-none-eabi/11.3.1/../../../../arm-none-eabi/lib/thumb/v7-m/nofp\libc_nano.a(libc_a-findfp.o)
                              C:/ST/STM32CubeIDE_1.13.1/STM32CubeIDE/plugins/com.st.stm32cube.ide.mcu.externaltools.gnu-tools-for-stm32.11.3.rel1.win32_1.1.0.202305231506/tools/bin/../lib/gcc/arm-none-eabi/11.3.1/../../../../arm-none-eabi/lib/thumb/v7-m/nofp\libc_nano.a(libc_a-exit.o) (__stdio_exit_handler)
C:/ST/STM32CubeIDE_1.13.1/STM32CubeIDE/plugins/com.st.stm32cube.ide.mcu.externaltools.gnu-tools-for-stm32.11.3.rel1.win32_1.1.0.202305231506/tools/bin/../lib/gcc/arm-none-eabi/11.3.1/../../../../arm-none-eabi/lib/thumb/v7-m/nofp\libc_nano.a(libc_a-fwalk.o)
                              C:/ST/STM32CubeIDE_1.13.1/STM32CubeIDE/plugins/com.st.stm32cube.ide.mcu.externaltools.gnu-tools-for-stm32.11.3.rel1.win32_1.1.0.202305231506/tools/bin/../lib/gcc/arm-none-eabi/11.3.1/../../../../arm-none-eabi/lib/thumb/v7-m/nofp\libc_nano.a(libc_a-findfp.o) (_fwalk_sglue)
C:/ST/STM32CubeIDE_1.13.1/STM32CubeIDE/plugins/com.st.stm32cube.ide.mcu.externaltools.gnu-tools-for-stm32.11.3.rel1.win32_1.1.0.202305231506/tools/bin/../lib/gcc/arm-none-eabi/11.3.1/../../../../arm-none-eabi/lib/thumb/v7-m/nofp\libc_nano.a(libc_a-sprintf.o)
                              ./Core/Src/UserInterface.o (sprintf)
C:/ST/STM32CubeIDE_1.13.1/STM32CubeIDE/plugins/com.st.stm32cube.ide.mcu.externaltools.gnu-tools-for-stm32.11.3.rel1.win32_1.1.0.202305231506/tools/bin/../lib/gcc/arm-none-eabi/11.3.1/../../../../arm-none-eabi/lib/thumb/v7-m/nofp\libc_nano.a(libc_a-stdio.o)
                              C:/ST/STM32CubeIDE_1.13.1/STM32CubeIDE/plugins/com.st.stm32cube.ide.mcu.externaltools.gnu-tools-for-stm32.11.3.rel1.win32_1.1.0.202305231506/tools/bin/../lib/gcc/arm-none-eabi/11.3.1/../../../../arm-none-eabi/lib/thumb/v7-m/nofp\libc_nano.a(libc_a-findfp.o) (__sread)
C:/ST/STM32CubeIDE_1.13.1/STM32CubeIDE/plugins/com.st.stm32cube.ide.mcu.externaltools.gnu-tools-for-stm32.11.3.rel1.win32_1.1.0.202305231506/tools/bin/../lib/gcc/arm-none-eabi/11.3.1/../../../../arm-none-eabi/lib/thumb/v7-m/nofp\libc_nano.a(libc_a-memset.o)
                              C:/ST/STM32CubeIDE_1.13.1/STM32CubeIDE/plugins/com.st.stm32cube.ide.mcu.externaltools.gnu-tools-for-stm32.11.3.rel1.win32_1.1.0.202305231506/tools/bin/../lib/gcc/arm-none-eabi/11.3.1/../../../../arm-none-eabi/lib/thumb/v7-m/nofp/crt0.o (memset)
C:/ST/STM32CubeIDE_1.13.1/STM32CubeIDE/plugins/com.st.stm32cube.ide.mcu.externaltools.gnu-tools-for-stm32.11.3.rel1.win32_1.1.0.202305231506/tools/bin/../lib/gcc/arm-none-eabi/11.3.1/../../../../arm-none-eabi/lib/thumb/v7-m/nofp\libc_nano.a(libc_a-closer.o)
                              C:/ST/STM32CubeIDE_1.13.1/STM32CubeIDE/plugins/com.st.stm32cube.ide.mcu.externaltools.gnu-tools-for-stm32.11.3.rel1.win32_1.1.0.202305231506/tools/bin/../lib/gcc/arm-none-eabi/11.3.1/../../../../arm-none-eabi/lib/thumb/v7-m/nofp\libc_nano.a(libc_a-stdio.o) (_close_r)
C:/ST/STM32CubeIDE_1.13.1/STM32CubeIDE/plugins/com.st.stm32cube.ide.mcu.externaltools.gnu-tools-for-stm32.11.3.rel1.win32_1.1.0.202305231506/tools/bin/../lib/gcc/arm-none-eabi/11.3.1/../../../../arm-none-eabi/lib/thumb/v7-m/nofp\libc_nano.a(libc_a-reent.o)
                              C:/ST/STM32CubeIDE_1.13.1/STM32CubeIDE/plugins/com.st.stm32cube.ide.mcu.externaltools.gnu-tools-for-stm32.11.3.rel1.win32_1.1.0.202305231506/tools/bin/../lib/gcc/arm-none-eabi/11.3.1/../../../../arm-none-eabi/lib/thumb/v7-m/nofp\libc_nano.a(libc_a-closer.o) (errno)
C:/ST/STM32CubeIDE_1.13.1/STM32CubeIDE/plugins/com.st.stm32cube.ide.mcu.externaltools.gnu-tools-for-stm32.11.3.rel1.win32_1.1.0.202305231506/tools/bin/../lib/gcc/arm-none-eabi/11.3.1/../../../../arm-none-eabi/lib/thumb/v7-m/nofp\libc_nano.a(libc_a-impure.o)
                              C:/ST/STM32CubeIDE_1.13.1/STM32CubeIDE/plugins/com.st.stm32cube.ide.mcu.externaltools.gnu-tools-for-stm32.11.3.rel1.win32_1.1.0.202305231506/tools/bin/../lib/gcc/arm-none-eabi/11.3.1/../../../../arm-none-eabi/lib/thumb/v7-m/nofp\libc_nano.a(libc_a-sprintf.o) (_impure_ptr)
[...]
Memory Configuration

Name             Origin             Length             Attributes
RAM              0x0000000020000000 0x0000000000005000 xrw
FLASH            0x0000000008000000 0x000000000000a000 xr
*default*        0x0000000000000000 0xffffffffffffffff

Linker script and memory map

LOAD C:/ST/STM32CubeIDE_1.13.1/STM32CubeIDE/plugins/com.st.stm32cube.ide.mcu.externaltools.gnu-tools-for-stm32.11.3.rel1.win32_1.1.0.202305231506/tools/bin/../lib/gcc/arm-none-eabi/11.3.1/thumb/v7-m/nofp/crti.o
LOAD C:/ST/STM32CubeIDE_1.13.1/STM32CubeIDE/plugins/com.st.stm32cube.ide.mcu.externaltools.gnu-tools-for-stm32.11.3.rel1.win32_1.1.0.202305231506/tools/bin/../lib/gcc/arm-none-eabi/11.3.1/thumb/v7-m/nofp/crtbegin.o
LOAD C:/ST/STM32CubeIDE_1.13.1/STM32CubeIDE/plugins/com.st.stm32cube.ide.mcu.externaltools.gnu-tools-for-stm32.11.3.rel1.win32_1.1.0.202305231506/tools/bin/../lib/gcc/arm-none-eabi/11.3.1/../../../../arm-none-eabi/lib/thumb/v7-m/nofp/crt0.o
LOAD ./Core/Src/Can_Interface.o
LOAD ./Core/Src/Decrypt.o
LOAD ./Core/Src/FlashReprogram_Interface.o
LOAD ./Core/Src/FontsSSD1306.o
LOAD ./Core/Src/ReceiveUpdate.o
LOAD ./Core/Src/Rte.o
LOAD ./Core/Src/SSD1306.o
LOAD ./Core/Src/Transmit.o
LOAD ./Core/Src/UserInterface.o
LOAD ./Core/Src/main.o
LOAD ./Core/Src/stm32f1xx_hal_msp.o
LOAD ./Core/Src/stm32f1xx_it.o
LOAD ./Core/Src/syscalls.o
LOAD ./Core/Src/sysmem.o
LOAD ./Core/Src/system_stm32f1xx.o
LOAD ./Core/Startup/startup_stm32f103c8tx.o
LOAD ./Drivers/STM32F1xx_HAL_Driver/Src/stm32f1xx_hal.o
LOAD ./Drivers/STM32F1xx_HAL_Driver/Src/stm32f1xx_hal_can.o
LOAD ./Drivers/STM32F1xx_HAL_Driver/Src/stm32f1xx_hal_cortex.o
LOAD ./Drivers/STM32F1xx_HAL_Driver/Src/stm32f1xx_hal_dma.o
LOAD ./Drivers/STM32F1xx_HAL_Driver/Src/stm32f1xx_hal_exti.o
LOAD ./Drivers/STM32F1xx_HAL_Driver/Src/stm32f1xx_hal_flash.o
LOAD ./Drivers/STM32F1xx_HAL_Driver/Src/stm32f1xx_hal_flash_ex.o
LOAD ./Drivers/STM32F1xx_HAL_Driver/Src/stm32f1xx_hal_gpio.o
LOAD ./Drivers/STM32F1xx_HAL_Driver/Src/stm32f1xx_hal_gpio_ex.o
LOAD ./Drivers/STM32F1xx_HAL_Driver/Src/stm32f1xx_hal_i2c.o
LOAD ./Drivers/STM32F1xx_HAL_Driver/Src/stm32f1xx_hal_pwr.o
LOAD ./Drivers/STM32F1xx_HAL_Driver/Src/stm32f1xx_hal_rcc.o
LOAD ./Drivers/STM32F1xx_HAL_Driver/Src/stm32f1xx_hal_rcc_ex.o
LOAD ./Drivers/STM32F1xx_HAL_Driver/Src/stm32f1xx_hal_tim.o
LOAD ./Drivers/STM32F1xx_HAL_Driver/Src/stm32f1xx_hal_tim_ex.o
LOAD ./Drivers/STM32F1xx_HAL_Driver/Src/stm32f1xx_hal_uart.o
START GROUP
LOAD C:/ST/STM32CubeIDE_1.13.1/STM32CubeIDE/plugins/com.st.stm32cube.ide.mcu.externaltools.gnu-tools-for-stm32.11.3.rel1.win32_1.1.0.202305231506/tools/bin/../lib/gcc/arm-none-eabi/11.3.1/../../../../arm-none-eabi/lib/thumb/v7-m/nofp\libc_nano.a
LOAD C:/ST/STM32CubeIDE_1.13.1/STM32CubeIDE/plugins/com.st.stm32cube.ide.mcu.externaltools.gnu-tools-for-stm32.11.3.rel1.win32_1.1.0.202305231506/tools/bin/../lib/gcc/arm-none-eabi/11.3.1/../../../../arm-none-eabi/lib/thumb/v7-m/nofp\libm.a
END GROUP
START GROUP
LOAD C:/ST/STM32CubeIDE_1.13.1/STM32CubeIDE/plugins/com.st.stm32cube.ide.mcu.externaltools.gnu-tools-for-stm32.11.3.rel1.win32_1.1.0.202305231506/tools/bin/../lib/gcc/arm-none-eabi/11.3.1/thumb/v7-m/nofp\libgcc.a
LOAD C:/ST/STM32CubeIDE_1.13.1/STM32CubeIDE/plugins/com.st.stm32cube.ide.mcu.externaltools.gnu-tools-for-stm32.11.3.rel1.win32_1.1.0.202305231506/tools/bin/../lib/gcc/arm-none-eabi/11.3.1/../../../../arm-none-eabi/lib/thumb/v7-m/nofp\libc_nano.a
END GROUP
START GROUP
LOAD C:/ST/STM32CubeIDE_1.13.1/STM32CubeIDE/plugins/com.st.stm32cube.ide.mcu.externaltools.gnu-tools-for-stm32.11.3.rel1.win32_1.1.0.202305231506/tools/bin/../lib/gcc/arm-none-eabi/11.3.1/thumb/v7-m/nofp\libgcc.a
LOAD C:/ST/STM32CubeIDE_1.13.1/STM32CubeIDE/plugins/com.st.stm32cube.ide.mcu.externaltools.gnu-tools-for-stm32.11.3.rel1.win32_1.1.0.202305231506/tools/bin/../lib/gcc/arm-none-eabi/11.3.1/../../../../arm-none-eabi/lib/thumb/v7-m/nofp\libc_nano.a
LOAD C:/ST/STM32CubeIDE_1.13.1/STM32CubeIDE/plugins/com.st.stm32cube.ide.mcu.externaltools.gnu-tools-for-stm32.11.3.rel1.win32_1.1.0.202305231506/tools/bin/../lib/gcc/arm-none-eabi/11.3.1/../../../../arm-none-eabi/lib/thumb/v7-m/nofp\libnosys.a
END GROUP
START GROUP
LOAD C:/ST/STM32CubeIDE_1.13.1/STM32CubeIDE/plugins/com.st.stm32cube.ide.mcu.externaltools.gnu-tools-for-stm32.11.3.rel1.win32_1.1.0.202305231506/tools/bin/../lib/gcc/arm-none-eabi/11.3.1/thumb/v7-m/nofp\libgcc.a
LOAD C:/ST/STM32CubeIDE_1.13.1/STM32CubeIDE/plugins/com.st.stm32cube.ide.mcu.externaltools.gnu-tools-for-stm32.11.3.rel1.win32_1.1.0.202305231506/tools/bin/../lib/gcc/arm-none-eabi/11.3.1/../../../../arm-none-eabi/lib/thumb/v7-m/nofp\libc_nano.a
LOAD C:/ST/STM32CubeIDE_1.13.1/STM32CubeIDE/plugins/com.st.stm32cube.ide.mcu.externaltools.gnu-tools-for-stm32.11.3.rel1.win32_1.1.0.202305231506/tools/bin/../lib/gcc/arm-none-eabi/11.3.1/../../../../arm-none-eabi/lib/thumb/v7-m/nofp\libnosys.a
END GROUP
LOAD C:/ST/STM32CubeIDE_1.13.1/STM32CubeIDE/plugins/com.st.stm32cube.ide.mcu.externaltools.gnu-tools-for-stm32.11.3.rel1.win32_1.1.0.202305231506/tools/bin/../lib/gcc/arm-none-eabi/11.3.1/thumb/v7-m/nofp/crtend.o
LOAD C:/ST/STM32CubeIDE_1.13.1/STM32CubeIDE/plugins/com.st.stm32cube.ide.mcu.externaltools.gnu-tools-for-stm32.11.3.rel1.win32_1.1.0.202305231506/tools/bin/../lib/gcc/arm-none-eabi/11.3.1/thumb/v7-m/nofp/crtn.o
                0x0000000020005000                _estack = (ORIGIN (RAM) + LENGTH (RAM))
                0x0000000000000200                _Min_Heap_Size = 0x200
                0x0000000000000400                _Min_Stack_Size = 0x400

.isr_vector     0x0000000008000000      0x10c
                0x0000000008000000                . = ALIGN (0x4)
 *(.isr_vector)
 .isr_vector    0x0000000008000000      0x10c ./Core/Startup/startup_stm32f103c8tx.o
                0x0000000008000000                g_pfnVectors
                0x000000000800010c                . = ALIGN (0x4)

.text           0x000000000800010c     0x65e0
                0x000000000800010c                . = ALIGN (0x4)
 *(.text)
 .text          0x000000000800010c       0x40 C:/ST/STM32CubeIDE_1.13.1/STM32CubeIDE/plugins/com.st.stm32cube.ide.mcu.externaltools.gnu-tools-for-stm32.11.3.rel1.win32_1.1.0.202305231506/tools/bin/../lib/gcc/arm-none-eabi/11.3.1/thumb/v7-m/nofp/crtbegin.o
 .text          0x000000000800014c      0x21c C:/ST/STM32CubeIDE_1.13.1/STM32CubeIDE/plugins/com.st.stm32cube.ide.mcu.externaltools.gnu-tools-for-stm32.11.3.rel1.win32_1.1.0.202305231506/tools/bin/../lib/gcc/arm-none-eabi/11.3.1/thumb/v7-m/nofp\libgcc.a(_arm_addsubsf3.o)
                0x000000000800014c                __aeabi_frsub
                0x0000000008000154                __subsf3
                0x0000000008000154                __aeabi_fsub
                0x0000000008000158                __aeabi_fadd
                0x0000000008000158                __addsf3
                0x00000000080002b8                __aeabi_ui2f
                0x00000000080002b8                __floatunsisf
                0x00000000080002c0                __aeabi_i2f
                0x00000000080002c0                __floatsisf
                0x00000000080002dc                __aeabi_ul2f
                0x00000000080002dc                __floatundisf
                0x00000000080002ec                __aeabi_l2f
                0x00000000080002ec                __floatdisf
 .text          0x0000000008000368      0x2a0 C:/ST/STM32CubeIDE_1.13.1/STM32CubeIDE/plugins/com.st.stm32cube.ide.mcu.externaltools.gnu-tools-for-stm32.11.3.rel1.win32_1.1.0.202305231506/tools/bin/../lib/gcc/arm-none-eabi/11.3.1/thumb/v7-m/nofp\libgcc.a(_arm_muldivsf3.o)
                0x0000000008000368                __mulsf3
                0x0000000008000368                __aeabi_fmul
                0x00000000080004d0                __aeabi_fdiv
                0x00000000080004d0                __divsf3
 .text          0x0000000008000608       0x40 C:/ST/STM32CubeIDE_1.13.1/STM32CubeIDE/plugins/com.st.stm32cube.ide.mcu.externaltools.gnu-tools-for-stm32.11.3.rel1.win32_1.1.0.202305231506/tools/bin/../lib/gcc/arm-none-eabi/11.3.1/thumb/v7-m/nofp\libgcc.a(_arm_fixunssfsi.o)
                0x0000000008000608                __fixunssfsi
                0x0000000008000608                __aeabi_f2uiz
 *(.text*)
 .text.CAN_IF_Transmit_UDS_Request
                0x0000000008000648       0x64 ./Core/Src/Can_Interface.o
                0x0000000008000648                CAN_IF_Transmit_UDS_Request
 .text.CAN_IF_Trasmit_Data_Frame
                0x00000000080006ac       0x8c ./Core/Src/Can_Interface.o
                0x00000000080006ac                CAN_IF_Trasmit_Data_Frame
 .text.CAN_IF_Receive_UDS_Respond
                0x0000000008000738       0x44 ./Core/Src/Can_Interface.o
                0x0000000008000738                CAN_IF_Receive_UDS_Respond
 .text.Decrypt_Address_Read_Init
                0x000000000800077c       0x1c ./Core/Src/Decrypt.o
                0x000000000800077c                Decrypt_Address_Read_Init
 .text.Decrypt_MainFunction
                0x0000000008000798       0x98 ./Core/Src/Decrypt.o
                0x0000000008000798                Decrypt_MainFunction
 .text.FR_voidInitVariables
                0x0000000008000830       0x1c ./Core/Src/FlashReprogram_Interface.o
                0x0000000008000830                FR_voidInitVariables
 .text.FR_FlashBlockToAddress
                0x000000000800084c       0x7c ./Core/Src/FlashReprogram_Interface.o
                0x000000000800084c                FR_FlashBlockToAddress
 .text.FR_Erase_Image
                0x00000000080008c8       0x3e ./Core/Src/FlashReprogram_Interface.o
                0x00000000080008c8                FR_Erase_Image
 .text.FR_FlashHalfWordToAddress
                0x0000000008000906       0x36 ./Core/Src/FlashReprogram_Interface.o
                0x0000000008000906                FR_FlashHalfWordToAddress
 .text.ReceiveUpdate_InitializeModule
                0x000000000800093c       0x90 ./Core/Src/ReceiveUpdate.o
                0x000000000800093c                ReceiveUpdate_InitializeModule
 .text.ReceiveUpdate_MainFunction
                0x00000000080009cc      0x354 ./Core/Src/ReceiveUpdate.o
                0x00000000080009cc                ReceiveUpdate_MainFunction
 .text.HAL_UART_RxCpltCallback
                0x0000000008000d20       0xa8 ./Core/Src/ReceiveUpdate.o
                0x0000000008000d20                HAL_UART_RxCpltCallback
 .text.Rte_WriteNodeId
                0x0000000008000dc8       0x44 ./Core/Src/Rte.o
                0x0000000008000dc8                Rte_WriteNodeId
 .text.Rte_ReadNodeId
                0x0000000008000e0c       0x48 ./Core/Src/Rte.o
                0x0000000008000e0c                Rte_ReadNodeId
 .text.Rte_WriteCodeSize
                0x0000000008000e54       0x40 ./Core/Src/Rte.o
                0x0000000008000e54                Rte_WriteCodeSize
 .text.Rte_ReadCodeSize
                0x0000000008000e94       0x48 ./Core/Src/Rte.o
                0x0000000008000e94                Rte_ReadCodeSize
 .text.Rte_ReadCrc
                0x0000000008000edc       0x48 ./Core/Src/Rte.o
                0x0000000008000edc                Rte_ReadCrc
 .text.Rte_WriteHeaderAckFlag
                0x0000000008000f24       0x44 ./Core/Src/Rte.o
                0x0000000008000f24                Rte_WriteHeaderAckFlag
 .text.Rte_ReadHeaderAckFlag
                0x0000000008000f68       0x48 ./Core/Src/Rte.o
                0x0000000008000f68                Rte_ReadHeaderAckFlag
 .text.Rte_WriteDecryptedDataBuffer
                0x0000000008000fb0       0x48 ./Core/Src/Rte.o
                0x0000000008000fb0                Rte_WriteDecryptedDataBuffer
 .text.Rte_ReadDecryptedDataBuffer
                0x0000000008000ff8       0x48 ./Core/Src/Rte.o
                0x0000000008000ff8                Rte_ReadDecryptedDataBuffer
 .text.Rte_WriteDecryptedDataBufferFlag
                0x0000000008001040       0x44 ./Core/Src/Rte.o
                0x0000000008001040                Rte_WriteDecryptedDataBufferFlag
 .text.Rte_ReadDecryptedDataBufferFlag
                0x0000000008001084       0x48 ./Core/Src/Rte.o
                0x0000000008001084                Rte_ReadDecryptedDataBufferFlag
 .text.Rte_WriteSystemState
                0x00000000080010cc       0x44 ./Core/Src/Rte.o
                0x00000000080010cc                Rte_WriteSystemState
 .text.Rte_ReadSystemState
                0x0000000008001110       0x48 ./Core/Src/Rte.o
                0x0000000008001110                Rte_ReadSystemState
 .text.Rte_WriteUserResponse
                0x0000000008001158       0x44 ./Core/Src/Rte.o
                0x0000000008001158                Rte_WriteUserResponse
 .text.Rte_ReadUserResponse
                0x000000000800119c       0x48 ./Core/Src/Rte.o
                0x000000000800119c                Rte_ReadUserResponse
 .text.Rte_WriteUpdateProgress
                0x00000000080011e4       0x44 ./Core/Src/Rte.o
                0x00000000080011e4                Rte_WriteUpdateProgress
 .text.Rte_ReadUpdateProgress
                0x0000000008001228       0x48 ./Core/Src/Rte.o
                0x0000000008001228                Rte_ReadUpdateProgress
 .text.SSD1306_Init
                0x0000000008001270      0x188 ./Core/Src/SSD1306.o
                0x0000000008001270                SSD1306_Init
 .text.SSD1306_UpdateScreen
                0x00000000080013f8       0x5c ./Core/Src/SSD1306.o
                0x00000000080013f8                SSD1306_UpdateScreen
 .text.SSD1306_Fill
                0x0000000008001454       0x30 ./Core/Src/SSD1306.o
                0x0000000008001454                SSD1306_Fill
 .text.SSD1306_DrawPixel
                0x0000000008001484       0xbc ./Core/Src/SSD1306.o
                0x0000000008001484                SSD1306_DrawPixel
 .text.SSD1306_GotoXY
                0x0000000008001540       0x2c ./Core/Src/SSD1306.o
                0x0000000008001540                SSD1306_GotoXY
 .text.SSD1306_Putc
                0x000000000800156c      0x100 ./Core/Src/SSD1306.o
                0x000000000800156c                SSD1306_Putc
 .text.SSD1306_Puts
                0x000000000800166c       0x4a ./Core/Src/SSD1306.o
                0x000000000800166c                SSD1306_Puts
 .text.SSD1306_Clear
                0x00000000080016b6       0x12 ./Core/Src/SSD1306.o
                0x00000000080016b6                SSD1306_Clear
 .text.ssd1306_I2C_Init
                0x00000000080016c8       0x28 ./Core/Src/SSD1306.o
                0x00000000080016c8                ssd1306_I2C_Init
 .text.ssd1306_I2C_WriteMulti
                0x00000000080016f0       0xcc ./Core/Src/SSD1306.o
                0x00000000080016f0                ssd1306_I2C_WriteMulti
 .text.ssd1306_I2C_Write
                0x00000000080017bc       0x3c ./Core/Src/SSD1306.o
                0x00000000080017bc                ssd1306_I2C_Write
 .text.Transmit_InitializeModule
                0x00000000080017f8       0x8c ./Core/Src/Transmit.o
                0x00000000080017f8                Transmit_InitializeModule
 .text.Transmit_MainFunction
                0x0000000008001884       0x34 ./Core/Src/Transmit.o
                0x0000000008001884                Transmit_MainFunction
 .text.Transmit_IdleState
                0x00000000080018b8       0x4c ./Core/Src/Transmit.o
 .text.Transmit_GetTransmitHeader
                0x0000000008001904       0xc0 ./Core/Src/Transmit.o
 .text.Transmit_ConsumeTransmitData
                0x00000000080019c4      0x184 ./Core/Src/Transmit.o
 .text.Transmit_FinishingState
                0x0000000008001b48       0x7c ./Core/Src/Transmit.o
 .text.Transmit_ConsumeHeader
                0x0000000008001bc4       0x38 ./Core/Src/Transmit.o
 .text.Transmit_HandleHeader
                0x0000000008001bfc       0x72 ./Core/Src/Transmit.o
 *fill*         0x0000000008001c6e        0x2 
 .text.Transmit_SaveHeader
                0x0000000008001c70       0x30 ./Core/Src/Transmit.o
 .text.UserInterface_InitializeModule
                0x0000000008001ca0       0x30 ./Core/Src/UserInterface.o
                0x0000000008001ca0                UserInterface_InitializeModule
 .text.UserInterface_MainFunction
                0x0000000008001cd0      0x154 ./Core/Src/UserInterface.o
                0x0000000008001cd0                UserInterface_MainFunction
 .text.Interface_IdleScreen
                0x0000000008001e24       0x40 ./Core/Src/UserInterface.o
 .text.Interface_GetResponseScreen
                0x0000000008001e64       0x80 ./Core/Src/UserInterface.o
 .text.Interface_DownloadingScreen
                0x0000000008001ee4       0x68 ./Core/Src/UserInterface.o
 .text.Interface_UpdateDownloadingScreen
                0x0000000008001f4c       0x58 ./Core/Src/UserInterface.o
 .text.Interface_DoneScreen
                0x0000000008001fa4       0x54 ./Core/Src/UserInterface.o
 .text.Interface_InstallScreen
                0x0000000008001ff8       0x54 ./Core/Src/UserInterface.o
 .text.Interface_CleanScrean
                0x000000000800204c       0x10 ./Core/Src/UserInterface.o
 .text.Interface_ProcessButton
                0x000000000800205c       0xec ./Core/Src/UserInterface.o
 .text.main     0x0000000008002148       0x6c ./Core/Src/main.o
                0x0000000008002148                main
 .text.SystemClock_Config
                0x00000000080021b4       0x8a ./Core/Src/main.o
                0x00000000080021b4                SystemClock_Config
 *fill*         0x000000000800223e        0x2 
 .text.MX_CAN_Init
                0x0000000008002240       0xb4 ./Core/Src/main.o
 .text.MX_I2C1_Init
                0x00000000080022f4       0x5c ./Core/Src/main.o
 .text.MX_USART1_UART_Init
                0x0000000008002350       0x54 ./Core/Src/main.o
 .text.MX_GPIO_Init
                0x00000000080023a4       0xcc ./Core/Src/main.o
 .text.Error_Handler
                0x0000000008002470        0xa ./Core/Src/main.o
                0x0000000008002470                Error_Handler
 *fill*         0x000000000800247a        0x2 
 .text.HAL_MspInit
                0x000000000800247c       0x64 ./Core/Src/stm32f1xx_hal_msp.o
                0x000000000800247c                HAL_MspInit
 .text.HAL_CAN_MspInit
                0x00000000080024e0       0x98 ./Core/Src/stm32f1xx_hal_msp.o
                0x00000000080024e0                HAL_CAN_MspInit
 .text.HAL_I2C_MspInit
                0x0000000008002578       0x7c ./Core/Src/stm32f1xx_hal_msp.o
                0x0000000008002578                HAL_I2C_MspInit
 .text.HAL_UART_MspInit
                0x00000000080025f4       0xa8 ./Core/Src/stm32f1xx_hal_msp.o
                0x00000000080025f4                HAL_UART_MspInit
 .text.NMI_Handler
                0x000000000800269c        0x6 ./Core/Src/stm32f1xx_it.o
                0x000000000800269c                NMI_Handler
 .text.HardFault_Handler
                0x00000000080026a2        0x6 ./Core/Src/stm32f1xx_it.o
                0x00000000080026a2                HardFault_Handler
 .text.MemManage_Handler
                0x00000000080026a8        0x6 ./Core/Src/stm32f1xx_it.o
                0x00000000080026a8                MemManage_Handler
 .text.BusFault_Handler
                0x00000000080026ae        0x6 ./Core/Src/stm32f1xx_it.o
                0x00000000080026ae                BusFault_Handler
 .text.UsageFault_Handler
                0x00000000080026b4        0x6 ./Core/Src/stm32f1xx_it.o
                0x00000000080026b4                UsageFault_Handler
 .text.SVC_Handler
                0x00000000080026ba        0xc ./Core/Src/stm32f1xx_it.o
                0x00000000080026ba                SVC_Handler
 .text.DebugMon_Handler
                0x00000000080026c6        0xc ./Core/Src/stm32f1xx_it.o
                0x00000000080026c6                DebugMon_Handler
 .text.PendSV_Handler
                0x00000000080026d2        0xc ./Core/Src/stm32f1xx_it.o
                0x00000000080026d2                PendSV_Handler
 .text.SysTick_Handler
                0x00000000080026de        0xc ./Core/Src/stm32f1xx_it.o
                0x00000000080026de                SysTick_Handler
 *fill*         0x00000000080026ea        0x2 
 .text.USART1_IRQHandler
                0x00000000080026ec       0x14 ./Core/Src/stm32f1xx_it.o
                0x00000000080026ec                USART1_IRQHandler
 .text._sbrk    0x0000000008002700       0x6c ./Core/Src/sysmem.o
                0x0000000008002700                _sbrk
 .text.SystemInit
                0x000000000800276c        0xc ./Core/Src/system_stm32f1xx.o
                0x000000000800276c                SystemInit
 .text.Reset_Handler
                0x0000000008002778       0x48 ./Core/Startup/startup_stm32f103c8tx.o
                0x0000000008002778                Reset_Handler
 .text.Default_Handler
                0x00000000080027c0        0x2 ./Core/Startup/startup_stm32f103c8tx.o
                0x00000000080027c0                RTC_Alarm_IRQHandler
                0x00000000080027c0                EXTI2_IRQHandler
                0x00000000080027c0                TIM1_CC_IRQHandler
                0x00000000080027c0                PVD_IRQHandler
                0x00000000080027c0                EXTI3_IRQHandler
                0x00000000080027c0                EXTI0_IRQHandler
                0x00000000080027c0                I2C2_EV_IRQHandler
                0x00000000080027c0                ADC1_2_IRQHandler
                0x00000000080027c0                SPI1_IRQHandler
                0x00000000080027c0                TAMPER_IRQHandler
                0x00000000080027c0                DMA1_Channel4_IRQHandler
                0x00000000080027c0                USART3_IRQHandler
                0x00000000080027c0                RTC_IRQHandler
                0x00000000080027c0                DMA1_Channel7_IRQHandler
                0x00000000080027c0                CAN1_RX1_IRQHandler
                0x00000000080027c0                TIM4_IRQHandler
                0x00000000080027c0                I2C1_EV_IRQHandler
                0x00000000080027c0                DMA1_Channel6_IRQHandler
                0x00000000080027c0                TIM3_IRQHandler
                0x00000000080027c0                RCC_IRQHandler
                0x00000000080027c0                TIM1_TRG_COM_IRQHandler
                0x00000000080027c0                DMA1_Channel1_IRQHandler
                0x00000000080027c0                Default_Handler
                0x00000000080027c0                EXTI15_10_IRQHandler
                0x00000000080027c0                EXTI9_5_IRQHandler
                0x00000000080027c0                SPI2_IRQHandler
                0x00000000080027c0                DMA1_Channel5_IRQHandler
                0x00000000080027c0                EXTI4_IRQHandler
                0x00000000080027c0                USB_LP_CAN1_RX0_IRQHandler
                0x00000000080027c0                USB_HP_CAN1_TX_IRQHandler
                0x00000000080027c0                DMA1_Channel3_IRQHandler
                0x00000000080027c0                TIM1_UP_IRQHandler
                0x00000000080027c0                WWDG_IRQHandler
                0x00000000080027c0                TIM2_IRQHandler
                0x00000000080027c0                TIM1_BRK_IRQHandler
                0x00000000080027c0                EXTI1_IRQHandler
                0x00000000080027c0                USART2_IRQHandler
                0x00000000080027c0                I2C2_ER_IRQHandler
                0x00000000080027c0                DMA1_Channel2_IRQHandler
                0x00000000080027c0                CAN1_SCE_IRQHandler
                0x00000000080027c0                FLASH_IRQHandler
                0x00000000080027c0                I2C1_ER_IRQHandler
                0x00000000080027c0                USBWakeUp_IRQHandler
 *fill*         0x00000000080027c2        0x2 
 .text.HAL_Init
                0x00000000080027c4       0x2c ./Drivers/STM32F1xx_HAL_Driver/Src/stm32f1xx_hal.o
                0x00000000080027c4                HAL_Init
 .text.HAL_InitTick
                0x00000000080027f0       0x60 ./Drivers/STM32F1xx_HAL_Driver/Src/stm32f1xx_hal.o
                0x00000000080027f0                HAL_InitTick
 .text.HAL_IncTick
                0x0000000008002850       0x24 ./Drivers/STM32F1xx_HAL_Driver/Src/stm32f1xx_hal.o
                0x0000000008002850                HAL_IncTick
 .text.HAL_GetTick
                0x0000000008002874       0x14 ./Drivers/STM32F1xx_HAL_Driver/Src/stm32f1xx_hal.o
                0x0000000008002874                HAL_GetTick
 .text.HAL_Delay
                0x0000000008002888       0x48 ./Drivers/STM32F1xx_HAL_Driver/Src/stm32f1xx_hal.o
                0x0000000008002888                HAL_Delay
 .text.HAL_CAN_Init
                0x00000000080028d0      0x1f6 ./Drivers/STM32F1xx_HAL_Driver/Src/stm32f1xx_hal_can.o
                0x00000000080028d0                HAL_CAN_Init
 .text.HAL_CAN_ConfigFilter
                0x0000000008002ac6      0x192 ./Drivers/STM32F1xx_HAL_Driver/Src/stm32f1xx_hal_can.o
                0x0000000008002ac6                HAL_CAN_ConfigFilter
 .text.HAL_CAN_Start
                0x0000000008002c58       0x88 ./Drivers/STM32F1xx_HAL_Driver/Src/stm32f1xx_hal_can.o
                0x0000000008002c58                HAL_CAN_Start
 .text.HAL_CAN_AddTxMessage
                0x0000000008002ce0      0x19e ./Drivers/STM32F1xx_HAL_Driver/Src/stm32f1xx_hal_can.o
                0x0000000008002ce0                HAL_CAN_AddTxMessage
 .text.HAL_CAN_GetRxMessage
                0x0000000008002e7e      0x242 ./Drivers/STM32F1xx_HAL_Driver/Src/stm32f1xx_hal_can.o
                0x0000000008002e7e                HAL_CAN_GetRxMessage
 .text.__NVIC_SetPriorityGrouping
                0x00000000080030c0       0x48 ./Drivers/STM32F1xx_HAL_Driver/Src/stm32f1xx_hal_cortex.o
 .text.__NVIC_GetPriorityGrouping
                0x0000000008003108       0x1c ./Drivers/STM32F1xx_HAL_Driver/Src/stm32f1xx_hal_cortex.o
 .text.__NVIC_EnableIRQ
                0x0000000008003124       0x38 ./Drivers/STM32F1xx_HAL_Driver/Src/stm32f1xx_hal_cortex.o
 .text.__NVIC_SetPriority
                0x000000000800315c       0x54 ./Drivers/STM32F1xx_HAL_Driver/Src/stm32f1xx_hal_cortex.o
 .text.NVIC_EncodePriority
                0x00000000080031b0       0x64 ./Drivers/STM32F1xx_HAL_Driver/Src/stm32f1xx_hal_cortex.o
 .text.SysTick_Config
                0x0000000008003214       0x44 ./Drivers/STM32F1xx_HAL_Driver/Src/stm32f1xx_hal_cortex.o
 .text.HAL_NVIC_SetPriorityGrouping
                0x0000000008003258       0x16 ./Drivers/STM32F1xx_HAL_Driver/Src/stm32f1xx_hal_cortex.o
                0x0000000008003258                HAL_NVIC_SetPriorityGrouping
 .text.HAL_NVIC_SetPriority
                0x000000000800326e       0x38 ./Drivers/STM32F1xx_HAL_Driver/Src/stm32f1xx_hal_cortex.o
                0x000000000800326e                HAL_NVIC_SetPriority
 .text.HAL_NVIC_EnableIRQ
                0x00000000080032a6       0x1c ./Drivers/STM32F1xx_HAL_Driver/Src/stm32f1xx_hal_cortex.o
                0x00000000080032a6                HAL_NVIC_EnableIRQ
 .text.HAL_SYSTICK_Config
                0x00000000080032c2       0x18 ./Drivers/STM32F1xx_HAL_Driver/Src/stm32f1xx_hal_cortex.o
                0x00000000080032c2                HAL_SYSTICK_Config
 .text.HAL_DMA_Abort
                0x00000000080032da       0x76 ./Drivers/STM32F1xx_HAL_Driver/Src/stm32f1xx_hal_dma.o
                0x00000000080032da                HAL_DMA_Abort
 .text.HAL_DMA_Abort_IT
                0x0000000008003350       0xf0 ./Drivers/STM32F1xx_HAL_Driver/Src/stm32f1xx_hal_dma.o
                0x0000000008003350                HAL_DMA_Abort_IT
 .text.HAL_FLASH_Program
                0x0000000008003440       0xe0 ./Drivers/STM32F1xx_HAL_Driver/Src/stm32f1xx_hal_flash.o
                0x0000000008003440                HAL_FLASH_Program
 .text.HAL_FLASH_Unlock
                0x0000000008003520       0x4c ./Drivers/STM32F1xx_HAL_Driver/Src/stm32f1xx_hal_flash.o
                0x0000000008003520                HAL_FLASH_Unlock
 .text.HAL_FLASH_Lock
                0x000000000800356c       0x20 ./Drivers/STM32F1xx_HAL_Driver/Src/stm32f1xx_hal_flash.o
                0x000000000800356c                HAL_FLASH_Lock
 .text.FLASH_Program_HalfWord
                0x000000000800358c       0x38 ./Drivers/STM32F1xx_HAL_Driver/Src/stm32f1xx_hal_flash.o
 .text.FLASH_WaitForLastOperation
                0x00000000080035c4       0x8c ./Drivers/STM32F1xx_HAL_Driver/Src/stm32f1xx_hal_flash.o
                0x00000000080035c4                FLASH_WaitForLastOperation
 .text.FLASH_SetErrorCode
                0x0000000008003650       0xa0 ./Drivers/STM32F1xx_HAL_Driver/Src/stm32f1xx_hal_flash.o
 .text.HAL_FLASHEx_Erase
                0x00000000080036f0       0xd8 ./Drivers/STM32F1xx_HAL_Driver/Src/stm32f1xx_hal_flash_ex.o
                0x00000000080036f0                HAL_FLASHEx_Erase
 .text.FLASH_MassErase
                0x00000000080037c8       0x38 ./Drivers/STM32F1xx_HAL_Driver/Src/stm32f1xx_hal_flash_ex.o
 .text.FLASH_PageErase
                0x0000000008003800       0x40 ./Drivers/STM32F1xx_HAL_Driver/Src/stm32f1xx_hal_flash_ex.o
                0x0000000008003800                FLASH_PageErase
 .text.HAL_GPIO_Init
                0x0000000008003840      0x308 ./Drivers/STM32F1xx_HAL_Driver/Src/stm32f1xx_hal_gpio.o
                0x0000000008003840                HAL_GPIO_Init
 .text.HAL_GPIO_ReadPin
                0x0000000008003b48       0x2e ./Drivers/STM32F1xx_HAL_Driver/Src/stm32f1xx_hal_gpio.o
                0x0000000008003b48                HAL_GPIO_ReadPin
 .text.HAL_GPIO_WritePin
                0x0000000008003b76       0x30 ./Drivers/STM32F1xx_HAL_Driver/Src/stm32f1xx_hal_gpio.o
                0x0000000008003b76                HAL_GPIO_WritePin
 *fill*         0x0000000008003ba6        0x2 
 .text.HAL_I2C_Init
                0x0000000008003ba8      0x288 ./Drivers/STM32F1xx_HAL_Driver/Src/stm32f1xx_hal_i2c.o
                0x0000000008003ba8                HAL_I2C_Init
 .text.HAL_I2C_Master_Transmit
                0x0000000008003e30      0x1fc ./Drivers/STM32F1xx_HAL_Driver/Src/stm32f1xx_hal_i2c.o
                0x0000000008003e30                HAL_I2C_Master_Transmit
 .text.HAL_I2C_IsDeviceReady
                0x000000000800402c      0x25c ./Drivers/STM32F1xx_HAL_Driver/Src/stm32f1xx_hal_i2c.o
                0x000000000800402c                HAL_I2C_IsDeviceReady
 .text.I2C_MasterRequestWrite
                0x0000000008004288      0x104 ./Drivers/STM32F1xx_HAL_Driver/Src/stm32f1xx_hal_i2c.o
 .text.I2C_WaitOnFlagUntilTimeout
                0x000000000800438c       0xf4 ./Drivers/STM32F1xx_HAL_Driver/Src/stm32f1xx_hal_i2c.o
 .text.I2C_WaitOnMasterAddressFlagUntilTimeout
                0x0000000008004480      0x140 ./Drivers/STM32F1xx_HAL_Driver/Src/stm32f1xx_hal_i2c.o
 .text.I2C_WaitOnTXEFlagUntilTimeout
                0x00000000080045c0       0x90 ./Drivers/STM32F1xx_HAL_Driver/Src/stm32f1xx_hal_i2c.o
 .text.I2C_WaitOnBTFFlagUntilTimeout
                0x0000000008004650       0x90 ./Drivers/STM32F1xx_HAL_Driver/Src/stm32f1xx_hal_i2c.o
 .text.I2C_IsAcknowledgeFailed
                0x00000000080046e0       0x5c ./Drivers/STM32F1xx_HAL_Driver/Src/stm32f1xx_hal_i2c.o
 .text.HAL_RCC_OscConfig
                0x000000000800473c      0x504 ./Drivers/STM32F1xx_HAL_Driver/Src/stm32f1xx_hal_rcc.o
                0x000000000800473c                HAL_RCC_OscConfig
 .text.HAL_RCC_ClockConfig
                0x0000000008004c40      0x1d4 ./Drivers/STM32F1xx_HAL_Driver/Src/stm32f1xx_hal_rcc.o
                0x0000000008004c40                HAL_RCC_ClockConfig
 .text.HAL_RCC_GetSysClockFreq
                0x0000000008004e14       0xa8 ./Drivers/STM32F1xx_HAL_Driver/Src/stm32f1xx_hal_rcc.o
                0x0000000008004e14                HAL_RCC_GetSysClockFreq
 .text.HAL_RCC_GetHCLKFreq
                0x0000000008004ebc       0x14 ./Drivers/STM32F1xx_HAL_Driver/Src/stm32f1xx_hal_rcc.o
                0x0000000008004ebc                HAL_RCC_GetHCLKFreq
 .text.HAL_RCC_GetPCLK1Freq
                0x0000000008004ed0       0x28 ./Drivers/STM32F1xx_HAL_Driver/Src/stm32f1xx_hal_rcc.o
                0x0000000008004ed0                HAL_RCC_GetPCLK1Freq
 .text.HAL_RCC_GetPCLK2Freq
                0x0000000008004ef8       0x28 ./Drivers/STM32F1xx_HAL_Driver/Src/stm32f1xx_hal_rcc.o
                0x0000000008004ef8                HAL_RCC_GetPCLK2Freq
 .text.RCC_Delay
                0x0000000008004f20       0x3c ./Drivers/STM32F1xx_HAL_Driver/Src/stm32f1xx_hal_rcc.o
 .text.HAL_UART_Init
                0x0000000008004f5c       0xa0 ./Drivers/STM32F1xx_HAL_Driver/Src/stm32f1xx_hal_uart.o
                0x0000000008004f5c                HAL_UART_Init
 .text.HAL_UART_Transmit
                0x0000000008004ffc      0x106 ./Drivers/STM32F1xx_HAL_Driver/Src/stm32f1xx_hal_uart.o
                0x0000000008004ffc                HAL_UART_Transmit
 .text.HAL_UART_Receive
                0x0000000008005102      0x124 ./Drivers/STM32F1xx_HAL_Driver/Src/stm32f1xx_hal_uart.o
                0x0000000008005102                HAL_UART_Receive
 .text.HAL_UART_Receive_IT
                0x0000000008005226       0x4a ./Drivers/STM32F1xx_HAL_Driver/Src/stm32f1xx_hal_uart.o
                0x0000000008005226                HAL_UART_Receive_IT
 .text.HAL_UART_IRQHandler
                0x0000000008005270      0x524 ./Drivers/STM32F1xx_HAL_Driver/Src/stm32f1xx_hal_uart.o
                0x0000000008005270                HAL_UART_IRQHandler
 .text.HAL_UART_TxCpltCallback
                0x0000000008005794       0x12 ./Drivers/STM32F1xx_HAL_Driver/Src/stm32f1xx_hal_uart.o
                0x0000000008005794                HAL_UART_TxCpltCallback
 .text.HAL_UART_ErrorCallback
                0x00000000080057a6       0x12 ./Drivers/STM32F1xx_HAL_Driver/Src/stm32f1xx_hal_uart.o
                0x00000000080057a6                HAL_UART_ErrorCallback
 .text.HAL_UARTEx_RxEventCallback
                0x00000000080057b8       0x16 ./Drivers/STM32F1xx_HAL_Driver/Src/stm32f1xx_hal_uart.o
                0x00000000080057b8                HAL_UARTEx_RxEventCallback
 .text.UART_WaitOnFlagUntilTimeout
                0x00000000080057ce       0xdc ./Drivers/STM32F1xx_HAL_Driver/Src/stm32f1xx_hal_uart.o
 .text.UART_Start_Receive_IT
                0x00000000080058aa       0x72 ./Drivers/STM32F1xx_HAL_Driver/Src/stm32f1xx_hal_uart.o
                0x00000000080058aa                UART_Start_Receive_IT
 .text.UART_EndRxTransfer
                0x000000000800591c       0xc4 ./Drivers/STM32F1xx_HAL_Driver/Src/stm32f1xx_hal_uart.o
 .text.UART_DMAAbortOnError
                0x00000000080059e0       0x28 ./Drivers/STM32F1xx_HAL_Driver/Src/stm32f1xx_hal_uart.o
 .text.UART_Transmit_IT
                0x0000000008005a08       0x9e ./Drivers/STM32F1xx_HAL_Driver/Src/stm32f1xx_hal_uart.o
 .text.UART_EndTransmit_IT
                0x0000000008005aa6       0x30 ./Drivers/STM32F1xx_HAL_Driver/Src/stm32f1xx_hal_uart.o
 .text.UART_Receive_IT
                0x0000000008005ad6      0x17c ./Drivers/STM32F1xx_HAL_Driver/Src/stm32f1xx_hal_uart.o
 *fill*         0x0000000008005c52        0x2 
 .text.UART_SetConfig
                0x0000000008005c54      0x11c ./Drivers/STM32F1xx_HAL_Driver/Src/stm32f1xx_hal_uart.o
 .text.sprintf  0x0000000008005d70       0x40 C:/ST/STM32CubeIDE_1.13.1/STM32CubeIDE/plugins/com.st.stm32cube.ide.mcu.externaltools.gnu-tools-for-stm32.11.3.rel1.win32_1.1.0.202305231506/tools/bin/../lib/gcc/arm-none-eabi/11.3.1/../../../../arm-none-eabi/lib/thumb/v7-m/nofp\libc_nano.a(libc_a-sprintf.o)
                0x0000000008005d70                siprintf
                0x0000000008005d70                sprintf
 .text.memset   0x0000000008005db0       0x10 C:/ST/STM32CubeIDE_1.13.1/STM32CubeIDE/plugins/com.st.stm32cube.ide.mcu.externaltools.gnu-tools-for-stm32.11.3.rel1.win32_1.1.0.202305231506/tools/bin/../lib/gcc/arm-none-eabi/11.3.1/../../../../arm-none-eabi/lib/thumb/v7-m/nofp\libc_nano.a(libc_a-memset.o)
                0x0000000008005db0                memset
 .text.__errno  0x0000000008005dc0        0xc C:/ST/STM32CubeIDE_1.13.1/STM32CubeIDE/plugins/com.st.stm32cube.ide.mcu.externaltools.gnu-tools-for-stm32.11.3.rel1.win32_1.1.0.202305231506/tools/bin/../lib/gcc/arm-none-eabi/11.3.1/../../../../arm-none-eabi/lib/thumb/v7-m/nofp\libc_nano.a(libc_a-errno.o)
                0x0000000008005dc0                __errno
 .text.__libc_init_array
                0x0000000008005dcc       0x48 C:/ST/STM32CubeIDE_1.13.1/STM32CubeIDE/plugins/com.st.stm32cube.ide.mcu.externaltools.gnu-tools-for-stm32.11.3.rel1.win32_1.1.0.202305231506/tools/bin/../lib/gcc/arm-none-eabi/11.3.1/../../../../arm-none-eabi/lib/thumb/v7-m/nofp\libc_nano.a(libc_a-init.o)
                0x0000000008005dcc                __libc_init_array
 .text.__retarget_lock_acquire_recursive
                0x0000000008005e14        0x2 C:/ST/STM32CubeIDE_1.13.1/STM32CubeIDE/plugins/com.st.stm32cube.ide.mcu.externaltools.gnu-tools-for-stm32.11.3.rel1.win32_1.1.0.202305231506/tools/bin/../lib/gcc/arm-none-eabi/11.3.1/../../../../arm-none-eabi/lib/thumb/v7-m/nofp\libc_nano.a(libc_a-lock.o)
                0x0000000008005e14                __retarget_lock_acquire_recursive
 .text.__retarget_lock_release_recursive
                0x0000000008005e16        0x2 C:/ST/STM32CubeIDE_1.13.1/STM32CubeIDE/plugins/com.st.stm32cube.ide.mcu.externaltools.gnu-tools-for-stm32.11.3.rel1.win32_1.1.0.202305231506/tools/bin/../lib/gcc/arm-none-eabi/11.3.1/../../../../arm-none-eabi/lib/thumb/v7-m/nofp\libc_nano.a(libc_a-lock.o)
                0x0000000008005e16                __retarget_lock_release_recursive
 .text._free_r  0x0000000008005e18       0x90 C:/ST/STM32CubeIDE_1.13.1/STM32CubeIDE/plugins/com.st.stm32cube.ide.mcu.externaltools.gnu-tools-for-stm32.11.3.rel1.win32_1.1.0.202305231506/tools/bin/../lib/gcc/arm-none-eabi/11.3.1/../../../../arm-none-eabi/lib/thumb/v7-m/nofp\libc_nano.a(libc_a-freer.o)
                0x0000000008005e18                _free_r
 .text.sbrk_aligned
                0x0000000008005ea8       0x40 C:/ST/STM32CubeIDE_1.13.1/STM32CubeIDE/plugins/com.st.stm32cube.ide.mcu.externaltools.gnu-tools-for-stm32.11.3.rel1.win32_1.1.0.202305231506/tools/bin/../lib/gcc/arm-none-eabi/11.3.1/../../../../arm-none-eabi/lib/thumb/v7-m/nofp\libc_nano.a(libc_a-mallocr.o)
 .text._malloc_r
                0x0000000008005ee8      0x100 C:/ST/STM32CubeIDE_1.13.1/STM32CubeIDE/plugins/com.st.stm32cube.ide.mcu.externaltools.gnu-tools-for-stm32.11.3.rel1.win32_1.1.0.202305231506/tools/bin/../lib/gcc/arm-none-eabi/11.3.1/../../../../arm-none-eabi/lib/thumb/v7-m/nofp\libc_nano.a(libc_a-mallocr.o)
                0x0000000008005ee8                _malloc_r
 .text.__malloc_lock
                0x0000000008005fe8        0xc C:/ST/STM32CubeIDE_1.13.1/STM32CubeIDE/plugins/com.st.stm32cube.ide.mcu.externaltools.gnu-tools-for-stm32.11.3.rel1.win32_1.1.0.202305231506/tools/bin/../lib/gcc/arm-none-eabi/11.3.1/../../../../arm-none-eabi/lib/thumb/v7-m/nofp\libc_nano.a(libc_a-mlock.o)
                0x0000000008005fe8                __malloc_lock
 .text.__malloc_unlock
                0x0000000008005ff4        0xc C:/ST/STM32CubeIDE_1.13.1/STM32CubeIDE/plugins/com.st.stm32cube.ide.mcu.externaltools.gnu-tools-for-stm32.11.3.rel1.win32_1.1.0.202305231506/tools/bin/../lib/gcc/arm-none-eabi/11.3.1/../../../../arm-none-eabi/lib/thumb/v7-m/nofp\libc_nano.a(libc_a-mlock.o)
                0x0000000008005ff4                __malloc_unlock
 .text.__ssputs_r
                0x0000000008006000       0xb4 C:/ST/STM32CubeIDE_1.13.1/STM32CubeIDE/plugins/com.st.stm32cube.ide.mcu.externaltools.gnu-tools-for-stm32.11.3.rel1.win32_1.1.0.202305231506/tools/bin/../lib/gcc/arm-none-eabi/11.3.1/../../../../arm-none-eabi/lib/thumb/v7-m/nofp\libc_nano.a(libc_a-nano-svfprintf.o)
                0x0000000008006000                __ssputs_r
 .text._svfprintf_r
                0x00000000080060b4      0x1fc C:/ST/STM32CubeIDE_1.13.1/STM32CubeIDE/plugins/com.st.stm32cube.ide.mcu.externaltools.gnu-tools-for-stm32.11.3.rel1.win32_1.1.0.202305231506/tools/bin/../lib/gcc/arm-none-eabi/11.3.1/../../../../arm-none-eabi/lib/thumb/v7-m/nofp\libc_nano.a(libc_a-nano-svfprintf.o)
                0x00000000080060b4                _svfiprintf_r
                0x00000000080060b4                _svfprintf_r
 .text._printf_common
                0x00000000080062b0       0xe4 C:/ST/STM32CubeIDE_1.13.1/STM32CubeIDE/plugins/com.st.stm32cube.ide.mcu.externaltools.gnu-tools-for-stm32.11.3.rel1.win32_1.1.0.202305231506/tools/bin/../lib/gcc/arm-none-eabi/11.3.1/../../../../arm-none-eabi/lib/thumb/v7-m/nofp\libc_nano.a(libc_a-nano-vfprintf_i.o)
                0x00000000080062b0                _printf_common
 .text._printf_i
                0x0000000008006394      0x244 C:/ST/STM32CubeIDE_1.13.1/STM32CubeIDE/plugins/com.st.stm32cube.ide.mcu.externaltools.gnu-tools-for-stm32.11.3.rel1.win32_1.1.0.202305231506/tools/bin/../lib/gcc/arm-none-eabi/11.3.1/../../../../arm-none-eabi/lib/thumb/v7-m/nofp\libc_nano.a(libc_a-nano-vfprintf_i.o)
                0x0000000008006394                _printf_i
 .text.memmove  0x00000000080065d8       0x34 C:/ST/STM32CubeIDE_1.13.1/STM32CubeIDE/plugins/com.st.stm32cube.ide.mcu.externaltools.gnu-tools-for-stm32.11.3.rel1.win32_1.1.0.202305231506/tools/bin/../lib/gcc/arm-none-eabi/11.3.1/../../../../arm-none-eabi/lib/thumb/v7-m/nofp\libc_nano.a(libc_a-memmove.o)
                0x00000000080065d8                memmove
 .text._sbrk_r  0x000000000800660c       0x20 C:/ST/STM32CubeIDE_1.13.1/STM32CubeIDE/plugins/com.st.stm32cube.ide.mcu.externaltools.gnu-tools-for-stm32.11.3.rel1.win32_1.1.0.202305231506/tools/bin/../lib/gcc/arm-none-eabi/11.3.1/../../../../arm-none-eabi/lib/thumb/v7-m/nofp\libc_nano.a(libc_a-sbrkr.o)
                0x000000000800660c                _sbrk_r
 .text.memchr   0x000000000800662c       0x1c C:/ST/STM32CubeIDE_1.13.1/STM32CubeIDE/plugins/com.st.stm32cube.ide.mcu.externaltools.gnu-tools-for-stm32.11.3.rel1.win32_1.1.0.202305231506/tools/bin/../lib/gcc/arm-none-eabi/11.3.1/../../../../arm-none-eabi/lib/thumb/v7-m/nofp\libc_nano.a(libc_a-memchr-stub.o)
                0x000000000800662c                memchr
 .text.memcpy   0x0000000008006648       0x1c C:/ST/STM32CubeIDE_1.13.1/STM32CubeIDE/plugins/com.st.stm32cube.ide.mcu.externaltools.gnu-tools-for-stm32.11.3.rel1.win32_1.1.0.202305231506/tools/bin/../lib/gcc/arm-none-eabi/11.3.1/../../../../arm-none-eabi/lib/thumb/v7-m/nofp\libc_nano.a(libc_a-memcpy-stub.o)
                0x0000000008006648                memcpy
 .text._realloc_r
                0x0000000008006664       0x5e C:/ST/STM32CubeIDE_1.13.1/STM32CubeIDE/plugins/com.st.stm32cube.ide.mcu.externaltools.gnu-tools-for-stm32.11.3.rel1.win32_1.1.0.202305231506/tools/bin/../lib/gcc/arm-none-eabi/11.3.1/../../../../arm-none-eabi/lib/thumb/v7-m/nofp\libc_nano.a(libc_a-reallocr.o)
                0x0000000008006664                _realloc_r
 .text._malloc_usable_size_r
                0x00000000080066c2       0x10 C:/ST/STM32CubeIDE_1.13.1/STM32CubeIDE/plugins/com.st.stm32cube.ide.mcu.externaltools.gnu-tools-for-stm32.11.3.rel1.win32_1.1.0.202305231506/tools/bin/../lib/gcc/arm-none-eabi/11.3.1/../../../../arm-none-eabi/lib/thumb/v7-m/nofp\libc_nano.a(libc_a-msizer.o)
                0x00000000080066c2                _malloc_usable_size_r
 *(.glue_7)
 .glue_7        0x00000000080066d2        0x0 linker stubs
 *(.glue_7t)
 .glue_7t       0x00000000080066d2        0x0 linker stubs
 *(.eh_frame)
 *fill*         0x00000000080066d2        0x2 
 .eh_frame      0x00000000080066d4        0x0 C:/ST/STM32CubeIDE_1.13.1/STM32CubeIDE/plugins/com.st.stm32cube.ide.mcu.externaltools.gnu-tools-for-stm32.11.3.rel1.win32_1.1.0.202305231506/tools/bin/../lib/gcc/arm-none-eabi/11.3.1/thumb/v7-m/nofp/crtbegin.o
 *(.init)
 .init          0x00000000080066d4        0x4 C:/ST/STM32CubeIDE_1.13.1/STM32CubeIDE/plugins/com.st.stm32cube.ide.mcu.externaltools.gnu-tools-for-stm32.11.3.rel1.win32_1.1.0.202305231506/tools/bin/../lib/gcc/arm-none-eabi/11.3.1/thumb/v7-m/nofp/crti.o
                0x00000000080066d4                _init
 .init          0x00000000080066d8        0x8 C:/ST/STM32CubeIDE_1.13.1/STM32CubeIDE/plugins/com.st.stm32cube.ide.mcu.externaltools.gnu-tools-for-stm32.11.3.rel1.win32_1.1.0.202305231506/tools/bin/../lib/gcc/arm-none-eabi/11.3.1/thumb/v7-m/nofp/crtn.o
 *(.fini)
 .fini          0x00000000080066e0        0x4 C:/ST/STM32CubeIDE_1.13.1/STM32CubeIDE/plugins/com.st.stm32cube.ide.mcu.externaltools.gnu-tools-for-stm32.11.3.rel1.win32_1.1.0.202305231506/tools/bin/../lib/gcc/arm-none-eabi/11.3.1/thumb/v7-m/nofp/crti.o
                0x00000000080066e0                _fini
 .fini          0x00000000080066e4        0x8 C:/ST/STM32CubeIDE_1.13.1/STM32CubeIDE/plugins/com.st.stm32cube.ide.mcu.externaltools.gnu-tools-for-stm32.11.3.rel1.win32_1.1.0.202305231506/tools/bin/../lib/gcc/arm-none-eabi/11.3.1/thumb/v7-m/nofp/crtn.o
                0x00000000080066ec                . = ALIGN (0x4)
                0x00000000080066ec                _etext = .

.vfp11_veneer   0x00000000080066ec        0x0
 .vfp11_veneer  0x00000000080066ec        0x0 linker stubs

.v4_bx          0x00000000080066ec        0x0
 .v4_bx         0x00000000080066ec        0x0 linker stubs

.iplt           0x00000000080066ec        0x0
 .iplt          0x00000000080066ec        0x0 C:/ST/STM32CubeIDE_1.13.1/STM32CubeIDE/plugins/com.st.stm32cube.ide.mcu.externaltools.gnu-tools-for-stm32.11.3.rel1.win32_1.1.0.202305231506/tools/bin/../lib/gcc/arm-none-eabi/11.3.1/thumb/v7-m/nofp/crtbegin.o

.rodata         0x00000000080066ec     0x15e4
                0x00000000080066ec                . = ALIGN (0x4)
 *(.rodata)
 .rodata        0x00000000080066ec       0xba ./Core/Src/UserInterface.o
 *(.rodata*)
 *fill*         0x00000000080067a6        0x2 
 .rodata.Font7x10
                0x00000000080067a8      0x76c ./Core/Src/FontsSSD1306.o
                0x00000000080067a8                Font7x10
 .rodata.Font11x18
                0x0000000008006f14      0xd5c ./Core/Src/FontsSSD1306.o
                0x0000000008006f14                Font11x18
 .rodata.AHBPrescTable
                0x0000000008007c70       0x10 ./Core/Src/system_stm32f1xx.o
                0x0000000008007c70                AHBPrescTable
 .rodata.APBPrescTable
                0x0000000008007c80        0x8 ./Core/Src/system_stm32f1xx.o
                0x0000000008007c80                APBPrescTable
 .rodata.aPLLMULFactorTable.1
                0x0000000008007c88       0x10 ./Drivers/STM32F1xx_HAL_Driver/Src/stm32f1xx_hal_rcc.o
 .rodata.aPredivFactorTable.0
                0x0000000008007c98        0x2 ./Drivers/STM32F1xx_HAL_Driver/Src/stm32f1xx_hal_rcc.o
 .rodata._svfprintf_r.str1.1
                0x0000000008007c9a       0x11 C:/ST/STM32CubeIDE_1.13.1/STM32CubeIDE/plugins/com.st.stm32cube.ide.mcu.externaltools.gnu-tools-for-stm32.11.3.rel1.win32_1.1.0.202305231506/tools/bin/../lib/gcc/arm-none-eabi/11.3.1/../../../../arm-none-eabi/lib/thumb/v7-m/nofp\libc_nano.a(libc_a-nano-svfprintf.o)
 .rodata._printf_i.str1.1
                0x0000000008007cab       0x22 C:/ST/STM32CubeIDE_1.13.1/STM32CubeIDE/plugins/com.st.stm32cube.ide.mcu.externaltools.gnu-tools-for-stm32.11.3.rel1.win32_1.1.0.202305231506/tools/bin/../lib/gcc/arm-none-eabi/11.3.1/../../../../arm-none-eabi/lib/thumb/v7-m/nofp\libc_nano.a(libc_a-nano-vfprintf_i.o)
                0x0000000008007cd0                . = ALIGN (0x4)
 *fill*         0x0000000008007ccd        0x3 

.rel.dyn        0x0000000008007cd0        0x0
 .rel.iplt      0x0000000008007cd0        0x0 C:/ST/STM32CubeIDE_1.13.1/STM32CubeIDE/plugins/com.st.stm32cube.ide.mcu.externaltools.gnu-tools-for-stm32.11.3.rel1.win32_1.1.0.202305231506/tools/bin/../lib/gcc/arm-none-eabi/11.3.1/thumb/v7-m/nofp/crtbegin.o

.ARM.extab      0x0000000008007cd0        0x0
                0x0000000008007cd0                . = ALIGN (0x4)
 *(.ARM.extab* .gnu.linkonce.armextab.*)
                0x0000000008007cd0                . = ALIGN (0x4)

.ARM            0x0000000008007cd0        0x0
                0x0000000008007cd0                . = ALIGN (0x4)
                0x0000000008007cd0                __exidx_start = .
 *(.ARM.exidx*)
                0x0000000008007cd0                __exidx_end = .
                0x0000000008007cd0                . = ALIGN (0x4)

.preinit_array  0x0000000008007cd0        0x0
                0x0000000008007cd0                . = ALIGN (0x4)
                0x0000000008007cd0                PROVIDE (__preinit_array_start = .)
 *(.preinit_array*)
                0x0000000008007cd0                PROVIDE (__preinit_array_end = .)
                0x0000000008007cd0                . = ALIGN (0x4)

.init_array     0x0000000008007cd0        0x4
                0x0000000008007cd0                . = ALIGN (0x4)
                0x0000000008007cd0                PROVIDE (__init_array_start = .)
 *(SORT_BY_NAME(.init_array.*))
 *(.init_array*)
 .init_array    0x0000000008007cd0        0x4 C:/ST/STM32CubeIDE_1.13.1/STM32CubeIDE/plugins/com.st.stm32cube.ide.mcu.externaltools.gnu-tools-for-stm32.11.3.rel1.win32_1.1.0.202305231506/tools/bin/../lib/gcc/arm-none-eabi/11.3.1/thumb/v7-m/nofp/crtbegin.o
                0x0000000008007cd4                PROVIDE (__init_array_end = .)
                0x0000000008007cd4                . = ALIGN (0x4)

.fini_array     0x0000000008007cd4        0x4
                0x0000000008007cd4                . = ALIGN (0x4)
                [!provide]                        PROVIDE (__fini_array_start = .)
 *(SORT_BY_NAME(.fini_array.*))
 *(.fini_array*)
 .fini_array    0x0000000008007cd4        0x4 C:/ST/STM32CubeIDE_1.13.1/STM32CubeIDE/plugins/com.st.stm32cube.ide.mcu.externaltools.gnu-tools-for-stm32.11.3.rel1.win32_1.1.0.202305231506/tools/bin/../lib/gcc/arm-none-eabi/11.3.1/thumb/v7-m/nofp/crtbegin.o
                [!provide]                        PROVIDE (__fini_array_end = .)
                0x0000000008007cd8                . = ALIGN (0x4)
                0x0000000008007cd8                _sidata = LOADADDR (.data)

.data           0x0000000020000000       0x6c load address 0x0000000008007cd8
                0x0000000020000000                . = ALIGN (0x4)
                0x0000000020000000                _sdata = .
 *(.data)
 *(.data*)
 .data.Font_7x10
                0x0000000020000000        0x8 ./Core/Src/FontsSSD1306.o
                0x0000000020000000                Font_7x10
 .data.Font_11x18
                0x0000000020000008        0x8 ./Core/Src/FontsSSD1306.o
                0x0000000020000008                Font_11x18
 .data.SystemCoreClock
                0x0000000020000010        0x4 ./Core/Src/system_stm32f1xx.o
                0x0000000020000010                SystemCoreClock
 .data.uwTickPrio
                0x0000000020000014        0x4 ./Drivers/STM32F1xx_HAL_Driver/Src/stm32f1xx_hal.o
                0x0000000020000014                uwTickPrio
 .data.uwTickFreq
                0x0000000020000018        0x1 ./Drivers/STM32F1xx_HAL_Driver/Src/stm32f1xx_hal.o
                0x0000000020000018                uwTickFreq
 *fill*         0x0000000020000019        0x3 
 .data._impure_data
                0x000000002000001c       0x4c C:/ST/STM32CubeIDE_1.13.1/STM32CubeIDE/plugins/com.st.stm32cube.ide.mcu.externaltools.gnu-tools-for-stm32.11.3.rel1.win32_1.1.0.202305231506/tools/bin/../lib/gcc/arm-none-eabi/11.3.1/../../../../arm-none-eabi/lib/thumb/v7-m/nofp\libc_nano.a(libc_a-impure.o)
                0x000000002000001c                _impure_data
 .data._impure_ptr
                0x0000000020000068        0x4 C:/ST/STM32CubeIDE_1.13.1/STM32CubeIDE/plugins/com.st.stm32cube.ide.mcu.externaltools.gnu-tools-for-stm32.11.3.rel1.win32_1.1.0.202305231506/tools/bin/../lib/gcc/arm-none-eabi/11.3.1/../../../../arm-none-eabi/lib/thumb/v7-m/nofp\libc_nano.a(libc_a-impure.o)
                0x0000000020000068                _impure_ptr
 *(.RamFunc)
 *(.RamFunc*)
                0x000000002000006c                . = ALIGN (0x4)
                0x000000002000006c                _edata = .

.igot.plt       0x000000002000006c        0x0 load address 0x0000000008007d44
 .igot.plt      0x000000002000006c        0x0 C:/ST/STM32CubeIDE_1.13.1/STM32CubeIDE/plugins/com.st.stm32cube.ide.mcu.externaltools.gnu-tools-for-stm32.11.3.rel1.win32_1.1.0.202305231506/tools/bin/../lib/gcc/arm-none-eabi/11.3.1/thumb/v7-m/nofp/crtbegin.o
                0x000000002000006c                . = ALIGN (0x4)

.bss            0x0000000020000070      0xb48 load address 0x0000000008007d44
                0x0000000020000070                _sbss = .
                0x0000000020000070                __bss_start__ = _sbss
 *(.bss)
 .bss           0x0000000020000070       0x1c C:/ST/STM32CubeIDE_1.13.1/STM32CubeIDE/plugins/com.st.stm32cube.ide.mcu.externaltools.gnu-tools-for-stm32.11.3.rel1.win32_1.1.0.202305231506/tools/bin/../lib/gcc/arm-none-eabi/11.3.1/thumb/v7-m/nofp/crtbegin.o
 *(.bss*)
 .bss.Global_PlainDataPtr
                0x000000002000008c        0x8 ./Core/Src/Decrypt.o
 .bss.Global_SystemState
                0x0000000020000094        0x1 ./Core/Src/Decrypt.o
 .bss.Global_BufferFlag
                0x0000000020000095        0x1 ./Core/Src/Decrypt.o
 *fill*         0x0000000020000096        0x2 
 .bss.Global_ReadAddress
                0x0000000020000098        0x4 ./Core/Src/Decrypt.o
                0x0000000020000098                Global_ReadAddress
 .bss.Global_WriteAddress
                0x000000002000009c        0x4 ./Core/Src/FlashReprogram_Interface.o
                0x000000002000009c                Global_WriteAddress
 .bss.Global_CrcValue
                0x00000000200000a0        0x4 ./Core/Src/ReceiveUpdate.o
 .bss.Global_SizeValue
                0x00000000200000a4        0x4 ./Core/Src/ReceiveUpdate.o
 .bss.Global_NodeId
                0x00000000200000a8        0x1 ./Core/Src/ReceiveUpdate.o
 .bss.Global_SystemState
                0x00000000200000a9        0x1 ./Core/Src/ReceiveUpdate.o
 .bss.Global_RxInternalSate
                0x00000000200000aa        0x1 ./Core/Src/ReceiveUpdate.o
 *fill*         0x00000000200000ab        0x1 
 .bss.Global_HeaderBuffer
                0x00000000200000ac        0x5 ./Core/Src/ReceiveUpdate.o
 .bss.Global_HeaderReqByte
                0x00000000200000b1        0x1 ./Core/Src/ReceiveUpdate.o
 .bss.Global_NumberOfPackets
                0x00000000200000b2        0x1 ./Core/Src/ReceiveUpdate.o
 *fill*         0x00000000200000b3        0x1 
 .bss.Global_RemainingBytes
                0x00000000200000b4        0x2 ./Core/Src/ReceiveUpdate.o
 .bss.Global_RxUserResponse
                0x00000000200000b6        0x1 ./Core/Src/ReceiveUpdate.o
 *fill*         0x00000000200000b7        0x1 
 .bss.Global_RxBuffer
                0x00000000200000b8      0x400 ./Core/Src/ReceiveUpdate.o
 .bss.Global_DownloadPercentage
                0x00000000200004b8        0x4 ./Core/Src/ReceiveUpdate.o
 .bss.Global_DownloadUpdateProgeress
                0x00000000200004bc        0x1 ./Core/Src/ReceiveUpdate.o
 *fill*         0x00000000200004bd        0x3 
 .bss.Global_ReceivedBytes
                0x00000000200004c0        0x4 ./Core/Src/ReceiveUpdate.o
 .bss.Global_CrcValue
                0x00000000200004c4        0x4 ./Core/Src/Rte.o
 .bss.Global_CodeSizeValue
                0x00000000200004c8        0x4 ./Core/Src/Rte.o
 .bss.Global_NodeId
                0x00000000200004cc        0x1 ./Core/Src/Rte.o
 .bss.Global_HeaderAckFlag
                0x00000000200004cd        0x1 ./Core/Src/Rte.o
 *fill*         0x00000000200004ce        0x2 
 .bss.Global_DecryptedDataBufferPtr
                0x00000000200004d0        0x4 ./Core/Src/Rte.o
 .bss.Global_DecryptedDataBufferFlag
                0x00000000200004d4        0x1 ./Core/Src/Rte.o
 .bss.Global_SystemStateMachine
                0x00000000200004d5        0x1 ./Core/Src/Rte.o
 .bss.Global_UserResponse
                0x00000000200004d6        0x1 ./Core/Src/Rte.o
 .bss.Global_UpdateProgress
                0x00000000200004d7        0x1 ./Core/Src/Rte.o
 .bss.Global_CrcPortState
                0x00000000200004d8        0x1 ./Core/Src/Rte.o
 .bss.Global_CodeSizePortState
                0x00000000200004d9        0x1 ./Core/Src/Rte.o
 .bss.Global_NodeIdPortState
                0x00000000200004da        0x1 ./Core/Src/Rte.o
 .bss.Global_HeaderAckFlagState
                0x00000000200004db        0x1 ./Core/Src/Rte.o
 .bss.Global_DecryptedDataBufferState
                0x00000000200004dc        0x1 ./Core/Src/Rte.o
 .bss.Global_DecryptedDataBufferFlagState
                0x00000000200004dd        0x1 ./Core/Src/Rte.o
 .bss.Global_SystemStateMachineState
                0x00000000200004de        0x1 ./Core/Src/Rte.o
 .bss.Global_UserResponsePortState
                0x00000000200004df        0x1 ./Core/Src/Rte.o
 .bss.Global_UpdateProgressPortState
                0x00000000200004e0        0x1 ./Core/Src/Rte.o
 *fill*         0x00000000200004e1        0x3 
 .bss.SSD1306_Buffer
                0x00000000200004e4      0x400 ./Core/Src/SSD1306.o
 .bss.SSD1306   0x00000000200008e4        0x6 ./Core/Src/SSD1306.o
 *fill*         0x00000000200008ea        0x2 
 .bss.Static_uint32CodeSize
                0x00000000200008ec        0x4 ./Core/Src/Transmit.o
 .bss.Static_uint8NodeId
                0x00000000200008f0        0x1 ./Core/Src/Transmit.o
 *fill*         0x00000000200008f1        0x1 
 .bss.Static_uint16PacketsCounter
                0x00000000200008f2        0x2 ./Core/Src/Transmit.o
 .bss.Static_uint16NumberOfPackets
                0x00000000200008f4        0x2 ./Core/Src/Transmit.o
 .bss.Static_uint8NumOfBytesInLastPacket
                0x00000000200008f6        0x1 ./Core/Src/Transmit.o
 *fill*         0x00000000200008f7        0x1 
 .bss.Static_InstallPercentage
                0x00000000200008f8        0x4 ./Core/Src/Transmit.o
 .bss.Static_InstallUpdateProgeress
                0x00000000200008fc        0x1 ./Core/Src/Transmit.o
 .bss.Static_StateVariable
                0x00000000200008fd        0x1 ./Core/Src/Transmit.o
 *fill*         0x00000000200008fe        0x2 
 .bss.Static_ArrayOfStates
                0x0000000020000900       0x10 ./Core/Src/Transmit.o
 .bss.Global_UiInternalState
                0x0000000020000910        0x1 ./Core/Src/UserInterface.o
 .bss.Global_SystemState
                0x0000000020000911        0x1 ./Core/Src/UserInterface.o
 .bss.Global_CursorState
                0x0000000020000912        0x1 ./Core/Src/UserInterface.o
 .bss.Global_DownloadProgress
                0x0000000020000913        0x1 ./Core/Src/UserInterface.o
 .bss.hcan      0x0000000020000914       0x28 ./Core/Src/main.o
                0x0000000020000914                hcan
 .bss.hi2c1     0x000000002000093c       0x54 ./Core/Src/main.o
                0x000000002000093c                hi2c1
 .bss.huart1    0x0000000020000990       0x48 ./Core/Src/main.o
                0x0000000020000990                huart1
 .bss.canfilterconfig
                0x00000000200009d8       0x28 ./Core/Src/main.o
                0x00000000200009d8                canfilterconfig
 .bss.TxHeader  0x0000000020000a00       0x18 ./Core/Src/main.o
                0x0000000020000a00                TxHeader
 .bss.RxHeader  0x0000000020000a18       0x1c ./Core/Src/main.o
                0x0000000020000a18                RxHeader
 .bss.TxData    0x0000000020000a34        0x8 ./Core/Src/main.o
                0x0000000020000a34                TxData
 .bss.RxData    0x0000000020000a3c        0x8 ./Core/Src/main.o
                0x0000000020000a3c                RxData
 .bss.TxMailbox
                0x0000000020000a44        0x4 ./Core/Src/main.o
                0x0000000020000a44                TxMailbox
 .bss.__sbrk_heap_end
                0x0000000020000a48        0x4 ./Core/Src/sysmem.o
 .bss.uwTick    0x0000000020000a4c        0x4 ./Drivers/STM32F1xx_HAL_Driver/Src/stm32f1xx_hal.o
                0x0000000020000a4c                uwTick
 .bss.pFlash    0x0000000020000a50       0x20 ./Drivers/STM32F1xx_HAL_Driver/Src/stm32f1xx_hal_flash.o
                0x0000000020000a50                pFlash
 .bss.__sf      0x0000000020000a70      0x138 C:/ST/STM32CubeIDE_1.13.1/STM32CubeIDE/plugins/com.st.stm32cube.ide.mcu.externaltools.gnu-tools-for-stm32.11.3.rel1.win32_1.1.0.202305231506/tools/bin/../lib/gcc/arm-none-eabi/11.3.1/../../../../arm-none-eabi/lib/thumb/v7-m/nofp\libc_nano.a(libc_a-findfp.o)
                0x0000000020000a70                __sf
 .bss.errno     0x0000000020000ba8        0x4 C:/ST/STM32CubeIDE_1.13.1/STM32CubeIDE/plugins/com.st.stm32cube.ide.mcu.externaltools.gnu-tools-for-stm32.11.3.rel1.win32_1.1.0.202305231506/tools/bin/../lib/gcc/arm-none-eabi/11.3.1/../../../../arm-none-eabi/lib/thumb/v7-m/nofp\libc_nano.a(libc_a-reent.o)
                0x0000000020000ba8                errno
 .bss.__lock___malloc_recursive_mutex
                0x0000000020000bac        0x1 C:/ST/STM32CubeIDE_1.13.1/STM32CubeIDE/plugins/com.st.stm32cube.ide.mcu.externaltools.gnu-tools-for-stm32.11.3.rel1.win32_1.1.0.202305231506/tools/bin/../lib/gcc/arm-none-eabi/11.3.1/../../../../arm-none-eabi/lib/thumb/v7-m/nofp\libc_nano.a(libc_a-lock.o)
                0x0000000020000bac                __lock___malloc_recursive_mutex
 *fill*         0x0000000020000bad        0x3 
 .bss.__malloc_free_list
                0x0000000020000bb0        0x4 C:/ST/STM32CubeIDE_1.13.1/STM32CubeIDE/plugins/com.st.stm32cube.ide.mcu.externaltools.gnu-tools-for-stm32.11.3.rel1.win32_1.1.0.202305231506/tools/bin/../lib/gcc/arm-none-eabi/11.3.1/../../../../arm-none-eabi/lib/thumb/v7-m/nofp\libc_nano.a(libc_a-mallocr.o)
                0x0000000020000bb0                __malloc_free_list
 .bss.__malloc_sbrk_start
                0x0000000020000bb4        0x4 C:/ST/STM32CubeIDE_1.13.1/STM32CubeIDE/plugins/com.st.stm32cube.ide.mcu.externaltools.gnu-tools-for-stm32.11.3.rel1.win32_1.1.0.202305231506/tools/bin/../lib/gcc/arm-none-eabi/11.3.1/../../../../arm-none-eabi/lib/thumb/v7-m/nofp\libc_nano.a(libc_a-mallocr.o)
                0x0000000020000bb4                __malloc_sbrk_start
 *(COMMON)
                0x0000000020000bb8                . = ALIGN (0x4)
                0x0000000020000bb8                _ebss = .
                0x0000000020000bb8                __bss_end__ = _ebss

._user_heap_stack
                0x0000000020000bb8      0x600 load address 0x0000000008007d44
                0x0000000020000bb8                . = ALIGN (0x8)
                [!provide]                        PROVIDE (end = .)
                0x0000000020000bb8                PROVIDE (_end = .)
                0x0000000020000db8                . = (. + _Min_Heap_Size)
 *fill*         0x0000000020000bb8      0x200 
                0x00000000200011b8                . = (. + _Min_Stack_Size)
 *fill*         0x0000000020000db8      0x400 
                0x00000000200011b8                . = ALIGN (0x8)

/DISCARD/
 libc.a(*)
 libm.a(*)
 libgcc.a(*)

.ARM.attributes
                0x0000000000000000       0x29
 *(.ARM.attributes)
 .ARM.attributes
                0x0000000000000000       0x1d C:/ST/STM32CubeIDE_1.13.1/STM32CubeIDE/plugins/com.st.stm32cube.ide.mcu.externaltools.gnu-tools-for-stm32.11.3.rel1.win32_1.1.0.202305231506/tools/bin/../lib/gcc/arm-none-eabi/11.3.1/thumb/v7-m/nofp/crti.o
 .ARM.attributes
                0x000000000000001d       0x2d C:/ST/STM32CubeIDE_1.13.1/STM32CubeIDE/plugins/com.st.stm32cube.ide.mcu.externaltools.gnu-tools-for-stm32.11.3.rel1.win32_1.1.0.202305231506/tools/bin/../lib/gcc/arm-none-eabi/11.3.1/thumb/v7-m/nofp/crtbegin.o
 .ARM.attributes
                0x000000000000004a       0x2d ./Core/Src/Can_Interface.o
 .ARM.attributes
                0x0000000000000077       0x2d ./Core/Src/Decrypt.o
 .ARM.attributes
                0x00000000000000a4       0x2d ./Core/Src/FlashReprogram_Interface.o
 .ARM.attributes
                0x00000000000000d1       0x2d ./Core/Src/FontsSSD1306.o
 .ARM.attributes
                0x00000000000000fe       0x2d ./Core/Src/ReceiveUpdate.o
 .ARM.attributes
                0x000000000000012b       0x2d ./Core/Src/Rte.o
 .ARM.attributes
                0x0000000000000158       0x2d ./Core/Src/SSD1306.o
 .ARM.attributes
                0x0000000000000185       0x2d ./Core/Src/Transmit.o
 .ARM.attributes
                0x00000000000001b2       0x2d ./Core/Src/UserInterface.o
 .ARM.attributes
                0x00000000000001df       0x2d ./Core/Src/main.o
 .ARM.attributes
                0x000000000000020c       0x2d ./Core/Src/stm32f1xx_hal_msp.o
 .ARM.attributes
                0x0000000000000239       0x2d ./Core/Src/stm32f1xx_it.o
 .ARM.attributes
                0x0000000000000266       0x2d ./Core/Src/sysmem.o
 .ARM.attributes
                0x0000000000000293       0x2d ./Core/Src/system_stm32f1xx.o
 .ARM.attributes
                0x00000000000002c0       0x21 ./Core/Startup/startup_stm32f103c8tx.o
 .ARM.attributes
                0x00000000000002e1       0x2d ./Drivers/STM32F1xx_HAL_Driver/Src/stm32f1xx_hal.o
 .ARM.attributes
                0x000000000000030e       0x2d ./Drivers/STM32F1xx_HAL_Driver/Src/stm32f1xx_hal_can.o
 .ARM.attributes
                0x000000000000033b       0x2d ./Drivers/STM32F1xx_HAL_Driver/Src/stm32f1xx_hal_cortex.o
 .ARM.attributes
                0x0000000000000368       0x2d ./Drivers/STM32F1xx_HAL_Driver/Src/stm32f1xx_hal_dma.o
 .ARM.attributes
                0x0000000000000395       0x2d ./Drivers/STM32F1xx_HAL_Driver/Src/stm32f1xx_hal_flash.o
 .ARM.attributes
                0x00000000000003c2       0x2d ./Drivers/STM32F1xx_HAL_Driver/Src/stm32f1xx_hal_flash_ex.o
 .ARM.attributes
                0x00000000000003ef       0x2d ./Drivers/STM32F1xx_HAL_Driver/Src/stm32f1xx_hal_gpio.o
 .ARM.attributes
                0x000000000000041c       0x2d ./Drivers/STM32F1xx_HAL_Driver/Src/stm32f1xx_hal_i2c.o
 .ARM.attributes
                0x0000000000000449       0x2d ./Drivers/STM32F1xx_HAL_Driver/Src/stm32f1xx_hal_rcc.o
 .ARM.attributes
                0x0000000000000476       0x2d ./Drivers/STM32F1xx_HAL_Driver/Src/stm32f1xx_hal_uart.o
 .ARM.attributes
                0x00000000000004a3       0x2d C:/ST/STM32CubeIDE_1.13.1/STM32CubeIDE/plugins/com.st.stm32cube.ide.mcu.externaltools.gnu-tools-for-stm32.11.3.rel1.win32_1.1.0.202305231506/tools/bin/../lib/gcc/arm-none-eabi/11.3.1/../../../../arm-none-eabi/lib/thumb/v7-m/nofp\libc_nano.a(libc_a-findfp.o)
 .ARM.attributes
                0x00000000000004d0       0x2d C:/ST/STM32CubeIDE_1.13.1/STM32CubeIDE/plugins/com.st.stm32cube.ide.mcu.externaltools.gnu-tools-for-stm32.11.3.rel1.win32_1.1.0.202305231506/tools/bin/../lib/gcc/arm-none-eabi/11.3.1/../../../../arm-none-eabi/lib/thumb/v7-m/nofp\libc_nano.a(libc_a-sprintf.o)
 .ARM.attributes
                0x00000000000004fd       0x2d C:/ST/STM32CubeIDE_1.13.1/STM32CubeIDE/plugins/com.st.stm32cube.ide.mcu.externaltools.gnu-tools-for-stm32.11.3.rel1.win32_1.1.0.202305231506/tools/bin/../lib/gcc/arm-none-eabi/11.3.1/../../../../arm-none-eabi/lib/thumb/v7-m/nofp\libc_nano.a(libc_a-memset.o)
 .ARM.attributes
                0x000000000000052a       0x2d C:/ST/STM32CubeIDE_1.13.1/STM32CubeIDE/plugins/com.st.stm32cube.ide.mcu.externaltools.gnu-tools-for-stm32.11.3.rel1.win32_1.1.0.202305231506/tools/bin/../lib/gcc/arm-none-eabi/11.3.1/../../../../arm-none-eabi/lib/thumb/v7-m/nofp\libc_nano.a(libc_a-reent.o)
 .ARM.attributes
                0x0000000000000557       0x2d C:/ST/STM32CubeIDE_1.13.1/STM32CubeIDE/plugins/com.st.stm32cube.ide.mcu.externaltools.gnu-tools-for-stm32.11.3.rel1.win32_1.1.0.202305231506/tools/bin/../lib/gcc/arm-none-eabi/11.3.1/../../../../arm-none-eabi/lib/thumb/v7-m/nofp\libc_nano.a(libc_a-impure.o)
 .ARM.attributes
                0x0000000000000584       0x2d C:/ST/STM32CubeIDE_1.13.1/STM32CubeIDE/plugins/com.st.stm32cube.ide.mcu.externaltools.gnu-tools-for-stm32.11.3.rel1.win32_1.1.0.202305231506/tools/bin/../lib/gcc/arm-none-eabi/11.3.1/../../../../arm-none-eabi/lib/thumb/v7-m/nofp\libc_nano.a(libc_a-errno.o)
 .ARM.attributes
                0x00000000000005b1       0x2d C:/ST/STM32CubeIDE_1.13.1/STM32CubeIDE/plugins/com.st.stm32cube.ide.mcu.externaltools.gnu-tools-for-stm32.11.3.rel1.win32_1.1.0.202305231506/tools/bin/../lib/gcc/arm-none-eabi/11.3.1/../../../../arm-none-eabi/lib/thumb/v7-m/nofp\libc_nano.a(libc_a-init.o)
 .ARM.attributes
                0x00000000000005de       0x2d C:/ST/STM32CubeIDE_1.13.1/STM32CubeIDE/plugins/com.st.stm32cube.ide.mcu.externaltools.gnu-tools-for-stm32.11.3.rel1.win32_1.1.0.202305231506/tools/bin/../lib/gcc/arm-none-eabi/11.3.1/../../../../arm-none-eabi/lib/thumb/v7-m/nofp\libc_nano.a(libc_a-lock.o)
 .ARM.attributes
                0x000000000000060b       0x2d C:/ST/STM32CubeIDE_1.13.1/STM32CubeIDE/plugins/com.st.stm32cube.ide.mcu.externaltools.gnu-tools-for-stm32.11.3.rel1.win32_1.1.0.202305231506/tools/bin/../lib/gcc/arm-none-eabi/11.3.1/../../../../arm-none-eabi/lib/thumb/v7-m/nofp\libc_nano.a(libc_a-freer.o)
 .ARM.attributes
                0x0000000000000638       0x2d C:/ST/STM32CubeIDE_1.13.1/STM32CubeIDE/plugins/com.st.stm32cube.ide.mcu.externaltools.gnu-tools-for-stm32.11.3.rel1.win32_1.1.0.202305231506/tools/bin/../lib/gcc/arm-none-eabi/11.3.1/../../../../arm-none-eabi/lib/thumb/v7-m/nofp\libc_nano.a(libc_a-mallocr.o)
 .ARM.attributes
                0x0000000000000665       0x2d C:/ST/STM32CubeIDE_1.13.1/STM32CubeIDE/plugins/com.st.stm32cube.ide.mcu.externaltools.gnu-tools-for-stm32.11.3.rel1.win32_1.1.0.202305231506/tools/bin/../lib/gcc/arm-none-eabi/11.3.1/../../../../arm-none-eabi/lib/thumb/v7-m/nofp\libc_nano.a(libc_a-mlock.o)
 .ARM.attributes
                0x0000000000000692       0x2d C:/ST/STM32CubeIDE_1.13.1/STM32CubeIDE/plugins/com.st.stm32cube.ide.mcu.externaltools.gnu-tools-for-stm32.11.3.rel1.win32_1.1.0.202305231506/tools/bin/../lib/gcc/arm-none-eabi/11.3.1/../../../../arm-none-eabi/lib/thumb/v7-m/nofp\libc_nano.a(libc_a-nano-svfprintf.o)
 .ARM.attributes
                0x00000000000006bf       0x2d C:/ST/STM32CubeIDE_1.13.1/STM32CubeIDE/plugins/com.st.stm32cube.ide.mcu.externaltools.gnu-tools-for-stm32.11.3.rel1.win32_1.1.0.202305231506/tools/bin/../lib/gcc/arm-none-eabi/11.3.1/../../../../arm-none-eabi/lib/thumb/v7-m/nofp\libc_nano.a(libc_a-nano-vfprintf_i.o)
 .ARM.attributes
                0x00000000000006ec       0x2d C:/ST/STM32CubeIDE_1.13.1/STM32CubeIDE/plugins/com.st.stm32cube.ide.mcu.externaltools.gnu-tools-for-stm32.11.3.rel1.win32_1.1.0.202305231506/tools/bin/../lib/gcc/arm-none-eabi/11.3.1/../../../../arm-none-eabi/lib/thumb/v7-m/nofp\libc_nano.a(libc_a-memmove.o)
 .ARM.attributes
                0x0000000000000719       0x2d C:/ST/STM32CubeIDE_1.13.1/STM32CubeIDE/plugins/com.st.stm32cube.ide.mcu.externaltools.gnu-tools-for-stm32.11.3.rel1.win32_1.1.0.202305231506/tools/bin/../lib/gcc/arm-none-eabi/11.3.1/../../../../arm-none-eabi/lib/thumb/v7-m/nofp\libc_nano.a(libc_a-sbrkr.o)
 .ARM.attributes
                0x0000000000000746       0x2d C:/ST/STM32CubeIDE_1.13.1/STM32CubeIDE/plugins/com.st.stm32cube.ide.mcu.externaltools.gnu-tools-for-stm32.11.3.rel1.win32_1.1.0.202305231506/tools/bin/../lib/gcc/arm-none-eabi/11.3.1/../../../../arm-none-eabi/lib/thumb/v7-m/nofp\libc_nano.a(libc_a-memchr-stub.o)
 .ARM.attributes
                0x0000000000000773       0x2d C:/ST/STM32CubeIDE_1.13.1/STM32CubeIDE/plugins/com.st.stm32cube.ide.mcu.externaltools.gnu-tools-for-stm32.11.3.rel1.win32_1.1.0.202305231506/tools/bin/../lib/gcc/arm-none-eabi/11.3.1/../../../../arm-none-eabi/lib/thumb/v7-m/nofp\libc_nano.a(libc_a-memcpy-stub.o)
 .ARM.attributes
                0x00000000000007a0       0x2d C:/ST/STM32CubeIDE_1.13.1/STM32CubeIDE/plugins/com.st.stm32cube.ide.mcu.externaltools.gnu-tools-for-stm32.11.3.rel1.win32_1.1.0.202305231506/tools/bin/../lib/gcc/arm-none-eabi/11.3.1/../../../../arm-none-eabi/lib/thumb/v7-m/nofp\libc_nano.a(libc_a-reallocr.o)
 .ARM.attributes
                0x00000000000007cd       0x2d C:/ST/STM32CubeIDE_1.13.1/STM32CubeIDE/plugins/com.st.stm32cube.ide.mcu.externaltools.gnu-tools-for-stm32.11.3.rel1.win32_1.1.0.202305231506/tools/bin/../lib/gcc/arm-none-eabi/11.3.1/../../../../arm-none-eabi/lib/thumb/v7-m/nofp\libc_nano.a(libc_a-msizer.o)
 .ARM.attributes
                0x00000000000007fa       0x1d C:/ST/STM32CubeIDE_1.13.1/STM32CubeIDE/plugins/com.st.stm32cube.ide.mcu.externaltools.gnu-tools-for-stm32.11.3.rel1.win32_1.1.0.202305231506/tools/bin/../lib/gcc/arm-none-eabi/11.3.1/thumb/v7-m/nofp\libgcc.a(_arm_addsubsf3.o)
 .ARM.attributes
                0x0000000000000817       0x1d C:/ST/STM32CubeIDE_1.13.1/STM32CubeIDE/plugins/com.st.stm32cube.ide.mcu.externaltools.gnu-tools-for-stm32.11.3.rel1.win32_1.1.0.202305231506/tools/bin/../lib/gcc/arm-none-eabi/11.3.1/thumb/v7-m/nofp\libgcc.a(_arm_muldivsf3.o)
 .ARM.attributes
                0x0000000000000834       0x1d C:/ST/STM32CubeIDE_1.13.1/STM32CubeIDE/plugins/com.st.stm32cube.ide.mcu.externaltools.gnu-tools-for-stm32.11.3.rel1.win32_1.1.0.202305231506/tools/bin/../lib/gcc/arm-none-eabi/11.3.1/thumb/v7-m/nofp\libgcc.a(_arm_fixunssfsi.o)
 .ARM.attributes
                0x0000000000000851       0x1d C:/ST/STM32CubeIDE_1.13.1/STM32CubeIDE/plugins/com.st.stm32cube.ide.mcu.externaltools.gnu-tools-for-stm32.11.3.rel1.win32_1.1.0.202305231506/tools/bin/../lib/gcc/arm-none-eabi/11.3.1/thumb/v7-m/nofp/crtn.o
OUTPUT(BlinkLed_App1.elf elf32-littlearm)
LOAD linker stubs
LOAD C:/ST/STM32CubeIDE_1.13.1/STM32CubeIDE/plugins/com.st.stm32cube.ide.mcu.externaltools.gnu-tools-for-stm32.11.3.rel1.win32_1.1.0.202305231506/tools/bin/../lib/gcc/arm-none-eabi/11.3.1/../../../../arm-none-eabi/lib/thumb/v7-m/nofp\libc.a
LOAD C:/ST/STM32CubeIDE_1.13.1/STM32CubeIDE/plugins/com.st.stm32cube.ide.mcu.externaltools.gnu-tools-for-stm32.11.3.rel1.win32_1.1.0.202305231506/tools/bin/../lib/gcc/arm-none-eabi/11.3.1/../../../../arm-none-eabi/lib/thumb/v7-m/nofp\libm.a
LOAD C:/ST/STM32CubeIDE_1.13.1/STM32CubeIDE/plugins/com.st.stm32cube.ide.mcu.externaltools.gnu-tools-for-stm32.11.3.rel1.win32_1.1.0.202305231506/tools/bin/../lib/gcc/arm-none-eabi/11.3.1/thumb/v7-m/nofp\libgcc.a

.comment        0x0000000000000000       0x43
 .comment       0x0000000000000000       0x43 C:/ST/STM32CubeIDE_1.13.1/STM32CubeIDE/plugins/com.st.stm32cube.ide.mcu.externaltools.gnu-tools-for-stm32.11.3.rel1.win32_1.1.0.202305231506/tools/bin/../lib/gcc/arm-none-eabi/11.3.1/thumb/v7-m/nofp/crtbegin.o
                                         0x44 (size before relaxing)
 .comment       0x0000000000000043       0x44 ./Core/Src/Can_Interface.o
 .comment       0x0000000000000043       0x44 ./Core/Src/Decrypt.o
 .comment       0x0000000000000043       0x44 ./Core/Src/FlashReprogram_Interface.o
 .comment       0x0000000000000043       0x44 ./Core/Src/FontsSSD1306.o
 .comment       0x0000000000000043       0x44 ./Core/Src/ReceiveUpdate.o
 .comment       0x0000000000000043       0x44 ./Core/Src/Rte.o
 .comment       0x0000000000000043       0x44 ./Core/Src/SSD1306.o
 .comment       0x0000000000000043       0x44 ./Core/Src/Transmit.o
 .comment       0x0000000000000043       0x44 ./Core/Src/UserInterface.o
 .comment       0x0000000000000043       0x44 ./Core/Src/main.o
 .comment       0x0000000000000043       0x44 ./Core/Src/stm32f1xx_hal_msp.o
 .comment       0x0000000000000043       0x44 ./Core/Src/stm32f1xx_it.o
 .comment       0x0000000000000043       0x44 ./Core/Src/sysmem.o
 .comment       0x0000000000000043       0x44 ./Core/Src/system_stm32f1xx.o
 .comment       0x0000000000000043       0x44 ./Drivers/STM32F1xx_HAL_Driver/Src/stm32f1xx_hal.o
 .comment       0x0000000000000043       0x44 ./Drivers/STM32F1xx_HAL_Driver/Src/stm32f1xx_hal_can.o
 .comment       0x0000000000000043       0x44 ./Drivers/STM32F1xx_HAL_Driver/Src/stm32f1xx_hal_cortex.o
 .comment       0x0000000000000043       0x44 ./Drivers/STM32F1xx_HAL_Driver/Src/stm32f1xx_hal_dma.o
 .comment       0x0000000000000043       0x44 ./Drivers/STM32F1xx_HAL_Driver/Src/stm32f1xx_hal_flash.o
 .comment       0x0000000000000043       0x44 ./Drivers/STM32F1xx_HAL_Driver/Src/stm32f1xx_hal_flash_ex.o
 .comment       0x0000000000000043       0x44 ./Drivers/STM32F1xx_HAL_Driver/Src/stm32f1xx_hal_gpio.o
 .comment       0x0000000000000043       0x44 ./Drivers/STM32F1xx_HAL_Driver/Src/stm32f1xx_hal_i2c.o
 .comment       0x0000000000000043       0x44 ./Drivers/STM32F1xx_HAL_Driver/Src/stm32f1xx_hal_rcc.o
 .comment       0x0000000000000043       0x44 ./Drivers/STM32F1xx_HAL_Driver/Src/stm32f1xx_hal_uart.o

.debug_info     0x0000000000000000     0xf62f
 .debug_info    0x0000000000000000      0x748 ./Core/Src/Can_Interface.o
 .debug_info    0x0000000000000748      0x200 ./Core/Src/Decrypt.o
 .debug_info    0x0000000000000948      0x313 ./Core/Src/FlashReprogram_Interface.o
 .debug_info    0x0000000000000c5b      0x255 ./Core/Src/FontsSSD1306.o
 .debug_info    0x0000000000000eb0      0x855 ./Core/Src/ReceiveUpdate.o
 .debug_info    0x0000000000001705      0x5eb ./Core/Src/Rte.o
 .debug_info    0x0000000000001cf0      0xb0f ./Core/Src/SSD1306.o
 .debug_info    0x00000000000027ff      0x5ca ./Core/Src/Transmit.o
 .debug_info    0x0000000000002dc9      0x48c ./Core/Src/UserInterface.o
 .debug_info    0x0000000000003255     0x1327 ./Core/Src/main.o
 .debug_info    0x000000000000457c     0x10eb ./Core/Src/stm32f1xx_hal_msp.o
 .debug_info    0x0000000000005667      0x5eb ./Core/Src/stm32f1xx_it.o
 .debug_info    0x0000000000005c52      0x168 ./Core/Src/sysmem.o
 .debug_info    0x0000000000005dba      0x222 ./Core/Src/system_stm32f1xx.o
 .debug_info    0x0000000000005fdc       0x23 ./Core/Startup/startup_stm32f103c8tx.o
 .debug_info    0x0000000000005fff      0x704 ./Drivers/STM32F1xx_HAL_Driver/Src/stm32f1xx_hal.o
 .debug_info    0x0000000000006703      0xf27 ./Drivers/STM32F1xx_HAL_Driver/Src/stm32f1xx_hal_can.o
 .debug_info    0x000000000000762a      0xa87 ./Drivers/STM32F1xx_HAL_Driver/Src/stm32f1xx_hal_cortex.o
 .debug_info    0x00000000000080b1      0x6d2 ./Drivers/STM32F1xx_HAL_Driver/Src/stm32f1xx_hal_dma.o
 .debug_info    0x0000000000008783      0x4f8 ./Drivers/STM32F1xx_HAL_Driver/Src/stm32f1xx_hal_flash.o
 .debug_info    0x0000000000008c7b      0x777 ./Drivers/STM32F1xx_HAL_Driver/Src/stm32f1xx_hal_flash_ex.o
 .debug_info    0x00000000000093f2      0x5ab ./Drivers/STM32F1xx_HAL_Driver/Src/stm32f1xx_hal_gpio.o
 .debug_info    0x000000000000999d     0x2515 ./Drivers/STM32F1xx_HAL_Driver/Src/stm32f1xx_hal_i2c.o
 .debug_info    0x000000000000beb2      0x7d5 ./Drivers/STM32F1xx_HAL_Driver/Src/stm32f1xx_hal_rcc.o
 .debug_info    0x000000000000c687     0x2fa8 ./Drivers/STM32F1xx_HAL_Driver/Src/stm32f1xx_hal_uart.o

.debug_abbrev   0x0000000000000000     0x2ebc
 .debug_abbrev  0x0000000000000000      0x1b5 ./Core/Src/Can_Interface.o
 .debug_abbrev  0x00000000000001b5       0xe0 ./Core/Src/Decrypt.o
 .debug_abbrev  0x0000000000000295      0x135 ./Core/Src/FlashReprogram_Interface.o
 .debug_abbrev  0x00000000000003ca      0x11c ./Core/Src/FontsSSD1306.o
 .debug_abbrev  0x00000000000004e6      0x1d8 ./Core/Src/ReceiveUpdate.o
 .debug_abbrev  0x00000000000006be       0xe7 ./Core/Src/Rte.o
 .debug_abbrev  0x00000000000007a5      0x2a3 ./Core/Src/SSD1306.o
 .debug_abbrev  0x0000000000000a48      0x184 ./Core/Src/Transmit.o
 .debug_abbrev  0x0000000000000bcc      0x237 ./Core/Src/UserInterface.o
 .debug_abbrev  0x0000000000000e03      0x31c ./Core/Src/main.o
 .debug_abbrev  0x000000000000111f      0x23a ./Core/Src/stm32f1xx_hal_msp.o
 .debug_abbrev  0x0000000000001359      0x176 ./Core/Src/stm32f1xx_it.o
 .debug_abbrev  0x00000000000014cf       0xbc ./Core/Src/sysmem.o
 .debug_abbrev  0x000000000000158b      0x13f ./Core/Src/system_stm32f1xx.o
 .debug_abbrev  0x00000000000016ca       0x12 ./Core/Startup/startup_stm32f103c8tx.o
 .debug_abbrev  0x00000000000016dc      0x201 ./Drivers/STM32F1xx_HAL_Driver/Src/stm32f1xx_hal.o
 .debug_abbrev  0x00000000000018dd      0x22d ./Drivers/STM32F1xx_HAL_Driver/Src/stm32f1xx_hal_can.o
 .debug_abbrev  0x0000000000001b0a      0x2f8 ./Drivers/STM32F1xx_HAL_Driver/Src/stm32f1xx_hal_cortex.o
 .debug_abbrev  0x0000000000001e02      0x20b ./Drivers/STM32F1xx_HAL_Driver/Src/stm32f1xx_hal_dma.o
 .debug_abbrev  0x000000000000200d      0x250 ./Drivers/STM32F1xx_HAL_Driver/Src/stm32f1xx_hal_flash.o
 .debug_abbrev  0x000000000000225d      0x247 ./Drivers/STM32F1xx_HAL_Driver/Src/stm32f1xx_hal_flash_ex.o
 .debug_abbrev  0x00000000000024a4      0x1ca ./Drivers/STM32F1xx_HAL_Driver/Src/stm32f1xx_hal_gpio.o
 .debug_abbrev  0x000000000000266e      0x2a3 ./Drivers/STM32F1xx_HAL_Driver/Src/stm32f1xx_hal_i2c.o
 .debug_abbrev  0x0000000000002911      0x2b3 ./Drivers/STM32F1xx_HAL_Driver/Src/stm32f1xx_hal_rcc.o
 .debug_abbrev  0x0000000000002bc4      0x2f8 ./Drivers/STM32F1xx_HAL_Driver/Src/stm32f1xx_hal_uart.o

.debug_aranges  0x0000000000000000      0xeb8
 .debug_aranges
                0x0000000000000000       0x38 ./Core/Src/Can_Interface.o
 .debug_aranges
                0x0000000000000038       0x28 ./Core/Src/Decrypt.o
 .debug_aranges
                0x0000000000000060       0x40 ./Core/Src/FlashReprogram_Interface.o
 .debug_aranges
                0x00000000000000a0       0x20 ./Core/Src/FontsSSD1306.o
 .debug_aranges
                0x00000000000000c0       0x30 ./Core/Src/ReceiveUpdate.o
 .debug_aranges
                0x00000000000000f0       0xa8 ./Core/Src/Rte.o
 .debug_aranges
                0x0000000000000198       0x90 ./Core/Src/SSD1306.o
 .debug_aranges
                0x0000000000000228       0x60 ./Core/Src/Transmit.o
 .debug_aranges
                0x0000000000000288       0x68 ./Core/Src/UserInterface.o
 .debug_aranges
                0x00000000000002f0       0x50 ./Core/Src/main.o
 .debug_aranges
                0x0000000000000340       0x50 ./Core/Src/stm32f1xx_hal_msp.o
 .debug_aranges
                0x0000000000000390       0x68 ./Core/Src/stm32f1xx_it.o
 .debug_aranges
                0x00000000000003f8       0x20 ./Core/Src/sysmem.o
 .debug_aranges
                0x0000000000000418       0x28 ./Core/Src/system_stm32f1xx.o
 .debug_aranges
                0x0000000000000440       0x28 ./Core/Startup/startup_stm32f103c8tx.o
 .debug_aranges
                0x0000000000000468       0xe0 ./Drivers/STM32F1xx_HAL_Driver/Src/stm32f1xx_hal.o
 .debug_aranges
                0x0000000000000548      0x138 ./Drivers/STM32F1xx_HAL_Driver/Src/stm32f1xx_hal_can.o
 .debug_aranges
                0x0000000000000680      0x100 ./Drivers/STM32F1xx_HAL_Driver/Src/stm32f1xx_hal_cortex.o
 .debug_aranges
                0x0000000000000780       0x80 ./Drivers/STM32F1xx_HAL_Driver/Src/stm32f1xx_hal_dma.o
 .debug_aranges
                0x0000000000000800       0x88 ./Drivers/STM32F1xx_HAL_Driver/Src/stm32f1xx_hal_flash.o
 .debug_aranges
                0x0000000000000888       0x98 ./Drivers/STM32F1xx_HAL_Driver/Src/stm32f1xx_hal_flash_ex.o
 .debug_aranges
                0x0000000000000920       0x58 ./Drivers/STM32F1xx_HAL_Driver/Src/stm32f1xx_hal_gpio.o
 .debug_aranges
                0x0000000000000978      0x2a8 ./Drivers/STM32F1xx_HAL_Driver/Src/stm32f1xx_hal_i2c.o
 .debug_aranges
                0x0000000000000c20       0x90 ./Drivers/STM32F1xx_HAL_Driver/Src/stm32f1xx_hal_rcc.o
 .debug_aranges
                0x0000000000000cb0      0x208 ./Drivers/STM32F1xx_HAL_Driver/Src/stm32f1xx_hal_uart.o

.debug_rnglists
                0x0000000000000000      0xb6f
 .debug_rnglists
                0x0000000000000000       0x26 ./Core/Src/Can_Interface.o
 .debug_rnglists
                0x0000000000000026       0x1a ./Core/Src/Decrypt.o
 .debug_rnglists
                0x0000000000000040       0x2b ./Core/Src/FlashReprogram_Interface.o
 .debug_rnglists
                0x000000000000006b       0x13 ./Core/Src/FontsSSD1306.o
 .debug_rnglists
                0x000000000000007e       0x22 ./Core/Src/ReceiveUpdate.o
 .debug_rnglists
                0x00000000000000a0       0x79 ./Core/Src/Rte.o
 .debug_rnglists
                0x0000000000000119       0x6d ./Core/Src/SSD1306.o
 .debug_rnglists
                0x0000000000000186       0x46 ./Core/Src/Transmit.o
 .debug_rnglists
                0x00000000000001cc       0x74 ./Core/Src/UserInterface.o
 .debug_rnglists
                0x0000000000000240       0x3a ./Core/Src/main.o
 .debug_rnglists
                0x000000000000027a       0x39 ./Core/Src/stm32f1xx_hal_msp.o
 .debug_rnglists
                0x00000000000002b3       0x49 ./Core/Src/stm32f1xx_it.o
 .debug_rnglists
                0x00000000000002fc       0x13 ./Core/Src/sysmem.o
 .debug_rnglists
                0x000000000000030f       0x1a ./Core/Src/system_stm32f1xx.o
 .debug_rnglists
                0x0000000000000329       0x19 ./Core/Startup/startup_stm32f103c8tx.o
 .debug_rnglists
                0x0000000000000342       0xa3 ./Drivers/STM32F1xx_HAL_Driver/Src/stm32f1xx_hal.o
 .debug_rnglists
                0x00000000000003e5       0xee ./Drivers/STM32F1xx_HAL_Driver/Src/stm32f1xx_hal_can.o
 .debug_rnglists
                0x00000000000004d3       0xbb ./Drivers/STM32F1xx_HAL_Driver/Src/stm32f1xx_hal_cortex.o
 .debug_rnglists
                0x000000000000058e       0x64 ./Drivers/STM32F1xx_HAL_Driver/Src/stm32f1xx_hal_dma.o
 .debug_rnglists
                0x00000000000005f2       0x66 ./Drivers/STM32F1xx_HAL_Driver/Src/stm32f1xx_hal_flash.o
 .debug_rnglists
                0x0000000000000658       0x74 ./Drivers/STM32F1xx_HAL_Driver/Src/stm32f1xx_hal_flash_ex.o
 .debug_rnglists
                0x00000000000006cc       0x3f ./Drivers/STM32F1xx_HAL_Driver/Src/stm32f1xx_hal_gpio.o
 .debug_rnglists
                0x000000000000070b      0x23c ./Drivers/STM32F1xx_HAL_Driver/Src/stm32f1xx_hal_i2c.o
 .debug_rnglists
                0x0000000000000947       0x6c ./Drivers/STM32F1xx_HAL_Driver/Src/stm32f1xx_hal_rcc.o
 .debug_rnglists
                0x00000000000009b3      0x1bc ./Drivers/STM32F1xx_HAL_Driver/Src/stm32f1xx_hal_uart.o

.debug_macro    0x0000000000000000    0x19581
 .debug_macro   0x0000000000000000      0x20c ./Core/Src/Can_Interface.o
 .debug_macro   0x000000000000020c      0xa9c ./Core/Src/Can_Interface.o
 .debug_macro   0x0000000000000ca8      0x221 ./Core/Src/Can_Interface.o
 .debug_macro   0x0000000000000ec9       0x2e ./Core/Src/Can_Interface.o
 .debug_macro   0x0000000000000ef7       0x22 ./Core/Src/Can_Interface.o
 .debug_macro   0x0000000000000f19       0x22 ./Core/Src/Can_Interface.o
 .debug_macro   0x0000000000000f3b       0x8e ./Core/Src/Can_Interface.o
 .debug_macro   0x0000000000000fc9       0x51 ./Core/Src/Can_Interface.o
 .debug_macro   0x000000000000101a      0x103 ./Core/Src/Can_Interface.o
 .debug_macro   0x000000000000111d       0x6a ./Core/Src/Can_Interface.o
 .debug_macro   0x0000000000001187      0x1df ./Core/Src/Can_Interface.o
 .debug_macro   0x0000000000001366       0x1c ./Core/Src/Can_Interface.o
 .debug_macro   0x0000000000001382       0x22 ./Core/Src/Can_Interface.o
 .debug_macro   0x00000000000013a4       0xbd ./Core/Src/Can_Interface.o
 .debug_macro   0x0000000000001461      0xd23 ./Core/Src/Can_Interface.o
 .debug_macro   0x0000000000002184     0xe09e ./Core/Src/Can_Interface.o
 .debug_macro   0x0000000000010222       0x6d ./Core/Src/Can_Interface.o
 .debug_macro   0x000000000001028f     0x348d ./Core/Src/Can_Interface.o
 .debug_macro   0x000000000001371c      0x174 ./Core/Src/Can_Interface.o
 .debug_macro   0x0000000000013890       0x5c ./Core/Src/Can_Interface.o
 .debug_macro   0x00000000000138ec      0x5bc ./Core/Src/Can_Interface.o
 .debug_macro   0x0000000000013ea8      0x289 ./Core/Src/Can_Interface.o
 .debug_macro   0x0000000000014131      0x1cb ./Core/Src/Can_Interface.o
 .debug_macro   0x00000000000142fc      0x114 ./Core/Src/Can_Interface.o
 .debug_macro   0x0000000000014410      0x1b2 ./Core/Src/Can_Interface.o
 .debug_macro   0x00000000000145c2       0x27 ./Core/Src/Can_Interface.o
 .debug_macro   0x00000000000145e9      0x136 ./Core/Src/Can_Interface.o
 .debug_macro   0x000000000001471f      0x1bc ./Core/Src/Can_Interface.o
 .debug_macro   0x00000000000148db       0x34 ./Core/Src/Can_Interface.o
 .debug_macro   0x000000000001490f       0x3c ./Core/Src/Can_Interface.o
 .debug_macro   0x000000000001494b      0x408 ./Core/Src/Can_Interface.o
 .debug_macro   0x0000000000014d53       0x57 ./Core/Src/Can_Interface.o
 .debug_macro   0x0000000000014daa       0x87 ./Core/Src/Can_Interface.o
 .debug_macro   0x0000000000014e31      0x240 ./Core/Src/Can_Interface.o
 .debug_macro   0x0000000000015071      0x287 ./Core/Src/Can_Interface.o
 .debug_macro   0x00000000000152f8      0x140 ./Core/Src/Can_Interface.o
 .debug_macro   0x0000000000015438      0x28e ./Core/Src/Can_Interface.o
 .debug_macro   0x00000000000156c6       0x83 ./Core/Src/Can_Interface.o
 .debug_macro   0x0000000000015749       0x52 ./Core/Src/Can_Interface.o
 .debug_macro   0x000000000001579b       0x16 ./Core/Src/Can_Interface.o
 .debug_macro   0x00000000000157b1       0x3a ./Core/Src/Can_Interface.o
 .debug_macro   0x00000000000157eb       0x2e ./Core/Src/Can_Interface.o
 .debug_macro   0x0000000000015819       0x3a ./Core/Src/Can_Interface.o
 .debug_macro   0x0000000000015853       0x22 ./Core/Src/Can_Interface.o
 .debug_macro   0x0000000000015875       0x28 ./Core/Src/Can_Interface.o
 .debug_macro   0x000000000001589d       0x10 ./Core/Src/Can_Interface.o
 .debug_macro   0x00000000000158ad      0x210 ./Core/Src/Decrypt.o
 .debug_macro   0x0000000000015abd       0x10 ./Core/Src/Decrypt.o
 .debug_macro   0x0000000000015acd       0x28 ./Core/Src/Decrypt.o
 .debug_macro   0x0000000000015af5      0x206 ./Core/Src/FlashReprogram_Interface.o
 .debug_macro   0x0000000000015cfb       0x22 ./Core/Src/FlashReprogram_Interface.o
 .debug_macro   0x0000000000015d1d      0x27a ./Core/Src/FontsSSD1306.o
 .debug_macro   0x0000000000015f97       0x61 ./Core/Src/FontsSSD1306.o
 .debug_macro   0x0000000000015ff8       0x24 ./Core/Src/FontsSSD1306.o
 .debug_macro   0x000000000001601c       0x43 ./Core/Src/FontsSSD1306.o
 .debug_macro   0x000000000001605f       0x34 ./Core/Src/FontsSSD1306.o
 .debug_macro   0x0000000000016093       0x16 ./Core/Src/FontsSSD1306.o
 .debug_macro   0x00000000000160a9       0x43 ./Core/Src/FontsSSD1306.o
 .debug_macro   0x00000000000160ec       0x34 ./Core/Src/FontsSSD1306.o
 .debug_macro   0x0000000000016120       0x10 ./Core/Src/FontsSSD1306.o
 .debug_macro   0x0000000000016130       0x58 ./Core/Src/FontsSSD1306.o
 .debug_macro   0x0000000000016188       0x8e ./Core/Src/FontsSSD1306.o
 .debug_macro   0x0000000000016216       0x1c ./Core/Src/FontsSSD1306.o
 .debug_macro   0x0000000000016232      0x177 ./Core/Src/FontsSSD1306.o
 .debug_macro   0x00000000000163a9      0x369 ./Core/Src/FontsSSD1306.o
 .debug_macro   0x0000000000016712       0x10 ./Core/Src/FontsSSD1306.o
 .debug_macro   0x0000000000016722       0x35 ./Core/Src/FontsSSD1306.o
 .debug_macro   0x0000000000016757       0x20 ./Core/Src/FontsSSD1306.o
 .debug_macro   0x0000000000016777      0x223 ./Core/Src/ReceiveUpdate.o
 .debug_macro   0x000000000001699a       0x34 ./Core/Src/ReceiveUpdate.o
 .debug_macro   0x00000000000169ce       0xa0 ./Core/Src/ReceiveUpdate.o
 .debug_macro   0x0000000000016a6e      0x20f ./Core/Src/Rte.o
 .debug_macro   0x0000000000016c7d      0x336 ./Core/Src/SSD1306.o
 .debug_macro   0x0000000000016fb3       0x16 ./Core/Src/SSD1306.o
 .debug_macro   0x0000000000016fc9       0x16 ./Core/Src/SSD1306.o
 .debug_macro   0x0000000000016fdf       0x29 ./Core/Src/SSD1306.o
 .debug_macro   0x0000000000017008       0x1d ./Core/Src/SSD1306.o
 .debug_macro   0x0000000000017025      0x21c ./Core/Src/Transmit.o
 .debug_macro   0x0000000000017241       0x70 ./Core/Src/Transmit.o
 .debug_macro   0x00000000000172b1       0x7c ./Core/Src/Transmit.o
 .debug_macro   0x000000000001732d       0x16 ./Core/Src/Transmit.o
 .debug_macro   0x0000000000017343      0x369 ./Core/Src/UserInterface.o
 .debug_macro   0x00000000000176ac       0x1c ./Core/Src/UserInterface.o
 .debug_macro   0x00000000000176c8       0xb2 ./Core/Src/UserInterface.o
 .debug_macro   0x000000000001777a       0x1c ./Core/Src/UserInterface.o
 .debug_macro   0x0000000000017796       0x10 ./Core/Src/UserInterface.o
 .debug_macro   0x00000000000177a6       0x1c ./Core/Src/UserInterface.o
 .debug_macro   0x00000000000177c2       0x16 ./Core/Src/UserInterface.o
 .debug_macro   0x00000000000177d8      0x147 ./Core/Src/UserInterface.o
 .debug_macro   0x000000000001791f      0x223 ./Core/Src/main.o
 .debug_macro   0x0000000000017b42      0x1fd ./Core/Src/stm32f1xx_hal_msp.o
 .debug_macro   0x0000000000017d3f      0x207 ./Core/Src/stm32f1xx_it.o
 .debug_macro   0x0000000000017f46       0xff ./Core/Src/sysmem.o
 .debug_macro   0x0000000000018045      0x23c ./Core/Src/sysmem.o
 .debug_macro   0x0000000000018281      0x1a2 ./Core/Src/system_stm32f1xx.o
 .debug_macro   0x0000000000018423      0x1c6 ./Drivers/STM32F1xx_HAL_Driver/Src/stm32f1xx_hal.o
 .debug_macro   0x00000000000185e9      0x1aa ./Drivers/STM32F1xx_HAL_Driver/Src/stm32f1xx_hal_can.o
 .debug_macro   0x0000000000018793      0x1a2 ./Drivers/STM32F1xx_HAL_Driver/Src/stm32f1xx_hal_cortex.o
 .debug_macro   0x0000000000018935      0x1a2 ./Drivers/STM32F1xx_HAL_Driver/Src/stm32f1xx_hal_dma.o
 .debug_macro   0x0000000000018ad7      0x1a2 ./Drivers/STM32F1xx_HAL_Driver/Src/stm32f1xx_hal_flash.o
 .debug_macro   0x0000000000018c79      0x1b4 ./Drivers/STM32F1xx_HAL_Driver/Src/stm32f1xx_hal_flash_ex.o
 .debug_macro   0x0000000000018e2d      0x20d ./Drivers/STM32F1xx_HAL_Driver/Src/stm32f1xx_hal_gpio.o
 .debug_macro   0x000000000001903a      0x1f0 ./Drivers/STM32F1xx_HAL_Driver/Src/stm32f1xx_hal_i2c.o
 .debug_macro   0x000000000001922a      0x1b4 ./Drivers/STM32F1xx_HAL_Driver/Src/stm32f1xx_hal_rcc.o
 .debug_macro   0x00000000000193de      0x1a3 ./Drivers/STM32F1xx_HAL_Driver/Src/stm32f1xx_hal_uart.o

.debug_line     0x0000000000000000    0x1460a
 .debug_line    0x0000000000000000      0x8a0 ./Core/Src/Can_Interface.o
 .debug_line    0x00000000000008a0      0x7f4 ./Core/Src/Decrypt.o
 .debug_line    0x0000000000001094      0x871 ./Core/Src/FlashReprogram_Interface.o
 .debug_line    0x0000000000001905      0x86f ./Core/Src/FontsSSD1306.o
 .debug_line    0x0000000000002174      0x965 ./Core/Src/ReceiveUpdate.o
 .debug_line    0x0000000000002ad9      0xac0 ./Core/Src/Rte.o
 .debug_line    0x0000000000003599      0xd7e ./Core/Src/SSD1306.o
 .debug_line    0x0000000000004317      0x9bc ./Core/Src/Transmit.o
 .debug_line    0x0000000000004cd3      0xb63 ./Core/Src/UserInterface.o