../Core/Src/Rte.c:44:16:Rte_WriteNodeId	24	static
../Core/Src/Rte.c:64:16:Rte_ReadNodeId	24	static
../Core/Src/Rte.c:87:16:Rte_WriteCodeSize	24	static
../Core/Src/Rte.c:107:16:Rte_ReadCodeSize	24	static
../Core/Src/Rte.c:130:16:Rte_WriteCrc	24	static
../Core/Src/Rte.c:150:16:Rte_ReadCrc	24	static
../Core/Src/Rte.c:173:16:Rte_WriteHeaderAckFlag	24	static
../Core/Src/Rte.c:193:16:Rte_ReadHeaderAckFlag	24	static
../Core/Src/Rte.c:216:16:Rte_WriteDecryptedDataBuffer	24	static
../Core/Src/Rte.c:236:16:Rte_ReadDecryptedDataBuffer	24	static
../Core/Src/Rte.c:259:16:Rte_WriteDecryptedDataBufferFlag	24	static
../Core/Src/Rte.c:279:16:Rte_ReadDecryptedDataBufferFlag	24	static
../Core/Src/Rte.c:302:16:Rte_WriteSystemState	24	static
../Core/Src/Rte.c:322:16:Rte_ReadSystemState	24	static
../Core/Src/Rte.c:345:16:Rte_WriteUserResponse	24	static
../Core/Src/Rte.c:365:16:Rte_ReadUserResponse	24	static
../Core/Src/Rte.c:388:16:Rte_WriteUpdateProgress	24	static
../Core/Src/Rte.c:408:16:Rte_ReadUpdateProgress	24	static
