../Core/Src/SSD1306.c:49:9:SSD1306_Init	16	static
../Core/Src/SSD1306.c:115:6:SSD1306_UpdateScreen	16	static
../Core/Src/SSD1306.c:128:6:SSD1306_DrawPixel	16	static
../Core/Src/SSD1306.c:150:6:SSD1306_GotoXY	16	static
../Core/Src/SSD1306.c:156:6:SSD1306_Putc	32	static
../Core/Src/SSD1306.c:187:6:SSD1306_Puts	24	static
../Core/Src/SSD1306.c:205:6:SSD1306_DrawLine	40	static
../Core/Src/SSD1306.c:290:6:SSD1306_DrawFilledRectangle	40	static
../Core/Src/SSD1306.c:317:6:SSD1306_Clear	8	static
../Core/Src/SSD1306.c:322:6:SSD1306_ON	8	static
../Core/Src/SSD1306.c:327:6:SSD1306_OFF	8	static
../Core/Src/SSD1306.c:343:6:ssd1306_I2C_WriteMulti	296	static
../Core/Src/SSD1306.c:353:6:ssd1306_I2C_Write	32	static
