../Core/Src/SSD1306.c:49:9:SSD1306_Init	16	static
../Core/Src/SSD1306.c:115:6:SSD1306_UpdateScreen	16	static
../Core/Src/SSD1306.c:128:6:SSD1306_Fill	16	static
../Core/Src/SSD1306.c:133:6:SSD1306_DrawPixel	16	static
../Core/Src/SSD1306.c:155:6:SSD1306_GotoXY	16	static
../Core/Src/SSD1306.c:161:6:SSD1306_Putc	32	static
../Core/Src/SSD1306.c:192:6:SSD1306_Puts	24	static
../Core/Src/SSD1306.c:210:6:SSD1306_DrawLine	40	static
../Core/Src/SSD1306.c:295:6:SSD1306_DrawFilledRectangle	40	static
../Core/Src/SSD1306.c:322:6:SSD1306_Clear	8	static
../Core/Src/SSD1306.c:327:6:SSD1306_ON	8	static
../Core/Src/SSD1306.c:332:6:SSD1306_OFF	8	static
../Core/Src/SSD1306.c:347:6:ssd1306_I2C_Init	16	static
../Core/Src/SSD1306.c:359:6:ssd1306_I2C_WriteMulti	296	static
../Core/Src/SSD1306.c:369:6:ssd1306_I2C_Write	32	static
