../Core/Src/UserInterface.c:27:6:UserInterface_InitializeModule	8	static
../Core/Src/UserInterface.c:39:6:UserInterface_MainFunction	16	static
../Core/Src/UserInterface.c:212:13:Interface_IdleScreen	8	static
../Core/Src/UserInterface.c:223:13:Interface_GetResponseScreen	24	static
../Core/Src/UserInterface.c:278:13:Interface_DownloadingScreen	8	static
../Core/Src/UserInterface.c:292:13:Interface_UpdateDownloadingScreen	24	static
../Core/Src/UserInterface.c:305:13:Interface_DoneScreen	8	static
../Core/Src/UserInterface.c:317:13:Interface_InstallScreen	8	static
../Core/Src/UserInterface.c:329:13:Interface_CleanScrean	8	static
../Core/Src/UserInterface.c:335:13:Interface_ProcessButton	8	static
